Command line invocation:
    /Applications/Xcode.app/Contents/Developer/usr/bin/xcodebuild test -project PrintFarmer.xcodeproj -scheme PrintFarmer -destination "platform=iOS Simulator,name=iPhone 17" CODE_SIGN_IDENTITY=- CODE_SIGNING_REQUIRED=NO CODE_SIGNING_ALLOWED=NO

Build settings from command line:
    CODE_SIGN_IDENTITY = -
    CODE_SIGNING_ALLOWED = NO
    CODE_SIGNING_REQUIRED = NO

2026-03-07 21:40:12.321 xcodebuild[99581:5931307] warning:  The file reference for "MaintenanceViewModelTests.swift" is a member of multiple groups ("ViewModels" and "ViewModels"); this indicates a malformed project.  Only the membership in one of the groups will be preserved (but membership in targets will be unaffected).  If you want a reference to the same file in more than one group, please add another reference to the same path.
2026-03-07 21:40:12.321 xcodebuild[99581:5931307] warning:  The file reference for "AutoPrintViewModelTests.swift" is a member of multiple groups ("ViewModels" and "ViewModels"); this indicates a malformed project.  Only the membership in one of the groups will be preserved (but membership in targets will be unaffected).  If you want a reference to the same file in more than one group, please add another reference to the same path.
2026-03-07 21:40:12.321 xcodebuild[99581:5931307] warning:  The file reference for "JobAnalyticsViewModelTests.swift" is a member of multiple groups ("ViewModels" and "ViewModels"); this indicates a malformed project.  Only the membership in one of the groups will be preserved (but membership in targets will be unaffected).  If you want a reference to the same file in more than one group, please add another reference to the same path.
2026-03-07 21:40:12.321 xcodebuild[99581:5931307] warning:  The file reference for "JobHistoryViewModelTests.swift" is a member of multiple groups ("ViewModels" and "ViewModels"); this indicates a malformed project.  Only the membership in one of the groups will be preserved (but membership in targets will be unaffected).  If you want a reference to the same file in more than one group, please add another reference to the same path.
2026-03-07 21:40:12.321 xcodebuild[99581:5931307] warning:  The file reference for "PredictiveViewModelTests.swift" is a member of multiple groups ("ViewModels" and "ViewModels"); this indicates a malformed project.  Only the membership in one of the groups will be preserved (but membership in targets will be unaffected).  If you want a reference to the same file in more than one group, please add another reference to the same path.
2026-03-07 21:40:12.321 xcodebuild[99581:5931307] warning:  The file reference for "DispatchViewModelTests.swift" is a member of multiple groups ("ViewModels" and "ViewModels"); this indicates a malformed project.  Only the membership in one of the groups will be preserved (but membership in targets will be unaffected).  If you want a reference to the same file in more than one group, please add another reference to the same path.
2026-03-07 21:40:12.321 xcodebuild[99581:5931307] warning:  The file reference for "UptimeViewModelTests.swift" is a member of multiple groups ("ViewModels" and "ViewModels"); this indicates a malformed project.  Only the membership in one of the groups will be preserved (but membership in targets will be unaffected).  If you want a reference to the same file in more than one group, please add another reference to the same path.
Resolve Package Graph


Resolved source packages:
  KeychainSwift: https://github.com/evgenyneu/keychain-swift.git @ 24.0.0

note: Using codesigning identity override: -
ComputePackagePrebuildTargetDependencyGraph

Prepare packages

CreateBuildRequest

SendProjectDescription

CreateBuildOperation

ComputeTargetDependencyGraph
note: Building targets in dependency order
note: Target dependency graph (4 targets)
    Target 'PrintFarmerTests' in project 'PrintFarmer'
        ➜ Explicit dependency on target 'PrintFarmer' in project 'PrintFarmer'
    Target 'PrintFarmer' in project 'PrintFarmer'
        ➜ Explicit dependency on target 'KeychainSwift' in project 'KeychainSwift'
    Target 'KeychainSwift' in project 'KeychainSwift'
        ➜ Explicit dependency on target 'KeychainSwift' in project 'KeychainSwift'
    Target 'KeychainSwift' in project 'KeychainSwift' (no dependencies)

GatherProvisioningInputs

CreateBuildDescription

ExecuteExternalTool /Applications/Xcode.app/Contents/Developer/Toolchains/XcodeDefault.xctoolchain/usr/bin/clang -v -E -dM -isysroot /Applications/Xcode.app/Contents/Developer/Platforms/iPhoneSimulator.platform/Developer/SDKs/iPhoneSimulator26.2.sdk -x c -c /dev/null

ExecuteExternalTool /Applications/Xcode.app/Contents/Developer/Toolchains/XcodeDefault.xctoolchain/usr/bin/swiftc --version

ExecuteExternalTool /Applications/Xcode.app/Contents/Developer/usr/bin/ibtool --version --output-format xml1

ExecuteExternalTool /Applications/Xcode.app/Contents/Developer/usr/bin/actool --print-asset-tag-combinations --output-format xml1 /Users/jpapiez/s/PFarm-Ios/PrintFarmer/Assets.xcassets

ExecuteExternalTool /Applications/Xcode.app/Contents/Developer/usr/bin/actool --version --output-format xml1

ExecuteExternalTool /Applications/Xcode.app/Contents/Developer/Toolchains/XcodeDefault.xctoolchain/usr/bin/ld -version_details

Build description signature: 1892e0b987d33ad38e5736fcfddf7d93
Build description path: /Users/jpapiez/Library/Developer/Xcode/DerivedData/PrintFarmer-byzwiywlonqvgbabpubbocwdkoyx/Build/Intermediates.noindex/XCBuildData/1892e0b987d33ad38e5736fcfddf7d93.xcbuilddata
ClangStatCache /Applications/Xcode.app/Contents/Developer/Toolchains/XcodeDefault.xctoolchain/usr/bin/clang-stat-cache /Applications/Xcode.app/Contents/Developer/Platforms/iPhoneSimulator.platform/Developer/SDKs/iPhoneSimulator26.2.sdk /Users/jpapiez/Library/Developer/Xcode/DerivedData/SDKStatCaches.noindex/iphonesimulator26.2-23C53-7d00a8b37fbd7999ea79df8ebc024bf0.sdkstatcache
    cd /Users/jpapiez/s/PFarm-Ios/PrintFarmer.xcodeproj
    /Applications/Xcode.app/Contents/Developer/Toolchains/XcodeDefault.xctoolchain/usr/bin/clang-stat-cache /Applications/Xcode.app/Contents/Developer/Platforms/iPhoneSimulator.platform/Developer/SDKs/iPhoneSimulator26.2.sdk -o /Users/jpapiez/Library/Developer/Xcode/DerivedData/SDKStatCaches.noindex/iphonesimulator26.2-23C53-7d00a8b37fbd7999ea79df8ebc024bf0.sdkstatcache

MkDir /Users/jpapiez/Library/Developer/Xcode/DerivedData/PrintFarmer-byzwiywlonqvgbabpubbocwdkoyx/Build/Products/Debug-iphonesimulator/PrintFarmer.app/PlugIns (in target 'PrintFarmer' from project 'PrintFarmer')
    cd /Users/jpapiez/s/PFarm-Ios
    /bin/mkdir -p /Users/jpapiez/Library/Developer/Xcode/DerivedData/PrintFarmer-byzwiywlonqvgbabpubbocwdkoyx/Build/Products/Debug-iphonesimulator/PrintFarmer.app/PlugIns

MkDir /Users/jpapiez/Library/Developer/Xcode/DerivedData/PrintFarmer-byzwiywlonqvgbabpubbocwdkoyx/Build/Products/Debug-iphonesimulator/PrintFarmer.app/Frameworks (in target 'PrintFarmer' from project 'PrintFarmer')
    cd /Users/jpapiez/s/PFarm-Ios
    /bin/mkdir -p /Users/jpapiez/Library/Developer/Xcode/DerivedData/PrintFarmer-byzwiywlonqvgbabpubbocwdkoyx/Build/Products/Debug-iphonesimulator/PrintFarmer.app/Frameworks

WriteAuxiliaryFile /Users/jpapiez/Library/Developer/Xcode/DerivedData/PrintFarmer-byzwiywlonqvgbabpubbocwdkoyx/Build/Intermediates.noindex/PrintFarmer.build/Debug-iphonesimulator/PrintFarmerTests.build/empty-PrintFarmerTests.plist (in target 'PrintFarmerTests' from project 'PrintFarmer')
    cd /Users/jpapiez/s/PFarm-Ios
    write-file /Users/jpapiez/Library/Developer/Xcode/DerivedData/PrintFarmer-byzwiywlonqvgbabpubbocwdkoyx/Build/Intermediates.noindex/PrintFarmer.build/Debug-iphonesimulator/PrintFarmerTests.build/empty-PrintFarmerTests.plist

WriteAuxiliaryFile /Users/jpapiez/Library/Developer/Xcode/DerivedData/PrintFarmer-byzwiywlonqvgbabpubbocwdkoyx/Build/Intermediates.noindex/PrintFarmer.build/Debug-iphonesimulator/PrintFarmerTests.build/PrintFarmerTests.hmap (in target 'PrintFarmerTests' from project 'PrintFarmer')
    cd /Users/jpapiez/s/PFarm-Ios
    write-file /Users/jpapiez/Library/Developer/Xcode/DerivedData/PrintFarmer-byzwiywlonqvgbabpubbocwdkoyx/Build/Intermediates.noindex/PrintFarmer.build/Debug-iphonesimulator/PrintFarmerTests.build/PrintFarmerTests.hmap

WriteAuxiliaryFile /Users/jpapiez/Library/Developer/Xcode/DerivedData/PrintFarmer-byzwiywlonqvgbabpubbocwdkoyx/Build/Intermediates.noindex/PrintFarmer.build/Debug-iphonesimulator/PrintFarmerTests.build/PrintFarmerTests-project-headers.hmap (in target 'PrintFarmerTests' from project 'PrintFarmer')
    cd /Users/jpapiez/s/PFarm-Ios
    write-file /Users/jpapiez/Library/Developer/Xcode/DerivedData/PrintFarmer-byzwiywlonqvgbabpubbocwdkoyx/Build/Intermediates.noindex/PrintFarmer.build/Debug-iphonesimulator/PrintFarmerTests.build/PrintFarmerTests-project-headers.hmap

MkDir /Users/jpapiez/Library/Developer/Xcode/DerivedData/PrintFarmer-byzwiywlonqvgbabpubbocwdkoyx/Build/Products/Debug-iphonesimulator/PrintFarmer.app/PlugIns/PrintFarmerTests.xctest (in target 'PrintFarmerTests' from project 'PrintFarmer')
    cd /Users/jpapiez/s/PFarm-Ios
    /bin/mkdir -p /Users/jpapiez/Library/Developer/Xcode/DerivedData/PrintFarmer-byzwiywlonqvgbabpubbocwdkoyx/Build/Products/Debug-iphonesimulator/PrintFarmer.app/PlugIns/PrintFarmerTests.xctest

WriteAuxiliaryFile /Users/jpapiez/Library/Developer/Xcode/DerivedData/PrintFarmer-byzwiywlonqvgbabpubbocwdkoyx/Build/Intermediates.noindex/PrintFarmer.build/Debug-iphonesimulator/PrintFarmerTests.build/PrintFarmerTests-generated-files.hmap (in target 'PrintFarmerTests' from project 'PrintFarmer')
    cd /Users/jpapiez/s/PFarm-Ios
    write-file /Users/jpapiez/Library/Developer/Xcode/DerivedData/PrintFarmer-byzwiywlonqvgbabpubbocwdkoyx/Build/Intermediates.noindex/PrintFarmer.build/Debug-iphonesimulator/PrintFarmerTests.build/PrintFarmerTests-generated-files.hmap

WriteAuxiliaryFile /Users/jpapiez/Library/Developer/Xcode/DerivedData/PrintFarmer-byzwiywlonqvgbabpubbocwdkoyx/Build/Intermediates.noindex/PrintFarmer.build/Debug-iphonesimulator/PrintFarmerTests.build/PrintFarmerTests.DependencyStaticMetadataFileList (in target 'PrintFarmerTests' from project 'PrintFarmer')
    cd /Users/jpapiez/s/PFarm-Ios
    write-file /Users/jpapiez/Library/Developer/Xcode/DerivedData/PrintFarmer-byzwiywlonqvgbabpubbocwdkoyx/Build/Intermediates.noindex/PrintFarmer.build/Debug-iphonesimulator/PrintFarmerTests.build/PrintFarmerTests.DependencyStaticMetadataFileList

WriteAuxiliaryFile /Users/jpapiez/Library/Developer/Xcode/DerivedData/PrintFarmer-byzwiywlonqvgbabpubbocwdkoyx/Build/Intermediates.noindex/PrintFarmer.build/Debug-iphonesimulator/PrintFarmerTests.build/PrintFarmerTests-all-target-headers.hmap (in target 'PrintFarmerTests' from project 'PrintFarmer')
    cd /Users/jpapiez/s/PFarm-Ios
    write-file /Users/jpapiez/Library/Developer/Xcode/DerivedData/PrintFarmer-byzwiywlonqvgbabpubbocwdkoyx/Build/Intermediates.noindex/PrintFarmer.build/Debug-iphonesimulator/PrintFarmerTests.build/PrintFarmerTests-all-target-headers.hmap

WriteAuxiliaryFile /Users/jpapiez/Library/Developer/Xcode/DerivedData/PrintFarmer-byzwiywlonqvgbabpubbocwdkoyx/Build/Intermediates.noindex/PrintFarmer.build/Debug-iphonesimulator/PrintFarmerTests.build/PrintFarmerTests.DependencyMetadataFileList (in target 'PrintFarmerTests' from project 'PrintFarmer')
    cd /Users/jpapiez/s/PFarm-Ios
    write-file /Users/jpapiez/Library/Developer/Xcode/DerivedData/PrintFarmer-byzwiywlonqvgbabpubbocwdkoyx/Build/Intermediates.noindex/PrintFarmer.build/Debug-iphonesimulator/PrintFarmerTests.build/PrintFarmerTests.DependencyMetadataFileList

WriteAuxiliaryFile /Users/jpapiez/Library/Developer/Xcode/DerivedData/PrintFarmer-byzwiywlonqvgbabpubbocwdkoyx/Build/Intermediates.noindex/PrintFarmer.build/Debug-iphonesimulator/PrintFarmerTests.build/PrintFarmerTests-all-non-framework-target-headers.hmap (in target 'PrintFarmerTests' from project 'PrintFarmer')
    cd /Users/jpapiez/s/PFarm-Ios
    write-file /Users/jpapiez/Library/Developer/Xcode/DerivedData/PrintFarmer-byzwiywlonqvgbabpubbocwdkoyx/Build/Intermediates.noindex/PrintFarmer.build/Debug-iphonesimulator/PrintFarmerTests.build/PrintFarmerTests-all-non-framework-target-headers.hmap

WriteAuxiliaryFile /Users/jpapiez/Library/Developer/Xcode/DerivedData/PrintFarmer-byzwiywlonqvgbabpubbocwdkoyx/Build/Intermediates.noindex/PrintFarmer.build/Debug-iphonesimulator/PrintFarmerTests.build/PrintFarmerTests-own-target-headers.hmap (in target 'PrintFarmerTests' from project 'PrintFarmer')
    cd /Users/jpapiez/s/PFarm-Ios
    write-file /Users/jpapiez/Library/Developer/Xcode/DerivedData/PrintFarmer-byzwiywlonqvgbabpubbocwdkoyx/Build/Intermediates.noindex/PrintFarmer.build/Debug-iphonesimulator/PrintFarmerTests.build/PrintFarmerTests-own-target-headers.hmap

WriteAuxiliaryFile /Users/jpapiez/Library/Developer/Xcode/DerivedData/PrintFarmer-byzwiywlonqvgbabpubbocwdkoyx/Build/Intermediates.noindex/PrintFarmer.build/Debug-iphonesimulator/PrintFarmerTests.build/Objects-normal/arm64/PrintFarmerTests.SwiftConstValuesFileList (in target 'PrintFarmerTests' from project 'PrintFarmer')
    cd /Users/jpapiez/s/PFarm-Ios
    write-file /Users/jpapiez/Library/Developer/Xcode/DerivedData/PrintFarmer-byzwiywlonqvgbabpubbocwdkoyx/Build/Intermediates.noindex/PrintFarmer.build/Debug-iphonesimulator/PrintFarmerTests.build/Objects-normal/arm64/PrintFarmerTests.SwiftConstValuesFileList

WriteAuxiliaryFile /Users/jpapiez/Library/Developer/Xcode/DerivedData/PrintFarmer-byzwiywlonqvgbabpubbocwdkoyx/Build/Intermediates.noindex/PrintFarmer.build/Debug-iphonesimulator/PrintFarmerTests.build/Objects-normal/arm64/PrintFarmerTests_const_extract_protocols.json (in target 'PrintFarmerTests' from project 'PrintFarmer')
    cd /Users/jpapiez/s/PFarm-Ios
    write-file /Users/jpapiez/Library/Developer/Xcode/DerivedData/PrintFarmer-byzwiywlonqvgbabpubbocwdkoyx/Build/Intermediates.noindex/PrintFarmer.build/Debug-iphonesimulator/PrintFarmerTests.build/Objects-normal/arm64/PrintFarmerTests_const_extract_protocols.json

WriteAuxiliaryFile /Users/jpapiez/Library/Developer/Xcode/DerivedData/PrintFarmer-byzwiywlonqvgbabpubbocwdkoyx/Build/Intermediates.noindex/PrintFarmer.build/Debug-iphonesimulator/PrintFarmerTests.build/Objects-normal/arm64/PrintFarmerTests.LinkFileList (in target 'PrintFarmerTests' from project 'PrintFarmer')
    cd /Users/jpapiez/s/PFarm-Ios
    write-file /Users/jpapiez/Library/Developer/Xcode/DerivedData/PrintFarmer-byzwiywlonqvgbabpubbocwdkoyx/Build/Intermediates.noindex/PrintFarmer.build/Debug-iphonesimulator/PrintFarmerTests.build/Objects-normal/arm64/PrintFarmerTests.LinkFileList

WriteAuxiliaryFile /Users/jpapiez/Library/Developer/Xcode/DerivedData/PrintFarmer-byzwiywlonqvgbabpubbocwdkoyx/Build/Intermediates.noindex/PrintFarmer.build/Debug-iphonesimulator/PrintFarmerTests.build/Objects-normal/arm64/PrintFarmerTests.SwiftFileList (in target 'PrintFarmerTests' from project 'PrintFarmer')
    cd /Users/jpapiez/s/PFarm-Ios
    write-file /Users/jpapiez/Library/Developer/Xcode/DerivedData/PrintFarmer-byzwiywlonqvgbabpubbocwdkoyx/Build/Intermediates.noindex/PrintFarmer.build/Debug-iphonesimulator/PrintFarmerTests.build/Objects-normal/arm64/PrintFarmerTests.SwiftFileList

WriteAuxiliaryFile /Users/jpapiez/Library/Developer/Xcode/DerivedData/PrintFarmer-byzwiywlonqvgbabpubbocwdkoyx/Build/Intermediates.noindex/PrintFarmer.build/Debug-iphonesimulator/PrintFarmerTests.build/Objects-normal/arm64/PrintFarmerTests-OutputFileMap.json (in target 'PrintFarmerTests' from project 'PrintFarmer')
    cd /Users/jpapiez/s/PFarm-Ios
    write-file /Users/jpapiez/Library/Developer/Xcode/DerivedData/PrintFarmer-byzwiywlonqvgbabpubbocwdkoyx/Build/Intermediates.noindex/PrintFarmer.build/Debug-iphonesimulator/PrintFarmerTests.build/Objects-normal/arm64/PrintFarmerTests-OutputFileMap.json

Copy /Users/jpapiez/Library/Developer/Xcode/DerivedData/PrintFarmer-byzwiywlonqvgbabpubbocwdkoyx/Build/Products/Debug-iphonesimulator/PrintFarmer.app/Frameworks/libXCTestSwiftSupport.dylib /Applications/Xcode.app/Contents/Developer/Platforms/iPhoneSimulator.platform/Developer/usr/lib/libXCTestSwiftSupport.dylib (in target 'PrintFarmer' from project 'PrintFarmer')
    cd /Users/jpapiez/s/PFarm-Ios
    builtin-copy -exclude .DS_Store -exclude CVS -exclude .svn -exclude .git -exclude .hg -exclude Headers -exclude PrivateHeaders -exclude Modules -exclude \*.tbd -resolve-src-symlinks /Applications/Xcode.app/Contents/Developer/Platforms/iPhoneSimulator.platform/Developer/usr/lib/libXCTestSwiftSupport.dylib /Users/jpapiez/Library/Developer/Xcode/DerivedData/PrintFarmer-byzwiywlonqvgbabpubbocwdkoyx/Build/Products/Debug-iphonesimulator/PrintFarmer.app/Frameworks

Copy /Users/jpapiez/Library/Developer/Xcode/DerivedData/PrintFarmer-byzwiywlonqvgbabpubbocwdkoyx/Build/Products/Debug-iphonesimulator/PrintFarmer.app/Frameworks/XCUnit.framework /Applications/Xcode.app/Contents/Developer/Platforms/iPhoneSimulator.platform/Developer/Library/PrivateFrameworks/XCUnit.framework (in target 'PrintFarmer' from project 'PrintFarmer')
    cd /Users/jpapiez/s/PFarm-Ios
    builtin-copy -exclude .DS_Store -exclude CVS -exclude .svn -exclude .git -exclude .hg -exclude Headers -exclude PrivateHeaders -exclude Modules -exclude \*.tbd -resolve-src-symlinks /Applications/Xcode.app/Contents/Developer/Platforms/iPhoneSimulator.platform/Developer/Library/PrivateFrameworks/XCUnit.framework /Users/jpapiez/Library/Developer/Xcode/DerivedData/PrintFarmer-byzwiywlonqvgbabpubbocwdkoyx/Build/Products/Debug-iphonesimulator/PrintFarmer.app/Frameworks

Copy /Users/jpapiez/Library/Developer/Xcode/DerivedData/PrintFarmer-byzwiywlonqvgbabpubbocwdkoyx/Build/Products/Debug-iphonesimulator/PrintFarmer.app/Frameworks/libXCTestBundleInject.dylib /Applications/Xcode.app/Contents/Developer/Platforms/iPhoneSimulator.platform/Developer/usr/lib/libXCTestBundleInject.dylib (in target 'PrintFarmer' from project 'PrintFarmer')
    cd /Users/jpapiez/s/PFarm-Ios
    builtin-copy -exclude .DS_Store -exclude CVS -exclude .svn -exclude .git -exclude .hg -exclude Headers -exclude PrivateHeaders -exclude Modules -exclude \*.tbd -resolve-src-symlinks /Applications/Xcode.app/Contents/Developer/Platforms/iPhoneSimulator.platform/Developer/usr/lib/libXCTestBundleInject.dylib /Users/jpapiez/Library/Developer/Xcode/DerivedData/PrintFarmer-byzwiywlonqvgbabpubbocwdkoyx/Build/Products/Debug-iphonesimulator/PrintFarmer.app/Frameworks

Copy /Users/jpapiez/Library/Developer/Xcode/DerivedData/PrintFarmer-byzwiywlonqvgbabpubbocwdkoyx/Build/Products/Debug-iphonesimulator/PrintFarmer.app/Frameworks/XCTestSupport.framework /Applications/Xcode.app/Contents/Developer/Platforms/iPhoneSimulator.platform/Developer/Library/PrivateFrameworks/XCTestSupport.framework (in target 'PrintFarmer' from project 'PrintFarmer')
    cd /Users/jpapiez/s/PFarm-Ios
    builtin-copy -exclude .DS_Store -exclude CVS -exclude .svn -exclude .git -exclude .hg -exclude Headers -exclude PrivateHeaders -exclude Modules -exclude \*.tbd -resolve-src-symlinks /Applications/Xcode.app/Contents/Developer/Platforms/iPhoneSimulator.platform/Developer/Library/PrivateFrameworks/XCTestSupport.framework /Users/jpapiez/Library/Developer/Xcode/DerivedData/PrintFarmer-byzwiywlonqvgbabpubbocwdkoyx/Build/Products/Debug-iphonesimulator/PrintFarmer.app/Frameworks

Copy /Users/jpapiez/Library/Developer/Xcode/DerivedData/PrintFarmer-byzwiywlonqvgbabpubbocwdkoyx/Build/Products/Debug-iphonesimulator/PrintFarmer.app/Frameworks/XCUIAutomation.framework /Applications/Xcode.app/Contents/Developer/Platforms/iPhoneSimulator.platform/Developer/Library/Frameworks/XCUIAutomation.framework (in target 'PrintFarmer' from project 'PrintFarmer')
    cd /Users/jpapiez/s/PFarm-Ios
    builtin-copy -exclude .DS_Store -exclude CVS -exclude .svn -exclude .git -exclude .hg -exclude Headers -exclude PrivateHeaders -exclude Modules -exclude \*.tbd -resolve-src-symlinks /Applications/Xcode.app/Contents/Developer/Platforms/iPhoneSimulator.platform/Developer/Library/Frameworks/XCUIAutomation.framework /Users/jpapiez/Library/Developer/Xcode/DerivedData/PrintFarmer-byzwiywlonqvgbabpubbocwdkoyx/Build/Products/Debug-iphonesimulator/PrintFarmer.app/Frameworks

Copy /Users/jpapiez/Library/Developer/Xcode/DerivedData/PrintFarmer-byzwiywlonqvgbabpubbocwdkoyx/Build/Products/Debug-iphonesimulator/PrintFarmer.app/Frameworks/XCTest.framework /Applications/Xcode.app/Contents/Developer/Platforms/iPhoneSimulator.platform/Developer/Library/Frameworks/XCTest.framework (in target 'PrintFarmer' from project 'PrintFarmer')
    cd /Users/jpapiez/s/PFarm-Ios
    builtin-copy -exclude .DS_Store -exclude CVS -exclude .svn -exclude .git -exclude .hg -exclude Headers -exclude PrivateHeaders -exclude Modules -exclude \*.tbd -resolve-src-symlinks /Applications/Xcode.app/Contents/Developer/Platforms/iPhoneSimulator.platform/Developer/Library/Frameworks/XCTest.framework /Users/jpapiez/Library/Developer/Xcode/DerivedData/PrintFarmer-byzwiywlonqvgbabpubbocwdkoyx/Build/Products/Debug-iphonesimulator/PrintFarmer.app/Frameworks

Copy /Users/jpapiez/Library/Developer/Xcode/DerivedData/PrintFarmer-byzwiywlonqvgbabpubbocwdkoyx/Build/Products/Debug-iphonesimulator/PrintFarmer.app/Frameworks/XCTestCore.framework /Applications/Xcode.app/Contents/Developer/Platforms/iPhoneSimulator.platform/Developer/Library/PrivateFrameworks/XCTestCore.framework (in target 'PrintFarmer' from project 'PrintFarmer')
    cd /Users/jpapiez/s/PFarm-Ios
    builtin-copy -exclude .DS_Store -exclude CVS -exclude .svn -exclude .git -exclude .hg -exclude Headers -exclude PrivateHeaders -exclude Modules -exclude \*.tbd -resolve-src-symlinks /Applications/Xcode.app/Contents/Developer/Platforms/iPhoneSimulator.platform/Developer/Library/PrivateFrameworks/XCTestCore.framework /Users/jpapiez/Library/Developer/Xcode/DerivedData/PrintFarmer-byzwiywlonqvgbabpubbocwdkoyx/Build/Products/Debug-iphonesimulator/PrintFarmer.app/Frameworks

Copy /Users/jpapiez/Library/Developer/Xcode/DerivedData/PrintFarmer-byzwiywlonqvgbabpubbocwdkoyx/Build/Products/Debug-iphonesimulator/PrintFarmer.app/Frameworks/Testing.framework /Applications/Xcode.app/Contents/Developer/Platforms/iPhoneSimulator.platform/Developer/Library/Frameworks/Testing.framework (in target 'PrintFarmer' from project 'PrintFarmer')
    cd /Users/jpapiez/s/PFarm-Ios
    builtin-copy -exclude .DS_Store -exclude CVS -exclude .svn -exclude .git -exclude .hg -exclude Headers -exclude PrivateHeaders -exclude Modules -exclude \*.tbd -resolve-src-symlinks /Applications/Xcode.app/Contents/Developer/Platforms/iPhoneSimulator.platform/Developer/Library/Frameworks/Testing.framework /Users/jpapiez/Library/Developer/Xcode/DerivedData/PrintFarmer-byzwiywlonqvgbabpubbocwdkoyx/Build/Products/Debug-iphonesimulator/PrintFarmer.app/Frameworks

Copy /Users/jpapiez/Library/Developer/Xcode/DerivedData/PrintFarmer-byzwiywlonqvgbabpubbocwdkoyx/Build/Products/Debug-iphonesimulator/PrintFarmer.app/Frameworks/XCTAutomationSupport.framework /Applications/Xcode.app/Contents/Developer/Platforms/iPhoneSimulator.platform/Developer/Library/PrivateFrameworks/XCTAutomationSupport.framework (in target 'PrintFarmer' from project 'PrintFarmer')
    cd /Users/jpapiez/s/PFarm-Ios
    builtin-copy -exclude .DS_Store -exclude CVS -exclude .svn -exclude .git -exclude .hg -exclude Headers -exclude PrivateHeaders -exclude Modules -exclude \*.tbd -resolve-src-symlinks /Applications/Xcode.app/Contents/Developer/Platforms/iPhoneSimulator.platform/Developer/Library/PrivateFrameworks/XCTAutomationSupport.framework /Users/jpapiez/Library/Developer/Xcode/DerivedData/PrintFarmer-byzwiywlonqvgbabpubbocwdkoyx/Build/Products/Debug-iphonesimulator/PrintFarmer.app/Frameworks

ProcessInfoPlistFile /Users/jpapiez/Library/Developer/Xcode/DerivedData/PrintFarmer-byzwiywlonqvgbabpubbocwdkoyx/Build/Products/Debug-iphonesimulator/PrintFarmer.app/Info.plist /Users/jpapiez/s/PFarm-Ios/PrintFarmer/Info.plist (in target 'PrintFarmer' from project 'PrintFarmer')
    cd /Users/jpapiez/s/PFarm-Ios
    builtin-infoPlistUtility /Users/jpapiez/s/PFarm-Ios/PrintFarmer/Info.plist -producttype com.apple.product-type.application -genpkginfo /Users/jpapiez/Library/Developer/Xcode/DerivedData/PrintFarmer-byzwiywlonqvgbabpubbocwdkoyx/Build/Products/Debug-iphonesimulator/PrintFarmer.app/PkgInfo -expandbuildsettings -format binary -platform iphonesimulator -additionalcontentfile /Users/jpapiez/Library/Developer/Xcode/DerivedData/PrintFarmer-byzwiywlonqvgbabpubbocwdkoyx/Build/Intermediates.noindex/PrintFarmer.build/Debug-iphonesimulator/PrintFarmer.build/LaunchScreen-SBPartialInfo.plist -additionalcontentfile /Users/jpapiez/Library/Developer/Xcode/DerivedData/PrintFarmer-byzwiywlonqvgbabpubbocwdkoyx/Build/Intermediates.noindex/PrintFarmer.build/Debug-iphonesimulator/PrintFarmer.build/assetcatalog_generated_info.plist -o /Users/jpapiez/Library/Developer/Xcode/DerivedData/PrintFarmer-byzwiywlonqvgbabpubbocwdkoyx/Build/Products/Debug-iphonesimulator/PrintFarmer.app/Info.plist

SwiftDriver PrintFarmerTests normal arm64 com.apple.xcode.tools.swift.compiler (in target 'PrintFarmerTests' from project 'PrintFarmer')
    cd /Users/jpapiez/s/PFarm-Ios
    builtin-SwiftDriver -- /Applications/Xcode.app/Contents/Developer/Toolchains/XcodeDefault.xctoolchain/usr/bin/swiftc -module-name PrintFarmerTests -Onone -enforce-exclusivity\=checked @/Users/jpapiez/Library/Developer/Xcode/DerivedData/PrintFarmer-byzwiywlonqvgbabpubbocwdkoyx/Build/Intermediates.noindex/PrintFarmer.build/Debug-iphonesimulator/PrintFarmerTests.build/Objects-normal/arm64/PrintFarmerTests.SwiftFileList -DDEBUG -plugin-path /Applications/Xcode.app/Contents/Developer/Toolchains/XcodeDefault.xctoolchain/usr/lib/swift/host/plugins/testing -enable-experimental-feature DebugDescriptionMacro -sdk /Applications/Xcode.app/Contents/Developer/Platforms/iPhoneSimulator.platform/Developer/SDKs/iPhoneSimulator26.2.sdk -target arm64-apple-ios17.0-simulator -g -module-cache-path /Users/jpapiez/Library/Developer/Xcode/DerivedData/ModuleCache.noindex -Xfrontend -serialize-debugging-options -profile-coverage-mapping -profile-generate -enable-testing -index-store-path /Users/jpapiez/Library/Developer/Xcode/DerivedData/PrintFarmer-byzwiywlonqvgbabpubbocwdkoyx/Index.noindex/DataStore -Xcc -D_LIBCPP_HARDENING_MODE\=_LIBCPP_HARDENING_MODE_DEBUG -swift-version 6 -I /Users/jpapiez/Library/Developer/Xcode/DerivedData/PrintFarmer-byzwiywlonqvgbabpubbocwdkoyx/Build/Products/Debug-iphonesimulator -Isystem /Applications/Xcode.app/Contents/Developer/Platforms/iPhoneSimulator.platform/Developer/usr/lib -F /Users/jpapiez/Library/Developer/Xcode/DerivedData/PrintFarmer-byzwiywlonqvgbabpubbocwdkoyx/Build/Products/Debug-iphonesimulator/PackageFrameworks -F /Users/jpapiez/Library/Developer/Xcode/DerivedData/PrintFarmer-byzwiywlonqvgbabpubbocwdkoyx/Build/Products/Debug-iphonesimulator -F /Applications/Xcode.app/Contents/Developer/Platforms/iPhoneSimulator.platform/Developer/Library/Frameworks -F /Applications/Xcode.app/Contents/Developer/Platforms/iPhoneSimulator.platform/Developer/SDKs/iPhoneSimulator26.2.sdk/Developer/Library/Frameworks -c -j16 -enable-batch-mode -incremental -Xcc -ivfsstatcache -Xcc /Users/jpapiez/Library/Developer/Xcode/DerivedData/SDKStatCaches.noindex/iphonesimulator26.2-23C53-7d00a8b37fbd7999ea79df8ebc024bf0.sdkstatcache -output-file-map /Users/jpapiez/Library/Developer/Xcode/DerivedData/PrintFarmer-byzwiywlonqvgbabpubbocwdkoyx/Build/Intermediates.noindex/PrintFarmer.build/Debug-iphonesimulator/PrintFarmerTests.build/Objects-normal/arm64/PrintFarmerTests-OutputFileMap.json -use-frontend-parseable-output -save-temps -no-color-diagnostics -explicit-module-build -module-cache-path /Users/jpapiez/Library/Developer/Xcode/DerivedData/PrintFarmer-byzwiywlonqvgbabpubbocwdkoyx/Build/Intermediates.noindex/SwiftExplicitPrecompiledModules -clang-scanner-module-cache-path /Users/jpapiez/Library/Developer/Xcode/DerivedData/ModuleCache.noindex -sdk-module-cache-path /Users/jpapiez/Library/Developer/Xcode/DerivedData/ModuleCache.noindex -serialize-diagnostics -emit-dependencies -emit-module -emit-module-path /Users/jpapiez/Library/Developer/Xcode/DerivedData/PrintFarmer-byzwiywlonqvgbabpubbocwdkoyx/Build/Intermediates.noindex/PrintFarmer.build/Debug-iphonesimulator/PrintFarmerTests.build/Objects-normal/arm64/PrintFarmerTests.swiftmodule -validate-clang-modules-once -clang-build-session-file /Users/jpapiez/Library/Developer/Xcode/DerivedData/ModuleCache.noindex/Session.modulevalidation -Xcc -I/Users/jpapiez/Library/Developer/Xcode/DerivedData/PrintFarmer-byzwiywlonqvgbabpubbocwdkoyx/Build/Intermediates.noindex/PrintFarmer.build/Debug-iphonesimulator/PrintFarmerTests.build/swift-overrides.hmap -emit-const-values -Xfrontend -const-gather-protocols-file -Xfrontend /Users/jpapiez/Library/Developer/Xcode/DerivedData/PrintFarmer-byzwiywlonqvgbabpubbocwdkoyx/Build/Intermediates.noindex/PrintFarmer.build/Debug-iphonesimulator/PrintFarmerTests.build/Objects-normal/arm64/PrintFarmerTests_const_extract_protocols.json -Xcc -iquote -Xcc /Users/jpapiez/Library/Developer/Xcode/DerivedData/PrintFarmer-byzwiywlonqvgbabpubbocwdkoyx/Build/Intermediates.noindex/PrintFarmer.build/Debug-iphonesimulator/PrintFarmerTests.build/PrintFarmerTests-generated-files.hmap -Xcc -I/Users/jpapiez/Library/Developer/Xcode/DerivedData/PrintFarmer-byzwiywlonqvgbabpubbocwdkoyx/Build/Intermediates.noindex/PrintFarmer.build/Debug-iphonesimulator/PrintFarmerTests.build/PrintFarmerTests-own-target-headers.hmap -Xcc -I/Users/jpapiez/Library/Developer/Xcode/DerivedData/PrintFarmer-byzwiywlonqvgbabpubbocwdkoyx/Build/Intermediates.noindex/PrintFarmer.build/Debug-iphonesimulator/PrintFarmerTests.build/PrintFarmerTests-all-non-framework-target-headers.hmap -Xcc -ivfsoverlay -Xcc /Users/jpapiez/Library/Developer/Xcode/DerivedData/PrintFarmer-byzwiywlonqvgbabpubbocwdkoyx/Build/Intermediates.noindex/PrintFarmer.build/Debug-iphonesimulator/PrintFarmer-b2cc81fe91e9a52faac3958ec00b5b54-VFS-iphonesimulator/all-product-headers.yaml -Xcc -iquote -Xcc /Users/jpapiez/Library/Developer/Xcode/DerivedData/PrintFarmer-byzwiywlonqvgbabpubbocwdkoyx/Build/Intermediates.noindex/PrintFarmer.build/Debug-iphonesimulator/PrintFarmerTests.build/PrintFarmerTests-project-headers.hmap -Xcc -I/Users/jpapiez/Library/Developer/Xcode/DerivedData/PrintFarmer-byzwiywlonqvgbabpubbocwdkoyx/Build/Products/Debug-iphonesimulator/include -Xcc -I/Users/jpapiez/Library/Developer/Xcode/DerivedData/PrintFarmer-byzwiywlonqvgbabpubbocwdkoyx/Build/Intermediates.noindex/PrintFarmer.build/Debug-iphonesimulator/PrintFarmerTests.build/DerivedSources-normal/arm64 -Xcc -I/Users/jpapiez/Library/Developer/Xcode/DerivedData/PrintFarmer-byzwiywlonqvgbabpubbocwdkoyx/Build/Intermediates.noindex/PrintFarmer.build/Debug-iphonesimulator/PrintFarmerTests.build/DerivedSources/arm64 -Xcc -I/Users/jpapiez/Library/Developer/Xcode/DerivedData/PrintFarmer-byzwiywlonqvgbabpubbocwdkoyx/Build/Intermediates.noindex/PrintFarmer.build/Debug-iphonesimulator/PrintFarmerTests.build/DerivedSources -Xcc -DDEBUG\=1 -emit-objc-header -emit-objc-header-path /Users/jpapiez/Library/Developer/Xcode/DerivedData/PrintFarmer-byzwiywlonqvgbabpubbocwdkoyx/Build/Intermediates.noindex/PrintFarmer.build/Debug-iphonesimulator/PrintFarmerTests.build/Objects-normal/arm64/PrintFarmerTests-Swift.h -working-directory /Users/jpapiez/s/PFarm-Ios -experimental-emit-module-separately -disable-cmo

ProcessInfoPlistFile /Users/jpapiez/Library/Developer/Xcode/DerivedData/PrintFarmer-byzwiywlonqvgbabpubbocwdkoyx/Build/Products/Debug-iphonesimulator/PrintFarmer.app/PlugIns/PrintFarmerTests.xctest/Info.plist /Users/jpapiez/Library/Developer/Xcode/DerivedData/PrintFarmer-byzwiywlonqvgbabpubbocwdkoyx/Build/Intermediates.noindex/PrintFarmer.build/Debug-iphonesimulator/PrintFarmerTests.build/empty-PrintFarmerTests.plist (in target 'PrintFarmerTests' from project 'PrintFarmer')
    cd /Users/jpapiez/s/PFarm-Ios
    builtin-infoPlistUtility /Users/jpapiez/Library/Developer/Xcode/DerivedData/PrintFarmer-byzwiywlonqvgbabpubbocwdkoyx/Build/Intermediates.noindex/PrintFarmer.build/Debug-iphonesimulator/PrintFarmerTests.build/empty-PrintFarmerTests.plist -producttype com.apple.product-type.bundle.unit-test -expandbuildsettings -format binary -platform iphonesimulator -o /Users/jpapiez/Library/Developer/Xcode/DerivedData/PrintFarmer-byzwiywlonqvgbabpubbocwdkoyx/Build/Products/Debug-iphonesimulator/PrintFarmer.app/PlugIns/PrintFarmerTests.xctest/Info.plist

SwiftExplicitDependencyGeneratePcm arm64 /Users/jpapiez/Library/Developer/Xcode/DerivedData/PrintFarmer-byzwiywlonqvgbabpubbocwdkoyx/Build/Intermediates.noindex/SwiftExplicitPrecompiledModules/XCUIAutomation-4JLBNB6EU4AALCG4ZVV2NL1V6.pcm

SwiftExplicitDependencyGeneratePcm arm64 /Users/jpapiez/Library/Developer/Xcode/DerivedData/PrintFarmer-byzwiywlonqvgbabpubbocwdkoyx/Build/Intermediates.noindex/SwiftExplicitPrecompiledModules/XCTest-1G8TBQIFSDVNWLYZ3HVP0POUG.pcm

SwiftExplicitDependencyCompileModuleFromInterface arm64 /Users/jpapiez/Library/Developer/Xcode/DerivedData/PrintFarmer-byzwiywlonqvgbabpubbocwdkoyx/Build/Intermediates.noindex/SwiftExplicitPrecompiledModules/XCUIAutomation-2CSKHRL53P6VC.swiftmodule

SwiftExplicitDependencyCompileModuleFromInterface arm64 /Users/jpapiez/Library/Developer/Xcode/DerivedData/PrintFarmer-byzwiywlonqvgbabpubbocwdkoyx/Build/Intermediates.noindex/SwiftExplicitPrecompiledModules/XCTest-3754F72G4WCXT.swiftmodule

SwiftEmitModule normal arm64 Emitting\ module\ for\ PrintFarmerTests (in target 'PrintFarmerTests' from project 'PrintFarmer')

EmitSwiftModule normal arm64 (in target 'PrintFarmerTests' from project 'PrintFarmer')
    cd /Users/jpapiez/s/PFarm-Ios
    
/Users/jpapiez/s/PFarm-Ios/PrintFarmerTests/Mocks/MockMaintenanceService.swift:4:13: error: type 'MockMaintenanceService' does not conform to protocol 'MaintenanceServiceProtocol'
final class MockMaintenanceService: MaintenanceServiceProtocol, @unchecked Sendable {
            ^
/Users/jpapiez/s/PFarm-Ios/PrintFarmerTests/Mocks/MockMaintenanceService.swift:41:10: note: candidate has non-matching type '(Int, AcknowledgeAlertRequest) async throws -> MaintenanceAlert'
    func acknowledgeAlert(id: Int, request: AcknowledgeAlertRequest) async throws -> MaintenanceAlert {
         ^
/Users/jpapiez/s/PFarm-Ios/PrintFarmerTests/Mocks/MockMaintenanceService.swift:47:10: note: candidate has non-matching type '(Int, ResolveAlertRequest) async throws -> ResolveAlertResponse'
    func resolveAlert(id: Int, request: ResolveAlertRequest) async throws -> ResolveAlertResponse {
         ^
/Users/jpapiez/s/PFarm-Ios/PrintFarmerTests/Mocks/MockMaintenanceService.swift:56:10: note: candidate has non-matching type '(Int, DismissAlertRequest) async throws -> MaintenanceAlert'
    func dismissAlert(id: Int, request: DismissAlertRequest) async throws -> MaintenanceAlert {
         ^
/Users/jpapiez/s/PFarm-Ios/PrintFarmerTests/Mocks/MockMaintenanceService.swift:62:10: note: candidate has non-matching type '(Int, Bool, UUID?) async throws -> [UpcomingMaintenanceTask]'
    func getUpcoming(lookaheadDays: Int, includeOverdue: Bool, printerId: UUID?) async throws -> [UpcomingMaintenanceTask] {
         ^
/Users/jpapiez/s/PFarm-Ios/PrintFarmerTests/Mocks/MockMaintenanceService.swift:80:10: note: candidate has non-matching type '(Int) async throws -> [MaintenanceCost]'
    func getCost(months: Int) async throws -> [MaintenanceCost] {
         ^
/Users/jpapiez/s/PFarm-Ios/PrintFarmerTests/Mocks/MockMaintenanceService.swift:4:13: note: add stubs for conformance
final class MockMaintenanceService: MaintenanceServiceProtocol, @unchecked Sendable {
            ^
PrintFarmer.MaintenanceServiceProtocol.acknowledgeAlert:2:6: note: protocol requires function 'acknowledgeAlert(id:request:)' with type '(UUID, AcknowledgeAlertRequest) async throws -> MaintenanceAlert'
func acknowledgeAlert(id: UUID, request: PrintFarmer.AcknowledgeAlertRequest) async throws -> PrintFarmer.MaintenanceAlert}
     ^
PrintFarmer.MaintenanceServiceProtocol.resolveAlert:2:6: note: protocol requires function 'resolveAlert(id:request:)' with type '(UUID, ResolveAlertRequest) async throws -> ResolveAlertResponse'
func resolveAlert(id: UUID, request: PrintFarmer.ResolveAlertRequest) async throws -> PrintFarmer.ResolveAlertResponse}
     ^
PrintFarmer.MaintenanceServiceProtocol.dismissAlert:2:6: note: protocol requires function 'dismissAlert(id:request:)' with type '(UUID, DismissAlertRequest) async throws -> MaintenanceAlert'
func dismissAlert(id: UUID, request: PrintFarmer.DismissAlertRequest) async throws -> PrintFarmer.MaintenanceAlert}
     ^
PrintFarmer.MaintenanceServiceProtocol.getUpcoming:2:6: note: protocol requires function 'getUpcoming(lookaheadDays:includeOverdue:printerId:)' with type '(Int?, Bool?, UUID?) async throws -> [UpcomingMaintenanceTask]'
func getUpcoming(lookaheadDays: Int?, includeOverdue: Bool?, printerId: UUID?) async throws -> [PrintFarmer.UpcomingMaintenanceTask]}
     ^
PrintFarmer.MaintenanceServiceProtocol.getCost:2:6: note: protocol requires function 'getCost(months:)' with type '(Int?) async throws -> [MaintenanceCost]'
func getCost(months: Int?) async throws -> [PrintFarmer.MaintenanceCost]}
     ^
/Users/jpapiez/s/PFarm-Ios/PrintFarmerTests/Mocks/MockJobAnalyticsService.swift:4:13: error: type 'MockJobAnalyticsService' does not conform to protocol 'JobAnalyticsServiceProtocol'
final class MockJobAnalyticsService: JobAnalyticsServiceProtocol, @unchecked Sendable {
            ^
/Users/jpapiez/s/PFarm-Ios/PrintFarmerTests/Mocks/MockJobAnalyticsService.swift:41:10: note: candidate has non-matching type '(Int, Int, String?, [String]?, Date?, Date?) async throws -> QueueHistoryPage'
    func getHistory(limit: Int, offset: Int, sortBy: String?, statuses: [String]?, dateStart: Date?, dateEnd: Date?) async throws -> QueueHistoryPage {
         ^
/Users/jpapiez/s/PFarm-Ios/PrintFarmerTests/Mocks/MockJobAnalyticsService.swift:53:10: note: candidate has non-matching type '(Int) async throws -> JobStateHistory'
    func getJobStateHistory(jobId: Int) async throws -> JobStateHistory {
         ^
/Users/jpapiez/s/PFarm-Ios/PrintFarmerTests/Mocks/MockJobAnalyticsService.swift:4:13: note: add stubs for conformance
final class MockJobAnalyticsService: JobAnalyticsServiceProtocol, @unchecked Sendable {
            ^
PrintFarmer.JobAnalyticsServiceProtocol.getHistory:2:6: note: protocol requires function 'getHistory(limit:offset:sortBy:statuses:dateStart:dateEnd:)' with type '(Int?, Int?, String?, String?, Date?, Date?) async throws -> QueueHistoryPage'
func getHistory(limit: Int?, offset: Int?, sortBy: String?, statuses: String?, dateStart: Date?, dateEnd: Date?) async throws -> PrintFarmer.QueueHistoryPage}
     ^
PrintFarmer.JobAnalyticsServiceProtocol.getJobStateHistory:2:6: note: protocol requires function 'getJobStateHistory(jobId:)' with type '(String) async throws -> JobStateHistory'
func getJobStateHistory(jobId: String) async throws -> PrintFarmer.JobStateHistory}
     ^
/Users/jpapiez/s/PFarm-Ios/PrintFarmerTests/Mocks/MockPredictiveService.swift:4:13: error: type 'MockPredictiveService' does not conform to protocol 'PredictiveServiceProtocol'
final class MockPredictiveService: PredictiveServiceProtocol, @unchecked Sendable {
            ^
/Users/jpapiez/s/PFarm-Ios/PrintFarmerTests/Mocks/MockPredictiveService.swift:21:10: note: candidate has non-matching type '(Int) async throws -> [MaintenanceForecast]'
    func getMaintenanceForecast(days: Int) async throws -> [MaintenanceForecast] {
         ^
/Users/jpapiez/s/PFarm-Ios/PrintFarmerTests/Mocks/MockPredictiveService.swift:4:13: note: add stubs for conformance
final class MockPredictiveService: PredictiveServiceProtocol, @unchecked Sendable {
            ^
PrintFarmer.PredictiveServiceProtocol.getMaintenanceForecast:2:6: note: protocol requires function 'getMaintenanceForecast(days:)' with type '(Int?) async throws -> [MaintenanceForecast]'
func getMaintenanceForecast(days: Int?) async throws -> [PrintFarmer.MaintenanceForecast]}
     ^
/Users/jpapiez/s/PFarm-Ios/PrintFarmerTests/Mocks/MockDispatchService.swift:4:13: error: type 'MockDispatchService' does not conform to protocol 'DispatchServiceProtocol'
final class MockDispatchService: DispatchServiceProtocol, @unchecked Sendable {
            ^
/Users/jpapiez/s/PFarm-Ios/PrintFarmerTests/Mocks/MockDispatchService.swift:19:10: note: candidate has non-matching type '(Int, Int) async throws -> DispatchHistoryPage'
    func getHistory(page: Int, pageSize: Int) async throws -> DispatchHistoryPage {
         ^
/Users/jpapiez/s/PFarm-Ios/PrintFarmerTests/Mocks/MockDispatchService.swift:4:13: note: add stubs for conformance
final class MockDispatchService: DispatchServiceProtocol, @unchecked Sendable {
            ^
PrintFarmer.DispatchServiceProtocol.getHistory:2:6: note: protocol requires function 'getHistory(page:pageSize:)' with type '(Int?, Int?) async throws -> DispatchHistoryPage'
func getHistory(page: Int?, pageSize: Int?) async throws -> PrintFarmer.DispatchHistoryPage}
     ^

Failed frontend command:
/Applications/Xcode.app/Contents/Developer/Toolchains/XcodeDefault.xctoolchain/usr/bin/swift-frontend -frontend -emit-module -experimental-skip-non-inlinable-function-bodies-without-types /Users/jpapiez/s/PFarm-Ios/PrintFarmerTests/Mocks/MockMaintenanceService.swift /Users/jpapiez/s/PFarm-Ios/PrintFarmerTests/Mocks/MockAutoPrintService.swift /Users/jpapiez/s/PFarm-Ios/PrintFarmerTests/Mocks/MockJobAnalyticsService.swift /Users/jpapiez/s/PFarm-Ios/PrintFarmerTests/Mocks/MockPredictiveService.swift /Users/jpapiez/s/PFarm-Ios/PrintFarmerTests/Mocks/MockDispatchService.swift /Users/jpapiez/s/PFarm-Ios/PrintFarmerTests/ViewModels/MaintenanceViewModelTests.swift /Users/jpapiez/s/PFarm-Ios/PrintFarmerTests/ViewModels/AutoPrintViewModelTests.swift /Users/jpapiez/s/PFarm-Ios/PrintFarmerTests/ViewModels/JobAnalyticsViewModelTests.swift /Users/jpapiez/s/PFarm-Ios/PrintFarmerTests/ViewModels/JobHistoryViewModelTests.swift /Users/jpapiez/s/PFarm-Ios/PrintFarmerTests/ViewModels/PredictiveViewModelTests.swift /Users/jpapiez/s/PFarm-Ios/PrintFarmerTests/ViewModels/DispatchViewModelTests.swift /Users/jpapiez/s/PFarm-Ios/PrintFarmerTests/ViewModels/UptimeViewModelTests.swift /Users/jpapiez/s/PFarm-Ios/PrintFarmerTests/ModelsTests.swift /Users/jpapiez/s/PFarm-Ios/PrintFarmerTests/Helpers/MockURLProtocol.swift /Users/jpapiez/s/PFarm-Ios/PrintFarmerTests/Helpers/MockAPIServer.swift /Users/jpapiez/s/PFarm-Ios/PrintFarmerTests/Helpers/TestFixtures.swift /Users/jpapiez/s/PFarm-Ios/PrintFarmerTests/Mocks/MockAPIClient.swift /Users/jpapiez/s/PFarm-Ios/PrintFarmerTests/Mocks/MockAuthService.swift /Users/jpapiez/s/PFarm-Ios/PrintFarmerTests/Mocks/MockJobService.swift /Users/jpapiez/s/PFarm-Ios/PrintFarmerTests/Mocks/MockNotificationService.swift /Users/jpapiez/s/PFarm-Ios/PrintFarmerTests/Mocks/MockPrinterService.swift /Users/jpapiez/s/PFarm-Ios/PrintFarmerTests/Mocks/MockSignalRService.swift /Users/jpapiez/s/PFarm-Ios/PrintFarmerTests/Mocks/MockStatisticsService.swift /Users/jpapiez/s/PFarm-Ios/PrintFarmerTests/Mocks/TestProtocols.swift /Users/jpapiez/s/PFarm-Ios/PrintFarmerTests/Models/ModelDecodingTests.swift /Users/jpapiez/s/PFarm-Ios/PrintFarmerTests/Services/APIClientTests.swift /Users/jpapiez/s/PFarm-Ios/PrintFarmerTests/Services/AuthServiceTests.swift /Users/jpapiez/s/PFarm-Ios/PrintFarmerTests/Services/PrinterServiceTests.swift /Users/jpapiez/s/PFarm-Ios/PrintFarmerTests/ViewModels/DashboardViewModelTests.swift /Users/jpapiez/s/PFarm-Ios/PrintFarmerTests/ViewModels/LoginViewModelTests.swift /Users/jpapiez/s/PFarm-Ios/PrintFarmerTests/ViewModels/PrinterDetailViewModelTests.swift /Users/jpapiez/s/PFarm-Ios/PrintFarmerTests/ViewModels/PrinterListViewModelTests.swift /Users/jpapiez/s/PFarm-Ios/PrintFarmerTests/ViewModels/AuthViewModelTests.swift /Users/jpapiez/s/PFarm-Ios/PrintFarmerTests/ViewModels/JobListViewModelTests.swift /Users/jpapiez/s/PFarm-Ios/PrintFarmerTests/ViewModels/JobDetailViewModelTests.swift /Users/jpapiez/s/PFarm-Ios/PrintFarmerTests/ViewModels/NotificationsViewModelTests.swift /Users/jpapiez/s/PFarm-Ios/PrintFarmerTests/Mocks/MockQRSpoolScannerService.swift /Users/jpapiez/s/PFarm-Ios/PrintFarmerTests/Mocks/MockNFCService.swift /Users/jpapiez/s/PFarm-Ios/PrintFarmerTests/Utilities/QRCodeParserTests.swift /Users/jpapiez/s/PFarm-Ios/PrintFarmerTests/Utilities/NFCTagParserTests.swift /Users/jpapiez/s/PFarm-Ios/PrintFarmerTests/Mocks/MockScannerService.swift /Users/jpapiez/s/PFarm-Ios/PrintFarmerTests/ViewModels/SpoolPickerViewModelScanTests.swift /Users/jpapiez/s/PFarm-Ios/PrintFarmerTests/Mocks/MockSpoolService.swift /Users/jpapiez/s/PFarm-Ios/PrintFarmerTests/ViewModels/AddSpoolViewModelTests.swift /Users/jpapiez/s/PFarm-Ios/PrintFarmerTests/ViewModels/SpoolInventoryViewModelTests.swift -target arm64-apple-ios17.0-simulator -load-resolved-plugin /Applications/Xcode.app/Contents/Developer/Platforms/iPhoneOS.platform/Developer/usr/lib/swift/host/plugins/libFoundationMacros.dylib\#/Applications/Xcode.app/Contents/Developer/Platforms/iPhoneOS.platform/Developer/usr/bin/swift-plugin-server\#FoundationMacros -load-resolved-plugin /Applications/Xcode.app/Contents/Developer/Platforms/iPhoneOS.platform/Developer/usr/lib/swift/host/plugins/libObservationMacros.dylib\#/Applications/Xcode.app/Contents/Developer/Platforms/iPhoneOS.platform/Developer/usr/bin/swift-plugin-server\#ObservationMacros -load-resolved-plugin /Applications/Xcode.app/Contents/Developer/Platforms/iPhoneOS.platform/Developer/usr/lib/swift/host/plugins/libPreviewsMacros.dylib\#/Applications/Xcode.app/Contents/Developer/Platforms/iPhoneOS.platform/Developer/usr/bin/swift-plugin-server\#PreviewsMacros -load-resolved-plugin /Applications/Xcode.app/Contents/Developer/Platforms/iPhoneOS.platform/Developer/usr/lib/swift/host/plugins/libSwiftMacros.dylib\#/Applications/Xcode.app/Contents/Developer/Platforms/iPhoneOS.platform/Developer/usr/bin/swift-plugin-server\#SwiftMacros -load-resolved-plugin /Applications/Xcode.app/Contents/Developer/Platforms/iPhoneOS.platform/Developer/usr/lib/swift/host/plugins/libSwiftUIMacros.dylib\#/Applications/Xcode.app/Contents/Developer/Platforms/iPhoneOS.platform/Developer/usr/bin/swift-plugin-server\#SwiftUIMacros -disable-implicit-swift-modules -Xcc -fno-implicit-modules -Xcc -fno-implicit-module-maps -explicit-swift-module-map-file /Users/jpapiez/Library/Developer/Xcode/DerivedData/PrintFarmer-byzwiywlonqvgbabpubbocwdkoyx/Build/Intermediates.noindex/PrintFarmer.build/Debug-iphonesimulator/PrintFarmerTests.build/Objects-normal/arm64/PrintFarmerTests-dependencies-1.json -Xllvm -aarch64-use-tbi -enable-objc-interop -sdk /Applications/Xcode.app/Contents/Developer/Platforms/iPhoneSimulator.platform/Developer/SDKs/iPhoneSimulator26.2.sdk -I /Users/jpapiez/Library/Developer/Xcode/DerivedData/PrintFarmer-byzwiywlonqvgbabpubbocwdkoyx/Build/Products/Debug-iphonesimulator -Isystem /Applications/Xcode.app/Contents/Developer/Platforms/iPhoneSimulator.platform/Developer/usr/lib -F /Users/jpapiez/Library/Developer/Xcode/DerivedData/PrintFarmer-byzwiywlonqvgbabpubbocwdkoyx/Build/Products/Debug-iphonesimulator/PackageFrameworks -F /Users/jpapiez/Library/Developer/Xcode/DerivedData/PrintFarmer-byzwiywlonqvgbabpubbocwdkoyx/Build/Products/Debug-iphonesimulator -F /Applications/Xcode.app/Contents/Developer/Platforms/iPhoneSimulator.platform/Developer/Library/Frameworks -F /Applications/Xcode.app/Contents/Developer/Platforms/iPhoneSimulator.platform/Developer/SDKs/iPhoneSimulator26.2.sdk/Developer/Library/Frameworks -no-color-diagnostics -Xcc -fno-color-diagnostics -enable-testing -g -debug-info-format\=dwarf -dwarf-version\=4 -module-cache-path /Users/jpapiez/Library/Developer/Xcode/DerivedData/PrintFarmer-byzwiywlonqvgbabpubbocwdkoyx/Build/Intermediates.noindex/SwiftExplicitPrecompiledModules -profile-generate -profile-coverage-mapping -swift-version 6 -enforce-exclusivity\=checked -Onone -D DEBUG -serialize-debugging-options -const-gather-protocols-file /Users/jpapiez/Library/Developer/Xcode/DerivedData/PrintFarmer-byzwiywlonqvgbabpubbocwdkoyx/Build/Intermediates.noindex/PrintFarmer.build/Debug-iphonesimulator/PrintFarmerTests.build/Objects-normal/arm64/PrintFarmerTests_const_extract_protocols.json -enable-experimental-feature DebugDescriptionMacro -empty-abi-descriptor -validate-clang-modules-once -clang-build-session-file /Users/jpapiez/Library/Developer/Xcode/DerivedData/ModuleCache.noindex/Session.modulevalidation -Xcc -working-directory -Xcc /Users/jpapiez/s/PFarm-Ios -enable-anonymous-context-mangled-names -file-compilation-dir /Users/jpapiez/s/PFarm-Ios -Xcc -D_LIBCPP_HARDENING_MODE\=_LIBCPP_HARDENING_MODE_DEBUG -Xcc -ivfsstatcache -Xcc /Users/jpapiez/Library/Developer/Xcode/DerivedData/SDKStatCaches.noindex/iphonesimulator26.2-23C53-7d00a8b37fbd7999ea79df8ebc024bf0.sdkstatcache -Xcc -I/Users/jpapiez/Library/Developer/Xcode/DerivedData/PrintFarmer-byzwiywlonqvgbabpubbocwdkoyx/Build/Intermediates.noindex/PrintFarmer.build/Debug-iphonesimulator/PrintFarmerTests.build/swift-overrides.hmap -Xcc -iquote -Xcc /Users/jpapiez/Library/Developer/Xcode/DerivedData/PrintFarmer-byzwiywlonqvgbabpubbocwdkoyx/Build/Intermediates.noindex/PrintFarmer.build/Debug-iphonesimulator/PrintFarmerTests.build/PrintFarmerTests-generated-files.hmap -Xcc -I/Users/jpapiez/Library/Developer/Xcode/DerivedData/PrintFarmer-byzwiywlonqvgbabpubbocwdkoyx/Build/Intermediates.noindex/PrintFarmer.build/Debug-iphonesimulator/PrintFarmerTests.build/PrintFarmerTests-own-target-headers.hmap -Xcc -I/Users/jpapiez/Library/Developer/Xcode/DerivedData/PrintFarmer-byzwiywlonqvgbabpubbocwdkoyx/Build/Intermediates.noindex/PrintFarmer.build/Debug-iphonesimulator/PrintFarmerTests.build/PrintFarmerTests-all-non-framework-target-headers.hmap -Xcc -ivfsoverlay -Xcc /Users/jpapiez/Library/Developer/Xcode/DerivedData/PrintFarmer-byzwiywlonqvgbabpubbocwdkoyx/Build/Intermediates.noindex/PrintFarmer.build/Debug-iphonesimulator/PrintFarmer-b2cc81fe91e9a52faac3958ec00b5b54-VFS-iphonesimulator/all-product-headers.yaml -Xcc -iquote -Xcc /Users/jpapiez/Library/Developer/Xcode/DerivedData/PrintFarmer-byzwiywlonqvgbabpubbocwdkoyx/Build/Intermediates.noindex/PrintFarmer.build/Debug-iphonesimulator/PrintFarmerTests.build/PrintFarmerTests-project-headers.hmap -Xcc -I/Users/jpapiez/Library/Developer/Xcode/DerivedData/PrintFarmer-byzwiywlonqvgbabpubbocwdkoyx/Build/Products/Debug-iphonesimulator/include -Xcc -I/Users/jpapiez/Library/Developer/Xcode/DerivedData/PrintFarmer-byzwiywlonqvgbabpubbocwdkoyx/Build/Intermediates.noindex/PrintFarmer.build/Debug-iphonesimulator/PrintFarmerTests.build/DerivedSources-normal/arm64 -Xcc -I/Users/jpapiez/Library/Developer/Xcode/DerivedData/PrintFarmer-byzwiywlonqvgbabpubbocwdkoyx/Build/Intermediates.noindex/PrintFarmer.build/Debug-iphonesimulator/PrintFarmerTests.build/DerivedSources/arm64 -Xcc -I/Users/jpapiez/Library/Developer/Xcode/DerivedData/PrintFarmer-byzwiywlonqvgbabpubbocwdkoyx/Build/Intermediates.noindex/PrintFarmer.build/Debug-iphonesimulator/PrintFarmerTests.build/DerivedSources -Xcc -DDEBUG\=1 -no-auto-bridging-header-chaining -module-name PrintFarmerTests -frontend-parseable-output -disable-clang-spi -target-sdk-version 26.2 -target-sdk-name iphonesimulator26.2 -clang-target arm64-apple-ios26.2-simulator -in-process-plugin-server-path /Applications/Xcode.app/Contents/Developer/Toolchains/XcodeDefault.xctoolchain/usr/lib/swift/host/libSwiftInProcPluginServer.dylib -emit-module-doc-path /Users/jpapiez/Library/Developer/Xcode/DerivedData/PrintFarmer-byzwiywlonqvgbabpubbocwdkoyx/Build/Intermediates.noindex/PrintFarmer.build/Debug-iphonesimulator/PrintFarmerTests.build/Objects-normal/arm64/PrintFarmerTests.swiftdoc -emit-module-source-info-path /Users/jpapiez/Library/Developer/Xcode/DerivedData/PrintFarmer-byzwiywlonqvgbabpubbocwdkoyx/Build/Intermediates.noindex/PrintFarmer.build/Debug-iphonesimulator/PrintFarmerTests.build/Objects-normal/arm64/PrintFarmerTests.swiftsourceinfo -emit-objc-header-path /Users/jpapiez/Library/Developer/Xcode/DerivedData/PrintFarmer-byzwiywlonqvgbabpubbocwdkoyx/Build/Intermediates.noindex/PrintFarmer.build/Debug-iphonesimulator/PrintFarmerTests.build/Objects-normal/arm64/PrintFarmerTests-Swift.h -serialize-diagnostics-path /Users/jpapiez/Library/Developer/Xcode/DerivedData/PrintFarmer-byzwiywlonqvgbabpubbocwdkoyx/Build/Intermediates.noindex/PrintFarmer.build/Debug-iphonesimulator/PrintFarmerTests.build/Objects-normal/arm64/PrintFarmerTests-primary-emit-module.dia -emit-dependencies-path /Users/jpapiez/Library/Developer/Xcode/DerivedData/PrintFarmer-byzwiywlonqvgbabpubbocwdkoyx/Build/Intermediates.noindex/PrintFarmer.build/Debug-iphonesimulator/PrintFarmerTests.build/Objects-normal/arm64/PrintFarmerTests-primary-emit-module.d -o /Users/jpapiez/Library/Developer/Xcode/DerivedData/PrintFarmer-byzwiywlonqvgbabpubbocwdkoyx/Build/Intermediates.noindex/PrintFarmer.build/Debug-iphonesimulator/PrintFarmerTests.build/Objects-normal/arm64/PrintFarmerTests.swiftmodule -emit-abi-descriptor-path /Users/jpapiez/Library/Developer/Xcode/DerivedData/PrintFarmer-byzwiywlonqvgbabpubbocwdkoyx/Build/Intermediates.noindex/PrintFarmer.build/Debug-iphonesimulator/PrintFarmerTests.build/Objects-normal/arm64/PrintFarmerTests.abi.json
SwiftCompile normal arm64 Compiling\ JobListViewModelTests.swift,\ JobDetailViewModelTests.swift,\ NotificationsViewModelTests.swift /Users/jpapiez/s/PFarm-Ios/PrintFarmerTests/ViewModels/JobListViewModelTests.swift /Users/jpapiez/s/PFarm-Ios/PrintFarmerTests/ViewModels/JobDetailViewModelTests.swift /Users/jpapiez/s/PFarm-Ios/PrintFarmerTests/ViewModels/NotificationsViewModelTests.swift (in target 'PrintFarmerTests' from project 'PrintFarmer')
SwiftCompile normal arm64 /Users/jpapiez/s/PFarm-Ios/PrintFarmerTests/ViewModels/JobListViewModelTests.swift (in target 'PrintFarmerTests' from project 'PrintFarmer')
    cd /Users/jpapiez/s/PFarm-Ios
    

SwiftCompile normal arm64 /Users/jpapiez/s/PFarm-Ios/PrintFarmerTests/ViewModels/JobDetailViewModelTests.swift (in target 'PrintFarmerTests' from project 'PrintFarmer')
    cd /Users/jpapiez/s/PFarm-Ios
    

SwiftCompile normal arm64 /Users/jpapiez/s/PFarm-Ios/PrintFarmerTests/ViewModels/NotificationsViewModelTests.swift (in target 'PrintFarmerTests' from project 'PrintFarmer')
    cd /Users/jpapiez/s/PFarm-Ios
    

SwiftCompile normal arm64 Compiling\ AddSpoolViewModelTests.swift,\ SpoolInventoryViewModelTests.swift /Users/jpapiez/s/PFarm-Ios/PrintFarmerTests/ViewModels/AddSpoolViewModelTests.swift /Users/jpapiez/s/PFarm-Ios/PrintFarmerTests/ViewModels/SpoolInventoryViewModelTests.swift (in target 'PrintFarmerTests' from project 'PrintFarmer')

SwiftCompile normal arm64 /Users/jpapiez/s/PFarm-Ios/PrintFarmerTests/ViewModels/AddSpoolViewModelTests.swift (in target 'PrintFarmerTests' from project 'PrintFarmer')
    cd /Users/jpapiez/s/PFarm-Ios
    

SwiftCompile normal arm64 /Users/jpapiez/s/PFarm-Ios/PrintFarmerTests/ViewModels/SpoolInventoryViewModelTests.swift (in target 'PrintFarmerTests' from project 'PrintFarmer')
    cd /Users/jpapiez/s/PFarm-Ios
    

SwiftCompile normal arm64 Compiling\ SpoolPickerViewModelScanTests.swift,\ MockSpoolService.swift /Users/jpapiez/s/PFarm-Ios/PrintFarmerTests/ViewModels/SpoolPickerViewModelScanTests.swift /Users/jpapiez/s/PFarm-Ios/PrintFarmerTests/Mocks/MockSpoolService.swift (in target 'PrintFarmerTests' from project 'PrintFarmer')

SwiftCompile normal arm64 /Users/jpapiez/s/PFarm-Ios/PrintFarmerTests/ViewModels/SpoolPickerViewModelScanTests.swift (in target 'PrintFarmerTests' from project 'PrintFarmer')
    cd /Users/jpapiez/s/PFarm-Ios
    

SwiftCompile normal arm64 /Users/jpapiez/s/PFarm-Ios/PrintFarmerTests/Mocks/MockSpoolService.swift (in target 'PrintFarmerTests' from project 'PrintFarmer')
    cd /Users/jpapiez/s/PFarm-Ios
    

SwiftCompile normal arm64 Compiling\ MockQRSpoolScannerService.swift,\ MockNFCService.swift,\ QRCodeParserTests.swift /Users/jpapiez/s/PFarm-Ios/PrintFarmerTests/Mocks/MockQRSpoolScannerService.swift /Users/jpapiez/s/PFarm-Ios/PrintFarmerTests/Mocks/MockNFCService.swift /Users/jpapiez/s/PFarm-Ios/PrintFarmerTests/Utilities/QRCodeParserTests.swift (in target 'PrintFarmerTests' from project 'PrintFarmer')

SwiftCompile normal arm64 /Users/jpapiez/s/PFarm-Ios/PrintFarmerTests/Mocks/MockQRSpoolScannerService.swift (in target 'PrintFarmerTests' from project 'PrintFarmer')
    cd /Users/jpapiez/s/PFarm-Ios
    

SwiftCompile normal arm64 /Users/jpapiez/s/PFarm-Ios/PrintFarmerTests/Mocks/MockNFCService.swift (in target 'PrintFarmerTests' from project 'PrintFarmer')
    cd /Users/jpapiez/s/PFarm-Ios
    

SwiftCompile normal arm64 /Users/jpapiez/s/PFarm-Ios/PrintFarmerTests/Utilities/QRCodeParserTests.swift (in target 'PrintFarmerTests' from project 'PrintFarmer')
    cd /Users/jpapiez/s/PFarm-Ios
    

SwiftCompile normal arm64 Compiling\ NFCTagParserTests.swift,\ MockScannerService.swift /Users/jpapiez/s/PFarm-Ios/PrintFarmerTests/Utilities/NFCTagParserTests.swift /Users/jpapiez/s/PFarm-Ios/PrintFarmerTests/Mocks/MockScannerService.swift (in target 'PrintFarmerTests' from project 'PrintFarmer')

SwiftCompile normal arm64 /Users/jpapiez/s/PFarm-Ios/PrintFarmerTests/Utilities/NFCTagParserTests.swift (in target 'PrintFarmerTests' from project 'PrintFarmer')
    cd /Users/jpapiez/s/PFarm-Ios
    

SwiftCompile normal arm64 /Users/jpapiez/s/PFarm-Ios/PrintFarmerTests/Mocks/MockScannerService.swift (in target 'PrintFarmerTests' from project 'PrintFarmer')
    cd /Users/jpapiez/s/PFarm-Ios
    

SwiftCompile normal arm64 Compiling\ PrinterDetailViewModelTests.swift,\ PrinterListViewModelTests.swift,\ AuthViewModelTests.swift /Users/jpapiez/s/PFarm-Ios/PrintFarmerTests/ViewModels/PrinterDetailViewModelTests.swift /Users/jpapiez/s/PFarm-Ios/PrintFarmerTests/ViewModels/PrinterListViewModelTests.swift /Users/jpapiez/s/PFarm-Ios/PrintFarmerTests/ViewModels/AuthViewModelTests.swift (in target 'PrintFarmerTests' from project 'PrintFarmer')

SwiftCompile normal arm64 /Users/jpapiez/s/PFarm-Ios/PrintFarmerTests/ViewModels/PrinterDetailViewModelTests.swift (in target 'PrintFarmerTests' from project 'PrintFarmer')
    cd /Users/jpapiez/s/PFarm-Ios
    

SwiftCompile normal arm64 /Users/jpapiez/s/PFarm-Ios/PrintFarmerTests/ViewModels/PrinterListViewModelTests.swift (in target 'PrintFarmerTests' from project 'PrintFarmer')
    cd /Users/jpapiez/s/PFarm-Ios
    

SwiftCompile normal arm64 /Users/jpapiez/s/PFarm-Ios/PrintFarmerTests/ViewModels/AuthViewModelTests.swift (in target 'PrintFarmerTests' from project 'PrintFarmer')
    cd /Users/jpapiez/s/PFarm-Ios
    

SwiftCompile normal arm64 Compiling\ MockJobService.swift,\ MockNotificationService.swift,\ MockPrinterService.swift /Users/jpapiez/s/PFarm-Ios/PrintFarmerTests/Mocks/MockJobService.swift /Users/jpapiez/s/PFarm-Ios/PrintFarmerTests/Mocks/MockNotificationService.swift /Users/jpapiez/s/PFarm-Ios/PrintFarmerTests/Mocks/MockPrinterService.swift (in target 'PrintFarmerTests' from project 'PrintFarmer')

SwiftCompile normal arm64 /Users/jpapiez/s/PFarm-Ios/PrintFarmerTests/Mocks/MockJobService.swift (in target 'PrintFarmerTests' from project 'PrintFarmer')
    cd /Users/jpapiez/s/PFarm-Ios
    

SwiftCompile normal arm64 /Users/jpapiez/s/PFarm-Ios/PrintFarmerTests/Mocks/MockNotificationService.swift (in target 'PrintFarmerTests' from project 'PrintFarmer')
    cd /Users/jpapiez/s/PFarm-Ios
    

SwiftCompile normal arm64 /Users/jpapiez/s/PFarm-Ios/PrintFarmerTests/Mocks/MockPrinterService.swift (in target 'PrintFarmerTests' from project 'PrintFarmer')
    cd /Users/jpapiez/s/PFarm-Ios
    

SwiftCompile normal arm64 Compiling\ MockSignalRService.swift,\ MockStatisticsService.swift,\ TestProtocols.swift /Users/jpapiez/s/PFarm-Ios/PrintFarmerTests/Mocks/MockSignalRService.swift /Users/jpapiez/s/PFarm-Ios/PrintFarmerTests/Mocks/MockStatisticsService.swift /Users/jpapiez/s/PFarm-Ios/PrintFarmerTests/Mocks/TestProtocols.swift (in target 'PrintFarmerTests' from project 'PrintFarmer')

SwiftCompile normal arm64 /Users/jpapiez/s/PFarm-Ios/PrintFarmerTests/Mocks/MockSignalRService.swift (in target 'PrintFarmerTests' from project 'PrintFarmer')
    cd /Users/jpapiez/s/PFarm-Ios
    

SwiftCompile normal arm64 /Users/jpapiez/s/PFarm-Ios/PrintFarmerTests/Mocks/MockStatisticsService.swift (in target 'PrintFarmerTests' from project 'PrintFarmer')
    cd /Users/jpapiez/s/PFarm-Ios
    

SwiftCompile normal arm64 /Users/jpapiez/s/PFarm-Ios/PrintFarmerTests/Mocks/TestProtocols.swift (in target 'PrintFarmerTests' from project 'PrintFarmer')
    cd /Users/jpapiez/s/PFarm-Ios
    

SwiftCompile normal arm64 Compiling\ PrinterServiceTests.swift,\ DashboardViewModelTests.swift,\ LoginViewModelTests.swift /Users/jpapiez/s/PFarm-Ios/PrintFarmerTests/Services/PrinterServiceTests.swift /Users/jpapiez/s/PFarm-Ios/PrintFarmerTests/ViewModels/DashboardViewModelTests.swift /Users/jpapiez/s/PFarm-Ios/PrintFarmerTests/ViewModels/LoginViewModelTests.swift (in target 'PrintFarmerTests' from project 'PrintFarmer')

SwiftCompile normal arm64 /Users/jpapiez/s/PFarm-Ios/PrintFarmerTests/Services/PrinterServiceTests.swift (in target 'PrintFarmerTests' from project 'PrintFarmer')
    cd /Users/jpapiez/s/PFarm-Ios
    

SwiftCompile normal arm64 /Users/jpapiez/s/PFarm-Ios/PrintFarmerTests/ViewModels/DashboardViewModelTests.swift (in target 'PrintFarmerTests' from project 'PrintFarmer')
    cd /Users/jpapiez/s/PFarm-Ios
    

SwiftCompile normal arm64 /Users/jpapiez/s/PFarm-Ios/PrintFarmerTests/ViewModels/LoginViewModelTests.swift (in target 'PrintFarmerTests' from project 'PrintFarmer')
    cd /Users/jpapiez/s/PFarm-Ios
    

SwiftCompile normal arm64 Compiling\ PredictiveViewModelTests.swift,\ DispatchViewModelTests.swift,\ UptimeViewModelTests.swift /Users/jpapiez/s/PFarm-Ios/PrintFarmerTests/ViewModels/PredictiveViewModelTests.swift /Users/jpapiez/s/PFarm-Ios/PrintFarmerTests/ViewModels/DispatchViewModelTests.swift /Users/jpapiez/s/PFarm-Ios/PrintFarmerTests/ViewModels/UptimeViewModelTests.swift (in target 'PrintFarmerTests' from project 'PrintFarmer')
Failed frontend command:
SwiftCompile normal arm64 /Users/jpapiez/s/PFarm-Ios/PrintFarmerTests/ViewModels/PredictiveViewModelTests.swift (in target 'PrintFarmerTests' from project 'PrintFarmer')
    cd /Users/jpapiez/s/PFarm-Ios
    
/Users/jpapiez/s/PFarm-Ios/PrintFarmerTests/ViewModels/PredictiveViewModelTests.swift:15:9: warning: main actor-isolated property 'mockPredictiveService' can not be mutated from a nonisolated context
        mockPredictiveService = MockPredictiveService()
        ^
/Users/jpapiez/s/PFarm-Ios/PrintFarmerTests/ViewModels/PredictiveViewModelTests.swift:9:17: note: mutation of this property is only permitted within the actor
    private var mockPredictiveService: MockPredictiveService!
                ^
/Users/jpapiez/s/PFarm-Ios/PrintFarmerTests/ViewModels/PredictiveViewModelTests.swift:16:9: warning: main actor-isolated property 'viewModel' can not be mutated from a nonisolated context
        viewModel = PredictiveViewModel()
        ^
/Users/jpapiez/s/PFarm-Ios/PrintFarmerTests/ViewModels/PredictiveViewModelTests.swift:10:17: note: mutation of this property is only permitted within the actor
    private var viewModel: PredictiveViewModel!
                ^
/Users/jpapiez/s/PFarm-Ios/PrintFarmerTests/ViewModels/PredictiveViewModelTests.swift:16:21: warning: call to main actor-isolated initializer 'init()' in a synchronous nonisolated context
        viewModel = PredictiveViewModel()
                    ^
PrintFarmer.PredictiveViewModel.init:2:21: note: calls to initializer 'init()' from outside of its actor context are implicitly asynchronous
@MainActor internal init()}
                    ^
/Users/jpapiez/s/PFarm-Ios/PrintFarmerTests/ViewModels/PredictiveViewModelTests.swift:17:19: warning: call to main actor-isolated instance method 'configure(predictiveService:)' in a synchronous nonisolated context
        viewModel.configure(predictiveService: mockPredictiveService)
                  ^
PrintFarmer.PredictiveViewModel.configure:2:26: note: calls to instance method 'configure(predictiveService:)' from outside of its actor context are implicitly asynchronous
@MainActor internal func configure(predictiveService: any PrintFarmer.PredictiveServiceProtocol)}
                         ^
/Users/jpapiez/s/PFarm-Ios/PrintFarmerTests/ViewModels/PredictiveViewModelTests.swift:17:9: warning: main actor-isolated property 'viewModel' can not be referenced from a nonisolated context
        viewModel.configure(predictiveService: mockPredictiveService)
        ^
/Users/jpapiez/s/PFarm-Ios/PrintFarmerTests/ViewModels/PredictiveViewModelTests.swift:10:17: note: property declared here
    private var viewModel: PredictiveViewModel!
                ^
/Users/jpapiez/s/PFarm-Ios/PrintFarmerTests/ViewModels/PredictiveViewModelTests.swift:17:48: warning: main actor-isolated property 'mockPredictiveService' can not be referenced from a nonisolated context
        viewModel.configure(predictiveService: mockPredictiveService)
                                               ^
/Users/jpapiez/s/PFarm-Ios/PrintFarmerTests/ViewModels/PredictiveViewModelTests.swift:9:17: note: property declared here
    private var mockPredictiveService: MockPredictiveService!
                ^
/Users/jpapiez/s/PFarm-Ios/PrintFarmerTests/ViewModels/PredictiveViewModelTests.swift:21:9: warning: main actor-isolated property 'viewModel' can not be mutated from a nonisolated context
        viewModel = nil
        ^
/Users/jpapiez/s/PFarm-Ios/PrintFarmerTests/ViewModels/PredictiveViewModelTests.swift:10:17: note: mutation of this property is only permitted within the actor
    private var viewModel: PredictiveViewModel!
                ^
/Users/jpapiez/s/PFarm-Ios/PrintFarmerTests/ViewModels/PredictiveViewModelTests.swift:22:9: warning: main actor-isolated property 'mockPredictiveService' can not be mutated from a nonisolated context
        mockPredictiveService = nil
        ^
/Users/jpapiez/s/PFarm-Ios/PrintFarmerTests/ViewModels/PredictiveViewModelTests.swift:9:17: note: mutation of this property is only permitted within the actor
    private var mockPredictiveService: MockPredictiveService!
                ^
/Users/jpapiez/s/PFarm-Ios/PrintFarmerTests/ViewModels/PredictiveViewModelTests.swift:39:46: error: extra arguments at positions #3, #5 in call
        let prediction = JobFailurePrediction(
                                             ^
PrintFarmer.JobFailurePrediction.init:2:10: note: 'init(printerId:material:estimatedDurationMinutes:failureProbability:predictedFailureLikelihood:riskLevel:factors:)' declared here
internal init(printerId: UUID, material: String?, estimatedDurationMinutes: Double?, failureProbability: Double, predictedFailureLikelihood: Double?, riskLevel: String, factors: [PrintFarmer.PredictionFactor])}
         ^
/Users/jpapiez/s/PFarm-Ios/PrintFarmerTests/ViewModels/PredictiveViewModelTests.swift:39:46: error: missing arguments for parameters 'material', 'estimatedDurationMinutes', 'predictedFailureLikelihood', 'factors' in call
        let prediction = JobFailurePrediction(
                                             ^
PrintFarmer.JobFailurePrediction.init:2:10: note: 'init(printerId:material:estimatedDurationMinutes:failureProbability:predictedFailureLikelihood:riskLevel:factors:)' declared here
internal init(printerId: UUID, material: String?, estimatedDurationMinutes: Double?, failureProbability: Double, predictedFailureLikelihood: Double?, riskLevel: String, factors: [PrintFarmer.PredictionFactor])}
         ^
/Users/jpapiez/s/PFarm-Ios/PrintFarmerTests/ViewModels/PredictiveViewModelTests.swift:45:33: error: incorrect argument labels in call (have 'factorName:factorValue:weight:', expected 'name:value:weight:')
                PredictionFactor(
                                ^
/Users/jpapiez/s/PFarm-Ios/PrintFarmerTests/ViewModels/PredictiveViewModelTests.swift:47:34: error: cannot convert value of type 'String' to expected argument type 'Double'
                    factorValue: "80%",
                                 ^
/Users/jpapiez/s/PFarm-Ios/PrintFarmerTests/ViewModels/PredictiveViewModelTests.swift:60:46: error: value of type 'JobFailurePrediction' has no member 'contributingFactors'
        XCTAssertEqual(viewModel.prediction?.contributingFactors.count, 1)
                       ~~~~~~~~~~~~~~~~~~~~~ ^~~~~~~~~~~~~~~~~~~
/Users/jpapiez/s/PFarm-Ios/PrintFarmerTests/ViewModels/PredictiveViewModelTests.swift:67:33: error: value of type 'PredictionRequest' has no member 'estimatedDuration'
        XCTAssertEqual(request?.estimatedDuration, 3600)
                       ~~~~~~~~ ^~~~~~~~~~~~~~~~~
/Users/jpapiez/s/PFarm-Ios/PrintFarmerTests/ViewModels/PredictiveViewModelTests.swift:86:72: error: extra arguments at positions #3, #5 in call
        mockPredictiveService.predictionToReturn = JobFailurePrediction(
                                                                       ^
PrintFarmer.JobFailurePrediction.init:2:10: note: 'init(printerId:material:estimatedDurationMinutes:failureProbability:predictedFailureLikelihood:riskLevel:factors:)' declared here
internal init(printerId: UUID, material: String?, estimatedDurationMinutes: Double?, failureProbability: Double, predictedFailureLikelihood: Double?, riskLevel: String, factors: [PrintFarmer.PredictionFactor])}
         ^
/Users/jpapiez/s/PFarm-Ios/PrintFarmerTests/ViewModels/PredictiveViewModelTests.swift:86:72: error: missing arguments for parameters 'material', 'estimatedDurationMinutes', 'predictedFailureLikelihood', 'factors' in call
        mockPredictiveService.predictionToReturn = JobFailurePrediction(
                                                                       ^
PrintFarmer.JobFailurePrediction.init:2:10: note: 'init(printerId:material:estimatedDurationMinutes:failureProbability:predictedFailureLikelihood:riskLevel:factors:)' declared here
internal init(printerId: UUID, material: String?, estimatedDurationMinutes: Double?, failureProbability: Double, predictedFailureLikelihood: Double?, riskLevel: String, factors: [PrintFarmer.PredictionFactor])}
         ^
/Users/jpapiez/s/PFarm-Ios/PrintFarmerTests/ViewModels/PredictiveViewModelTests.swift:170:52: error: extra arguments at positions #3, #5 in call
        viewModel.prediction = JobFailurePrediction(
                                                   ^
PrintFarmer.JobFailurePrediction.init:2:10: note: 'init(printerId:material:estimatedDurationMinutes:failureProbability:predictedFailureLikelihood:riskLevel:factors:)' declared here
internal init(printerId: UUID, material: String?, estimatedDurationMinutes: Double?, failureProbability: Double, predictedFailureLikelihood: Double?, riskLevel: String, factors: [PrintFarmer.PredictionFactor])}
         ^
/Users/jpapiez/s/PFarm-Ios/PrintFarmerTests/ViewModels/PredictiveViewModelTests.swift:170:52: error: missing arguments for parameters 'material', 'estimatedDurationMinutes', 'predictedFailureLikelihood', 'factors' in call
        viewModel.prediction = JobFailurePrediction(
                                                   ^
PrintFarmer.JobFailurePrediction.init:2:10: note: 'init(printerId:material:estimatedDurationMinutes:failureProbability:predictedFailureLikelihood:riskLevel:factors:)' declared here
internal init(printerId: UUID, material: String?, estimatedDurationMinutes: Double?, failureProbability: Double, predictedFailureLikelihood: Double?, riskLevel: String, factors: [PrintFarmer.PredictionFactor])}
         ^
/Users/jpapiez/s/PFarm-Ios/PrintFarmerTests/ViewModels/PredictiveViewModelTests.swift:177:9: error: conflicting arguments to generic parameter 'T' ('Int' vs. 'Double')
        XCTAssertEqual(viewModel.riskPercentage, 0.0)
        ^
/Users/jpapiez/s/PFarm-Ios/PrintFarmerTests/ViewModels/PredictiveViewModelTests.swift:179:52: error: extra arguments at positions #3, #5 in call
        viewModel.prediction = JobFailurePrediction(
                                                   ^
PrintFarmer.JobFailurePrediction.init:2:10: note: 'init(printerId:material:estimatedDurationMinutes:failureProbability:predictedFailureLikelihood:riskLevel:factors:)' declared here
internal init(printerId: UUID, material: String?, estimatedDurationMinutes: Double?, failureProbability: Double, predictedFailureLikelihood: Double?, riskLevel: String, factors: [PrintFarmer.PredictionFactor])}
         ^
/Users/jpapiez/s/PFarm-Ios/PrintFarmerTests/ViewModels/PredictiveViewModelTests.swift:179:52: error: missing arguments for parameters 'material', 'estimatedDurationMinutes', 'predictedFailureLikelihood', 'factors' in call
        viewModel.prediction = JobFailurePrediction(
                                                   ^
PrintFarmer.JobFailurePrediction.init:2:10: note: 'init(printerId:material:estimatedDurationMinutes:failureProbability:predictedFailureLikelihood:riskLevel:factors:)' declared here
internal init(printerId: UUID, material: String?, estimatedDurationMinutes: Double?, failureProbability: Double, predictedFailureLikelihood: Double?, riskLevel: String, factors: [PrintFarmer.PredictionFactor])}
         ^
/Users/jpapiez/s/PFarm-Ios/PrintFarmerTests/ViewModels/PredictiveViewModelTests.swift:186:9: error: conflicting arguments to generic parameter 'T' ('Int' vs. 'Double')
        XCTAssertEqual(viewModel.riskPercentage, 25.0)
        ^
/Users/jpapiez/s/PFarm-Ios/PrintFarmerTests/ViewModels/PredictiveViewModelTests.swift:188:52: error: extra arguments at positions #3, #5 in call
        viewModel.prediction = JobFailurePrediction(
                                                   ^
PrintFarmer.JobFailurePrediction.init:2:10: note: 'init(printerId:material:estimatedDurationMinutes:failureProbability:predictedFailureLikelihood:riskLevel:factors:)' declared here
internal init(printerId: UUID, material: String?, estimatedDurationMinutes: Double?, failureProbability: Double, predictedFailureLikelihood: Double?, riskLevel: String, factors: [PrintFarmer.PredictionFactor])}
         ^
/Users/jpapiez/s/PFarm-Ios/PrintFarmerTests/ViewModels/PredictiveViewModelTests.swift:188:52: error: missing arguments for parameters 'material', 'estimatedDurationMinutes', 'predictedFailureLikelihood', 'factors' in call
        viewModel.prediction = JobFailurePrediction(
                                                   ^
PrintFarmer.JobFailurePrediction.init:2:10: note: 'init(printerId:material:estimatedDurationMinutes:failureProbability:predictedFailureLikelihood:riskLevel:factors:)' declared here
internal init(printerId: UUID, material: String?, estimatedDurationMinutes: Double?, failureProbability: Double, predictedFailureLikelihood: Double?, riskLevel: String, factors: [PrintFarmer.PredictionFactor])}
         ^
/Users/jpapiez/s/PFarm-Ios/PrintFarmerTests/ViewModels/PredictiveViewModelTests.swift:195:9: error: conflicting arguments to generic parameter 'T' ('Int' vs. 'Double')
        XCTAssertEqual(viewModel.riskPercentage, 50.0)
        ^
/Users/jpapiez/s/PFarm-Ios/PrintFarmerTests/ViewModels/PredictiveViewModelTests.swift:197:52: error: extra arguments at positions #3, #5 in call
        viewModel.prediction = JobFailurePrediction(
                                                   ^
PrintFarmer.JobFailurePrediction.init:2:10: note: 'init(printerId:material:estimatedDurationMinutes:failureProbability:predictedFailureLikelihood:riskLevel:factors:)' declared here
internal init(printerId: UUID, material: String?, estimatedDurationMinutes: Double?, failureProbability: Double, predictedFailureLikelihood: Double?, riskLevel: String, factors: [PrintFarmer.PredictionFactor])}
         ^
/Users/jpapiez/s/PFarm-Ios/PrintFarmerTests/ViewModels/PredictiveViewModelTests.swift:197:52: error: missing arguments for parameters 'material', 'estimatedDurationMinutes', 'predictedFailureLikelihood', 'factors' in call
        viewModel.prediction = JobFailurePrediction(
                                                   ^
PrintFarmer.JobFailurePrediction.init:2:10: note: 'init(printerId:material:estimatedDurationMinutes:failureProbability:predictedFailureLikelihood:riskLevel:factors:)' declared here
internal init(printerId: UUID, material: String?, estimatedDurationMinutes: Double?, failureProbability: Double, predictedFailureLikelihood: Double?, riskLevel: String, factors: [PrintFarmer.PredictionFactor])}
         ^
/Users/jpapiez/s/PFarm-Ios/PrintFarmerTests/ViewModels/PredictiveViewModelTests.swift:204:9: error: conflicting arguments to generic parameter 'T' ('Int' vs. 'Double')
        XCTAssertEqual(viewModel.riskPercentage, 75.0)
        ^
/Users/jpapiez/s/PFarm-Ios/PrintFarmerTests/ViewModels/PredictiveViewModelTests.swift:206:52: error: extra arguments at positions #3, #5 in call
        viewModel.prediction = JobFailurePrediction(
                                                   ^
PrintFarmer.JobFailurePrediction.init:2:10: note: 'init(printerId:material:estimatedDurationMinutes:failureProbability:predictedFailureLikelihood:riskLevel:factors:)' declared here
internal init(printerId: UUID, material: String?, estimatedDurationMinutes: Double?, failureProbability: Double, predictedFailureLikelihood: Double?, riskLevel: String, factors: [PrintFarmer.PredictionFactor])}
         ^
/Users/jpapiez/s/PFarm-Ios/PrintFarmerTests/ViewModels/PredictiveViewModelTests.swift:206:52: error: missing arguments for parameters 'material', 'estimatedDurationMinutes', 'predictedFailureLikelihood', 'factors' in call
        viewModel.prediction = JobFailurePrediction(
                                                   ^
PrintFarmer.JobFailurePrediction.init:2:10: note: 'init(printerId:material:estimatedDurationMinutes:failureProbability:predictedFailureLikelihood:riskLevel:factors:)' declared here
internal init(printerId: UUID, material: String?, estimatedDurationMinutes: Double?, failureProbability: Double, predictedFailureLikelihood: Double?, riskLevel: String, factors: [PrintFarmer.PredictionFactor])}
         ^
/Users/jpapiez/s/PFarm-Ios/PrintFarmerTests/ViewModels/PredictiveViewModelTests.swift:213:9: error: conflicting arguments to generic parameter 'T' ('Int' vs. 'Double')
        XCTAssertEqual(viewModel.riskPercentage, 100.0)
        ^
/Users/jpapiez/s/PFarm-Ios/PrintFarmerTests/ViewModels/PredictiveViewModelTests.swift:219:9: error: conflicting arguments to generic parameter 'T' ('Int' vs. 'Double')
        XCTAssertEqual(viewModel.riskPercentage, 0.0)
        ^
/Users/jpapiez/s/PFarm-Ios/PrintFarmerTests/ViewModels/PredictiveViewModelTests.swift:223:52: error: extra arguments at positions #3, #5 in call
        viewModel.prediction = JobFailurePrediction(
                                                   ^
PrintFarmer.JobFailurePrediction.init:2:10: note: 'init(printerId:material:estimatedDurationMinutes:failureProbability:predictedFailureLikelihood:riskLevel:factors:)' declared here
internal init(printerId: UUID, material: String?, estimatedDurationMinutes: Double?, failureProbability: Double, predictedFailureLikelihood: Double?, riskLevel: String, factors: [PrintFarmer.PredictionFactor])}
         ^
/Users/jpapiez/s/PFarm-Ios/PrintFarmerTests/ViewModels/PredictiveViewModelTests.swift:223:52: error: missing arguments for parameters 'material', 'estimatedDurationMinutes', 'predictedFailureLikelihood', 'factors' in call
        viewModel.prediction = JobFailurePrediction(
                                                   ^
PrintFarmer.JobFailurePrediction.init:2:10: note: 'init(printerId:material:estimatedDurationMinutes:failureProbability:predictedFailureLikelihood:riskLevel:factors:)' declared here
internal init(printerId: UUID, material: String?, estimatedDurationMinutes: Double?, failureProbability: Double, predictedFailureLikelihood: Double?, riskLevel: String, factors: [PrintFarmer.PredictionFactor])}
         ^
/Users/jpapiez/s/PFarm-Ios/PrintFarmerTests/ViewModels/PredictiveViewModelTests.swift:232:52: error: extra arguments at positions #3, #5 in call
        viewModel.prediction = JobFailurePrediction(
                                                   ^
PrintFarmer.JobFailurePrediction.init:2:10: note: 'init(printerId:material:estimatedDurationMinutes:failureProbability:predictedFailureLikelihood:riskLevel:factors:)' declared here
internal init(printerId: UUID, material: String?, estimatedDurationMinutes: Double?, failureProbability: Double, predictedFailureLikelihood: Double?, riskLevel: String, factors: [PrintFarmer.PredictionFactor])}
         ^
/Users/jpapiez/s/PFarm-Ios/PrintFarmerTests/ViewModels/PredictiveViewModelTests.swift:232:52: error: missing arguments for parameters 'material', 'estimatedDurationMinutes', 'predictedFailureLikelihood', 'factors' in call
        viewModel.prediction = JobFailurePrediction(
                                                   ^
PrintFarmer.JobFailurePrediction.init:2:10: note: 'init(printerId:material:estimatedDurationMinutes:failureProbability:predictedFailureLikelihood:riskLevel:factors:)' declared here
internal init(printerId: UUID, material: String?, estimatedDurationMinutes: Double?, failureProbability: Double, predictedFailureLikelihood: Double?, riskLevel: String, factors: [PrintFarmer.PredictionFactor])}
         ^
/Users/jpapiez/s/PFarm-Ios/PrintFarmerTests/ViewModels/PredictiveViewModelTests.swift:241:52: error: extra arguments at positions #3, #5 in call
        viewModel.prediction = JobFailurePrediction(
                                                   ^
PrintFarmer.JobFailurePrediction.init:2:10: note: 'init(printerId:material:estimatedDurationMinutes:failureProbability:predictedFailureLikelihood:riskLevel:factors:)' declared here
internal init(printerId: UUID, material: String?, estimatedDurationMinutes: Double?, failureProbability: Double, predictedFailureLikelihood: Double?, riskLevel: String, factors: [PrintFarmer.PredictionFactor])}
         ^
/Users/jpapiez/s/PFarm-Ios/PrintFarmerTests/ViewModels/PredictiveViewModelTests.swift:241:52: error: missing arguments for parameters 'material', 'estimatedDurationMinutes', 'predictedFailureLikelihood', 'factors' in call
        viewModel.prediction = JobFailurePrediction(
                                                   ^
PrintFarmer.JobFailurePrediction.init:2:10: note: 'init(printerId:material:estimatedDurationMinutes:failureProbability:predictedFailureLikelihood:riskLevel:factors:)' declared here
internal init(printerId: UUID, material: String?, estimatedDurationMinutes: Double?, failureProbability: Double, predictedFailureLikelihood: Double?, riskLevel: String, factors: [PrintFarmer.PredictionFactor])}
         ^
/Users/jpapiez/s/PFarm-Ios/PrintFarmerTests/ViewModels/PredictiveViewModelTests.swift:250:52: error: extra arguments at positions #3, #5 in call
        viewModel.prediction = JobFailurePrediction(
                                                   ^
PrintFarmer.JobFailurePrediction.init:2:10: note: 'init(printerId:material:estimatedDurationMinutes:failureProbability:predictedFailureLikelihood:riskLevel:factors:)' declared here
internal init(printerId: UUID, material: String?, estimatedDurationMinutes: Double?, failureProbability: Double, predictedFailureLikelihood: Double?, riskLevel: String, factors: [PrintFarmer.PredictionFactor])}
         ^
/Users/jpapiez/s/PFarm-Ios/PrintFarmerTests/ViewModels/PredictiveViewModelTests.swift:250:52: error: missing arguments for parameters 'material', 'estimatedDurationMinutes', 'predictedFailureLikelihood', 'factors' in call
        viewModel.prediction = JobFailurePrediction(
                                                   ^
PrintFarmer.JobFailurePrediction.init:2:10: note: 'init(printerId:material:estimatedDurationMinutes:failureProbability:predictedFailureLikelihood:riskLevel:factors:)' declared here
internal init(printerId: UUID, material: String?, estimatedDurationMinutes: Double?, failureProbability: Double, predictedFailureLikelihood: Double?, riskLevel: String, factors: [PrintFarmer.PredictionFactor])}
         ^

SwiftCompile normal arm64 /Users/jpapiez/s/PFarm-Ios/PrintFarmerTests/ViewModels/DispatchViewModelTests.swift (in target 'PrintFarmerTests' from project 'PrintFarmer')
    cd /Users/jpapiez/s/PFarm-Ios
    
/Users/jpapiez/s/PFarm-Ios/PrintFarmerTests/ViewModels/DispatchViewModelTests.swift:14:9: warning: main actor-isolated property 'mockDispatchService' can not be mutated from a nonisolated context
        mockDispatchService = MockDispatchService()
        ^
/Users/jpapiez/s/PFarm-Ios/PrintFarmerTests/ViewModels/DispatchViewModelTests.swift:9:17: note: mutation of this property is only permitted within the actor
    private var mockDispatchService: MockDispatchService!
                ^
/Users/jpapiez/s/PFarm-Ios/PrintFarmerTests/ViewModels/DispatchViewModelTests.swift:15:9: warning: main actor-isolated property 'viewModel' can not be mutated from a nonisolated context
        viewModel = DispatchViewModel()
        ^
/Users/jpapiez/s/PFarm-Ios/PrintFarmerTests/ViewModels/DispatchViewModelTests.swift:10:17: note: mutation of this property is only permitted within the actor
    private var viewModel: DispatchViewModel!
                ^
/Users/jpapiez/s/PFarm-Ios/PrintFarmerTests/ViewModels/DispatchViewModelTests.swift:15:21: warning: call to main actor-isolated initializer 'init()' in a synchronous nonisolated context
        viewModel = DispatchViewModel()
                    ^
PrintFarmer.DispatchViewModel.init:2:21: note: calls to initializer 'init()' from outside of its actor context are implicitly asynchronous
@MainActor internal init()}
                    ^
/Users/jpapiez/s/PFarm-Ios/PrintFarmerTests/ViewModels/DispatchViewModelTests.swift:16:19: warning: call to main actor-isolated instance method 'configure(dispatchService:)' in a synchronous nonisolated context
        viewModel.configure(dispatchService: mockDispatchService)
                  ^
PrintFarmer.DispatchViewModel.configure:2:26: note: calls to instance method 'configure(dispatchService:)' from outside of its actor context are implicitly asynchronous
@MainActor internal func configure(dispatchService: any PrintFarmer.DispatchServiceProtocol)}
                         ^
/Users/jpapiez/s/PFarm-Ios/PrintFarmerTests/ViewModels/DispatchViewModelTests.swift:16:9: warning: main actor-isolated property 'viewModel' can not be referenced from a nonisolated context
        viewModel.configure(dispatchService: mockDispatchService)
        ^
/Users/jpapiez/s/PFarm-Ios/PrintFarmerTests/ViewModels/DispatchViewModelTests.swift:10:17: note: property declared here
    private var viewModel: DispatchViewModel!
                ^
/Users/jpapiez/s/PFarm-Ios/PrintFarmerTests/ViewModels/DispatchViewModelTests.swift:16:46: warning: main actor-isolated property 'mockDispatchService' can not be referenced from a nonisolated context
        viewModel.configure(dispatchService: mockDispatchService)
                                             ^
/Users/jpapiez/s/PFarm-Ios/PrintFarmerTests/ViewModels/DispatchViewModelTests.swift:9:17: note: property declared here
    private var mockDispatchService: MockDispatchService!
                ^
/Users/jpapiez/s/PFarm-Ios/PrintFarmerTests/ViewModels/DispatchViewModelTests.swift:20:9: warning: main actor-isolated property 'viewModel' can not be mutated from a nonisolated context
        viewModel = nil
        ^
/Users/jpapiez/s/PFarm-Ios/PrintFarmerTests/ViewModels/DispatchViewModelTests.swift:10:17: note: mutation of this property is only permitted within the actor
    private var viewModel: DispatchViewModel!
                ^
/Users/jpapiez/s/PFarm-Ios/PrintFarmerTests/ViewModels/DispatchViewModelTests.swift:21:9: warning: main actor-isolated property 'mockDispatchService' can not be mutated from a nonisolated context
        mockDispatchService = nil
        ^
/Users/jpapiez/s/PFarm-Ios/PrintFarmerTests/ViewModels/DispatchViewModelTests.swift:9:17: note: mutation of this property is only permitted within the actor
    private var mockDispatchService: MockDispatchService!
                ^
/Users/jpapiez/s/PFarm-Ios/PrintFarmerTests/ViewModels/DispatchViewModelTests.swift:51:33: error: incorrect argument labels in call (have 'dispatchesLast24h:averageDispatchScore:autoDispatches:failedDispatches:', expected 'dispatchesLast24Hours:averageScoreLast24Hours:autoDispatchesLast24Hours:failedDispatchesLast24Hours:')
            stats: DispatchStats(
                                ^
/Users/jpapiez/s/PFarm-Ios/PrintFarmerTests/ViewModels/DispatchViewModelTests.swift:68:53: error: value of type 'DispatchStats' has no member 'dispatchesLast24h'
        XCTAssertEqual(viewModel.queueStatus?.stats.dispatchesLast24h, 42)
                       ~~~~~~~~~~~~~~~~~~~~~~~~~~~~ ^~~~~~~~~~~~~~~~~
/Users/jpapiez/s/PFarm-Ios/PrintFarmerTests/ViewModels/DispatchViewModelTests.swift:96:33: error: incorrect argument labels in call (have 'dispatchesLast24h:averageDispatchScore:autoDispatches:failedDispatches:', expected 'dispatchesLast24Hours:averageScoreLast24Hours:autoDispatchesLast24Hours:failedDispatchesLast24Hours:')
            stats: DispatchStats(
                                ^
/Users/jpapiez/s/PFarm-Ios/PrintFarmerTests/ViewModels/DispatchViewModelTests.swift:112:41: error: extra arguments at positions #1, #5, #6, #8 in call
        let entry = DispatchHistoryEntry(
                                        ^
PrintFarmer.DispatchHistoryEntry.init:2:10: note: 'init(id:printJobId:jobName:printerId:printerName:action:score:reason:createdAtUtc:)' declared here
internal init(id: UUID, printJobId: UUID, jobName: String?, printerId: UUID, printerName: String?, action: String, score: Double?, reason: String?, createdAtUtc: Date)}
         ^
/Users/jpapiez/s/PFarm-Ios/PrintFarmerTests/ViewModels/DispatchViewModelTests.swift:112:41: error: missing arguments for parameters 'id', 'printJobId', 'action', 'score', 'createdAtUtc' in call
        let entry = DispatchHistoryEntry(
                                        ^
PrintFarmer.DispatchHistoryEntry.init:2:10: note: 'init(id:printJobId:jobName:printerId:printerName:action:score:reason:createdAtUtc:)' declared here
internal init(id: UUID, printJobId: UUID, jobName: String?, printerId: UUID, printerName: String?, action: String, score: Double?, reason: String?, createdAtUtc: Date)}
         ^
/Users/jpapiez/s/PFarm-Ios/PrintFarmerTests/ViewModels/DispatchViewModelTests.swift:133:41: error: cannot use optional chaining on non-optional value of type '[DispatchHistoryEntry]'
        XCTAssertEqual(viewModel.history?.items.count, 1)
                       ~~~~~~~~~~~~~~~~~^
                                        
/Users/jpapiez/s/PFarm-Ios/PrintFarmerTests/ViewModels/DispatchViewModelTests.swift:133:43: error: value of type '[DispatchHistoryEntry]' has no member 'items'
        XCTAssertEqual(viewModel.history?.items.count, 1)
                       ~~~~~~~~~~~~~~~~~~ ^~~~~
/Users/jpapiez/s/PFarm-Ios/PrintFarmerTests/ViewModels/DispatchViewModelTests.swift:134:41: error: cannot use optional chaining on non-optional value of type '[DispatchHistoryEntry]'
        XCTAssertEqual(viewModel.history?.items.first?.jobId, 1)
                       ~~~~~~~~~~~~~~~~~^
                                        
/Users/jpapiez/s/PFarm-Ios/PrintFarmerTests/ViewModels/DispatchViewModelTests.swift:134:43: error: value of type '[DispatchHistoryEntry]' has no member 'items'
        XCTAssertEqual(viewModel.history?.items.first?.jobId, 1)
                       ~~~~~~~~~~~~~~~~~~ ^~~~~
/Users/jpapiez/s/PFarm-Ios/PrintFarmerTests/ViewModels/DispatchViewModelTests.swift:135:41: error: cannot use optional chaining on non-optional value of type '[DispatchHistoryEntry]'
        XCTAssertEqual(viewModel.history?.items.first?.actionType, "auto_dispatch")
                       ~~~~~~~~~~~~~~~~~^
                                        
/Users/jpapiez/s/PFarm-Ios/PrintFarmerTests/ViewModels/DispatchViewModelTests.swift:135:43: error: value of type '[DispatchHistoryEntry]' has no member 'items'
        XCTAssertEqual(viewModel.history?.items.first?.actionType, "auto_dispatch")
                       ~~~~~~~~~~~~~~~~~~ ^~~~~
/Users/jpapiez/s/PFarm-Ios/PrintFarmerTests/ViewModels/DispatchViewModelTests.swift:136:41: error: cannot use optional chaining on non-optional value of type '[DispatchHistoryEntry]'
        XCTAssertEqual(viewModel.history?.items.first?.dispatchScore, 92.5)
                       ~~~~~~~~~~~~~~~~~^
                                        
/Users/jpapiez/s/PFarm-Ios/PrintFarmerTests/ViewModels/DispatchViewModelTests.swift:136:43: error: value of type '[DispatchHistoryEntry]' has no member 'items'
        XCTAssertEqual(viewModel.history?.items.first?.dispatchScore, 92.5)
                       ~~~~~~~~~~~~~~~~~~ ^~~~~
/Users/jpapiez/s/PFarm-Ios/PrintFarmerTests/ViewModels/DispatchViewModelTests.swift:164:33: error: incorrect argument labels in call (have 'dispatchesLast24h:averageDispatchScore:autoDispatches:failedDispatches:', expected 'dispatchesLast24Hours:averageScoreLast24Hours:autoDispatchesLast24Hours:failedDispatchesLast24Hours:')
            stats: DispatchStats(
                                ^
/Users/jpapiez/s/PFarm-Ios/PrintFarmerTests/ViewModels/DispatchViewModelTests.swift:188:33: error: incorrect argument labels in call (have 'dispatchesLast24h:averageDispatchScore:autoDispatches:failedDispatches:', expected 'dispatchesLast24Hours:averageScoreLast24Hours:autoDispatchesLast24Hours:failedDispatchesLast24Hours:')
            stats: DispatchStats(
                                ^
/Users/jpapiez/s/PFarm-Ios/PrintFarmerTests/ViewModels/DispatchViewModelTests.swift:212:33: error: incorrect argument labels in call (have 'dispatchesLast24h:averageDispatchScore:autoDispatches:failedDispatches:', expected 'dispatchesLast24Hours:averageScoreLast24Hours:autoDispatchesLast24Hours:failedDispatchesLast24Hours:')
            stats: DispatchStats(
                                ^

SwiftCompile normal arm64 /Users/jpapiez/s/PFarm-Ios/PrintFarmerTests/ViewModels/UptimeViewModelTests.swift (in target 'PrintFarmerTests' from project 'PrintFarmer')
    cd /Users/jpapiez/s/PFarm-Ios
    
/Users/jpapiez/s/PFarm-Ios/PrintFarmerTests/ViewModels/UptimeViewModelTests.swift:14:9: warning: main actor-isolated property 'mockMaintenanceService' can not be mutated from a nonisolated context
        mockMaintenanceService = MockMaintenanceService()
        ^
/Users/jpapiez/s/PFarm-Ios/PrintFarmerTests/ViewModels/UptimeViewModelTests.swift:9:17: note: mutation of this property is only permitted within the actor
    private var mockMaintenanceService: MockMaintenanceService!
                ^
/Users/jpapiez/s/PFarm-Ios/PrintFarmerTests/ViewModels/UptimeViewModelTests.swift:15:9: warning: main actor-isolated property 'viewModel' can not be mutated from a nonisolated context
        viewModel = UptimeViewModel()
        ^
/Users/jpapiez/s/PFarm-Ios/PrintFarmerTests/ViewModels/UptimeViewModelTests.swift:10:17: note: mutation of this property is only permitted within the actor
    private var viewModel: UptimeViewModel!
                ^
/Users/jpapiez/s/PFarm-Ios/PrintFarmerTests/ViewModels/UptimeViewModelTests.swift:15:21: warning: call to main actor-isolated initializer 'init()' in a synchronous nonisolated context
        viewModel = UptimeViewModel()
                    ^
PrintFarmer.UptimeViewModel.init:2:21: note: calls to initializer 'init()' from outside of its actor context are implicitly asynchronous
@MainActor internal init()}
                    ^
/Users/jpapiez/s/PFarm-Ios/PrintFarmerTests/ViewModels/UptimeViewModelTests.swift:16:19: warning: call to main actor-isolated instance method 'configure(maintenanceService:)' in a synchronous nonisolated context
        viewModel.configure(maintenanceService: mockMaintenanceService)
                  ^
PrintFarmer.UptimeViewModel.configure:2:26: note: calls to instance method 'configure(maintenanceService:)' from outside of its actor context are implicitly asynchronous
@MainActor internal func configure(maintenanceService: any PrintFarmer.MaintenanceServiceProtocol)}
                         ^
/Users/jpapiez/s/PFarm-Ios/PrintFarmerTests/ViewModels/UptimeViewModelTests.swift:16:9: warning: main actor-isolated property 'viewModel' can not be referenced from a nonisolated context
        viewModel.configure(maintenanceService: mockMaintenanceService)
        ^
/Users/jpapiez/s/PFarm-Ios/PrintFarmerTests/ViewModels/UptimeViewModelTests.swift:10:17: note: property declared here
    private var viewModel: UptimeViewModel!
                ^
/Users/jpapiez/s/PFarm-Ios/PrintFarmerTests/ViewModels/UptimeViewModelTests.swift:16:49: warning: main actor-isolated property 'mockMaintenanceService' can not be referenced from a nonisolated context
        viewModel.configure(maintenanceService: mockMaintenanceService)
                                                ^
/Users/jpapiez/s/PFarm-Ios/PrintFarmerTests/ViewModels/UptimeViewModelTests.swift:9:17: note: property declared here
    private var mockMaintenanceService: MockMaintenanceService!
                ^
/Users/jpapiez/s/PFarm-Ios/PrintFarmerTests/ViewModels/UptimeViewModelTests.swift:20:9: warning: main actor-isolated property 'viewModel' can not be mutated from a nonisolated context
        viewModel = nil
        ^
/Users/jpapiez/s/PFarm-Ios/PrintFarmerTests/ViewModels/UptimeViewModelTests.swift:10:17: note: mutation of this property is only permitted within the actor
    private var viewModel: UptimeViewModel!
                ^
/Users/jpapiez/s/PFarm-Ios/PrintFarmerTests/ViewModels/UptimeViewModelTests.swift:21:9: warning: main actor-isolated property 'mockMaintenanceService' can not be mutated from a nonisolated context
        mockMaintenanceService = nil
        ^
/Users/jpapiez/s/PFarm-Ios/PrintFarmerTests/ViewModels/UptimeViewModelTests.swift:9:17: note: mutation of this property is only permitted within the actor
    private var mockMaintenanceService: MockMaintenanceService!
                ^
/Users/jpapiez/s/PFarm-Ios/PrintFarmerTests/ViewModels/UptimeViewModelTests.swift:39:13: error: argument 'printerName' must precede argument 'printerId'
            printerName: "Prusa MK3",
~~~~~~~~~~~~^~~~~~~~~~~~~~~~~~~~~~~~
/Users/jpapiez/s/PFarm-Ios/PrintFarmerTests/ViewModels/UptimeViewModelTests.swift:46:13: error: argument 'printerName' must precede argument 'printerId'
            printerName: "Ender 3",
~~~~~~~~~~~~^~~~~~~~~~~~~~~~~~~~~~
/Users/jpapiez/s/PFarm-Ios/PrintFarmerTests/ViewModels/UptimeViewModelTests.swift:51:47: error: extra arguments at positions #1, #2, #3, #4, #5, #6 in call
        let fleetStat = FleetPrinterStatistics(
                                              ^
PrintFarmer.FleetPrinterStatistics.init:2:10: note: 'init(from:)' declared here
internal init(from decoder: any Decoder) throws}
         ^
/Users/jpapiez/s/PFarm-Ios/PrintFarmerTests/ViewModels/UptimeViewModelTests.swift:52:13: error: missing argument for parameter 'from' in call
            printerId: UUID(),
            ^
            from: <#any Decoder#>, 
PrintFarmer.FleetPrinterStatistics.init:2:10: note: 'init(from:)' declared here
internal init(from decoder: any Decoder) throws}
         ^
/Users/jpapiez/s/PFarm-Ios/PrintFarmerTests/ViewModels/UptimeViewModelTests.swift:68:52: error: value of type 'FleetPrinterStatistics' has no member 'totalJobs'
        XCTAssertEqual(viewModel.fleetStats.first?.totalJobs, 150)
                       ~~~~~~~~~~~~~~~~~~~~~~~~~~~ ^~~~~~~~~
/Users/jpapiez/s/PFarm-Ios/PrintFarmerTests/ViewModels/UptimeViewModelTests.swift:121:13: error: argument 'printerName' must precede argument 'printerId'
            printerName: "Prusa MK3",
~~~~~~~~~~~~^~~~~~~~~~~~~~~~~~~~~~~~
/Users/jpapiez/s/PFarm-Ios/PrintFarmerTests/ViewModels/UptimeViewModelTests.swift:128:13: error: argument 'printerName' must precede argument 'printerId'
            printerName: "Ender 3",
~~~~~~~~~~~~^~~~~~~~~~~~~~~~~~~~~~
/Users/jpapiez/s/PFarm-Ios/PrintFarmerTests/ViewModels/UptimeViewModelTests.swift:135:13: error: argument 'printerName' must precede argument 'printerId'
            printerName: "Anycubic",
~~~~~~~~~~~~^~~~~~~~~~~~~~~~~~~~~~~
/Users/jpapiez/s/PFarm-Ios/PrintFarmerTests/ViewModels/UptimeViewModelTests.swift:155:13: error: argument 'printerName' must precede argument 'printerId'
            printerName: "Prusa MK3",
~~~~~~~~~~~~^~~~~~~~~~~~~~~~~~~~~~~~
/Users/jpapiez/s/PFarm-Ios/PrintFarmerTests/ViewModels/UptimeViewModelTests.swift:162:13: error: argument 'printerName' must precede argument 'printerId'
            printerName: "Ender 3",
~~~~~~~~~~~~^~~~~~~~~~~~~~~~~~~~~~
/Users/jpapiez/s/PFarm-Ios/PrintFarmerTests/ViewModels/UptimeViewModelTests.swift:182:13: error: argument 'printerName' must precede argument 'printerId'
            printerName: "Prusa MK3",
~~~~~~~~~~~~^~~~~~~~~~~~~~~~~~~~~~~~
/Users/jpapiez/s/PFarm-Ios/PrintFarmerTests/ViewModels/UptimeViewModelTests.swift:189:13: error: argument 'printerName' must precede argument 'printerId'
            printerName: "Ender 3",
~~~~~~~~~~~~^~~~~~~~~~~~~~~~~~~~~~
/Users/jpapiez/s/PFarm-Ios/PrintFarmerTests/ViewModels/UptimeViewModelTests.swift:196:13: error: argument 'printerName' must precede argument 'printerId'
            printerName: "Anycubic",
~~~~~~~~~~~~^~~~~~~~~~~~~~~~~~~~~~~
/Users/jpapiez/s/PFarm-Ios/PrintFarmerTests/ViewModels/UptimeViewModelTests.swift:218:13: error: argument 'printerName' must precede argument 'printerId'
            printerName: "Prusa MK3",
~~~~~~~~~~~~^~~~~~~~~~~~~~~~~~~~~~~~
/Users/jpapiez/s/PFarm-Ios/PrintFarmerTests/ViewModels/UptimeViewModelTests.swift:231:13: error: argument 'printerName' must precede argument 'printerId'
            printerName: "Prusa MK3",
~~~~~~~~~~~~^~~~~~~~~~~~~~~~~~~~~~~~

/Applications/Xcode.app/Contents/Developer/Toolchains/XcodeDefault.xctoolchain/usr/bin/swift-frontend -frontend -c /Users/jpapiez/s/PFarm-Ios/PrintFarmerTests/Mocks/MockMaintenanceService.swift /Users/jpapiez/s/PFarm-Ios/PrintFarmerTests/Mocks/MockAutoPrintService.swift /Users/jpapiez/s/PFarm-Ios/PrintFarmerTests/Mocks/MockJobAnalyticsService.swift /Users/jpapiez/s/PFarm-Ios/PrintFarmerTests/Mocks/MockPredictiveService.swift /Users/jpapiez/s/PFarm-Ios/PrintFarmerTests/Mocks/MockDispatchService.swift /Users/jpapiez/s/PFarm-Ios/PrintFarmerTests/ViewModels/MaintenanceViewModelTests.swift /Users/jpapiez/s/PFarm-Ios/PrintFarmerTests/ViewModels/AutoPrintViewModelTests.swift /Users/jpapiez/s/PFarm-Ios/PrintFarmerTests/ViewModels/JobAnalyticsViewModelTests.swift /Users/jpapiez/s/PFarm-Ios/PrintFarmerTests/ViewModels/JobHistoryViewModelTests.swift -primary-file /Users/jpapiez/s/PFarm-Ios/PrintFarmerTests/ViewModels/PredictiveViewModelTests.swift -primary-file /Users/jpapiez/s/PFarm-Ios/PrintFarmerTests/ViewModels/DispatchViewModelTests.swift -primary-file /Users/jpapiez/s/PFarm-Ios/PrintFarmerTests/ViewModels/UptimeViewModelTests.swift /Users/jpapiez/s/PFarm-Ios/PrintFarmerTests/ModelsTests.swift /Users/jpapiez/s/PFarm-Ios/PrintFarmerTests/Helpers/MockURLProtocol.swift /Users/jpapiez/s/PFarm-Ios/PrintFarmerTests/Helpers/MockAPIServer.swift /Users/jpapiez/s/PFarm-Ios/PrintFarmerTests/Helpers/TestFixtures.swift /Users/jpapiez/s/PFarm-Ios/PrintFarmerTests/Mocks/MockAPIClient.swift /Users/jpapiez/s/PFarm-Ios/PrintFarmerTests/Mocks/MockAuthService.swift /Users/jpapiez/s/PFarm-Ios/PrintFarmerTests/Mocks/MockJobService.swift /Users/jpapiez/s/PFarm-Ios/PrintFarmerTests/Mocks/MockNotificationService.swift /Users/jpapiez/s/PFarm-Ios/PrintFarmerTests/Mocks/MockPrinterService.swift /Users/jpapiez/s/PFarm-Ios/PrintFarmerTests/Mocks/MockSignalRService.swift /Users/jpapiez/s/PFarm-Ios/PrintFarmerTests/Mocks/MockStatisticsService.swift /Users/jpapiez/s/PFarm-Ios/PrintFarmerTests/Mocks/TestProtocols.swift /Users/jpapiez/s/PFarm-Ios/PrintFarmerTests/Models/ModelDecodingTests.swift /Users/jpapiez/s/PFarm-Ios/PrintFarmerTests/Services/APIClientTests.swift /Users/jpapiez/s/PFarm-Ios/PrintFarmerTests/Services/AuthServiceTests.swift /Users/jpapiez/s/PFarm-Ios/PrintFarmerTests/Services/PrinterServiceTests.swift /Users/jpapiez/s/PFarm-Ios/PrintFarmerTests/ViewModels/DashboardViewModelTests.swift /Users/jpapiez/s/PFarm-Ios/PrintFarmerTests/ViewModels/LoginViewModelTests.swift /Users/jpapiez/s/PFarm-Ios/PrintFarmerTests/ViewModels/PrinterDetailViewModelTests.swift /Users/jpapiez/s/PFarm-Ios/PrintFarmerTests/ViewModels/PrinterListViewModelTests.swift /Users/jpapiez/s/PFarm-Ios/PrintFarmerTests/ViewModels/AuthViewModelTests.swift /Users/jpapiez/s/PFarm-Ios/PrintFarmerTests/ViewModels/JobListViewModelTests.swift /Users/jpapiez/s/PFarm-Ios/PrintFarmerTests/ViewModels/JobDetailViewModelTests.swift /Users/jpapiez/s/PFarm-Ios/PrintFarmerTests/ViewModels/NotificationsViewModelTests.swift /Users/jpapiez/s/PFarm-Ios/PrintFarmerTests/Mocks/MockQRSpoolScannerService.swift /Users/jpapiez/s/PFarm-Ios/PrintFarmerTests/Mocks/MockNFCService.swift /Users/jpapiez/s/PFarm-Ios/PrintFarmerTests/Utilities/QRCodeParserTests.swift /Users/jpapiez/s/PFarm-Ios/PrintFarmerTests/Utilities/NFCTagParserTests.swift /Users/jpapiez/s/PFarm-Ios/PrintFarmerTests/Mocks/MockScannerService.swift /Users/jpapiez/s/PFarm-Ios/PrintFarmerTests/ViewModels/SpoolPickerViewModelScanTests.swift /Users/jpapiez/s/PFarm-Ios/PrintFarmerTests/Mocks/MockSpoolService.swift /Users/jpapiez/s/PFarm-Ios/PrintFarmerTests/ViewModels/AddSpoolViewModelTests.swift /Users/jpapiez/s/PFarm-Ios/PrintFarmerTests/ViewModels/SpoolInventoryViewModelTests.swift -supplementary-output-file-map /Users/jpapiez/Library/Developer/Xcode/DerivedData/PrintFarmer-byzwiywlonqvgbabpubbocwdkoyx/Build/Intermediates.noindex/PrintFarmer.build/Debug-iphonesimulator/PrintFarmerTests.build/Objects-normal/arm64/supplementaryOutputs-4 -target arm64-apple-ios17.0-simulator -load-resolved-plugin /Applications/Xcode.app/Contents/Developer/Platforms/iPhoneOS.platform/Developer/usr/lib/swift/host/plugins/libFoundationMacros.dylib\#/Applications/Xcode.app/Contents/Developer/Platforms/iPhoneOS.platform/Developer/usr/bin/swift-plugin-server\#FoundationMacros -load-resolved-plugin /Applications/Xcode.app/Contents/Developer/Platforms/iPhoneOS.platform/Developer/usr/lib/swift/host/plugins/libObservationMacros.dylib\#/Applications/Xcode.app/Contents/Developer/Platforms/iPhoneOS.platform/Developer/usr/bin/swift-plugin-server\#ObservationMacros -load-resolved-plugin /Applications/Xcode.app/Contents/Developer/Platforms/iPhoneOS.platform/Developer/usr/lib/swift/host/plugins/libPreviewsMacros.dylib\#/Applications/Xcode.app/Contents/Developer/Platforms/iPhoneOS.platform/Developer/usr/bin/swift-plugin-server\#PreviewsMacros -load-resolved-plugin /Applications/Xcode.app/Contents/Developer/Platforms/iPhoneOS.platform/Developer/usr/lib/swift/host/plugins/libSwiftMacros.dylib\#/Applications/Xcode.app/Contents/Developer/Platforms/iPhoneOS.platform/Developer/usr/bin/swift-plugin-server\#SwiftMacros -load-resolved-plugin /Applications/Xcode.app/Contents/Developer/Platforms/iPhoneOS.platform/Developer/usr/lib/swift/host/plugins/libSwiftUIMacros.dylib\#/Applications/Xcode.app/Contents/Developer/Platforms/iPhoneOS.platform/Developer/usr/bin/swift-plugin-server\#SwiftUIMacros -disable-implicit-swift-modules -Xcc -fno-implicit-modules -Xcc -fno-implicit-module-maps -explicit-swift-module-map-file /Users/jpapiez/Library/Developer/Xcode/DerivedData/PrintFarmer-byzwiywlonqvgbabpubbocwdkoyx/Build/Intermediates.noindex/PrintFarmer.build/Debug-iphonesimulator/PrintFarmerTests.build/Objects-normal/arm64/PrintFarmerTests-dependencies-1.json -Xllvm -aarch64-use-tbi -enable-objc-interop -sdk /Applications/Xcode.app/Contents/Developer/Platforms/iPhoneSimulator.platform/Developer/SDKs/iPhoneSimulator26.2.sdk -I /Users/jpapiez/Library/Developer/Xcode/DerivedData/PrintFarmer-byzwiywlonqvgbabpubbocwdkoyx/Build/Products/Debug-iphonesimulator -Isystem /Applications/Xcode.app/Contents/Developer/Platforms/iPhoneSimulator.platform/Developer/usr/lib -F /Users/jpapiez/Library/Developer/Xcode/DerivedData/PrintFarmer-byzwiywlonqvgbabpubbocwdkoyx/Build/Products/Debug-iphonesimulator/PackageFrameworks -F /Users/jpapiez/Library/Developer/Xcode/DerivedData/PrintFarmer-byzwiywlonqvgbabpubbocwdkoyx/Build/Products/Debug-iphonesimulator -F /Applications/Xcode.app/Contents/Developer/Platforms/iPhoneSimulator.platform/Developer/Library/Frameworks -F /Applications/Xcode.app/Contents/Developer/Platforms/iPhoneSimulator.platform/Developer/SDKs/iPhoneSimulator26.2.sdk/Developer/Library/Frameworks -no-color-diagnostics -Xcc -fno-color-diagnostics -enable-testing -g -debug-info-format\=dwarf -dwarf-version\=4 -module-cache-path /Users/jpapiez/Library/Developer/Xcode/DerivedData/PrintFarmer-byzwiywlonqvgbabpubbocwdkoyx/Build/Intermediates.noindex/SwiftExplicitPrecompiledModules -profile-generate -profile-coverage-mapping -swift-version 6 -enforce-exclusivity\=checked -Onone -D DEBUG -serialize-debugging-options -const-gather-protocols-file /Users/jpapiez/Library/Developer/Xcode/DerivedData/PrintFarmer-byzwiywlonqvgbabpubbocwdkoyx/Build/Intermediates.noindex/PrintFarmer.build/Debug-iphonesimulator/PrintFarmerTests.build/Objects-normal/arm64/PrintFarmerTests_const_extract_protocols.json -enable-experimental-feature DebugDescriptionMacro -empty-abi-descriptor -validate-clang-modules-once -clang-build-session-file /Users/jpapiez/Library/Developer/Xcode/DerivedData/ModuleCache.noindex/Session.modulevalidation -Xcc -working-directory -Xcc /Users/jpapiez/s/PFarm-Ios -enable-anonymous-context-mangled-names -file-compilation-dir /Users/jpapiez/s/PFarm-Ios -Xcc -D_LIBCPP_HARDENING_MODE\=_LIBCPP_HARDENING_MODE_DEBUG -Xcc -ivfsstatcache -Xcc /Users/jpapiez/Library/Developer/Xcode/DerivedData/SDKStatCaches.noindex/iphonesimulator26.2-23C53-7d00a8b37fbd7999ea79df8ebc024bf0.sdkstatcache -Xcc -I/Users/jpapiez/Library/Developer/Xcode/DerivedData/PrintFarmer-byzwiywlonqvgbabpubbocwdkoyx/Build/Intermediates.noindex/PrintFarmer.build/Debug-iphonesimulator/PrintFarmerTests.build/swift-overrides.hmap -Xcc -iquote -Xcc /Users/jpapiez/Library/Developer/Xcode/DerivedData/PrintFarmer-byzwiywlonqvgbabpubbocwdkoyx/Build/Intermediates.noindex/PrintFarmer.build/Debug-iphonesimulator/PrintFarmerTests.build/PrintFarmerTests-generated-files.hmap -Xcc -I/Users/jpapiez/Library/Developer/Xcode/DerivedData/PrintFarmer-byzwiywlonqvgbabpubbocwdkoyx/Build/Intermediates.noindex/PrintFarmer.build/Debug-iphonesimulator/PrintFarmerTests.build/PrintFarmerTests-own-target-headers.hmap -Xcc -I/Users/jpapiez/Library/Developer/Xcode/DerivedData/PrintFarmer-byzwiywlonqvgbabpubbocwdkoyx/Build/Intermediates.noindex/PrintFarmer.build/Debug-iphonesimulator/PrintFarmerTests.build/PrintFarmerTests-all-non-framework-target-headers.hmap -Xcc -ivfsoverlay -Xcc /Users/jpapiez/Library/Developer/Xcode/DerivedData/PrintFarmer-byzwiywlonqvgbabpubbocwdkoyx/Build/Intermediates.noindex/PrintFarmer.build/Debug-iphonesimulator/PrintFarmer-b2cc81fe91e9a52faac3958ec00b5b54-VFS-iphonesimulator/all-product-headers.yaml -Xcc -iquote -Xcc /Users/jpapiez/Library/Developer/Xcode/DerivedData/PrintFarmer-byzwiywlonqvgbabpubbocwdkoyx/Build/Intermediates.noindex/PrintFarmer.build/Debug-iphonesimulator/PrintFarmerTests.build/PrintFarmerTests-project-headers.hmap -Xcc -I/Users/jpapiez/Library/Developer/Xcode/DerivedData/PrintFarmer-byzwiywlonqvgbabpubbocwdkoyx/Build/Products/Debug-iphonesimulator/include -Xcc -I/Users/jpapiez/Library/Developer/Xcode/DerivedData/PrintFarmer-byzwiywlonqvgbabpubbocwdkoyx/Build/Intermediates.noindex/PrintFarmer.build/Debug-iphonesimulator/PrintFarmerTests.build/DerivedSources-normal/arm64 -Xcc -I/Users/jpapiez/Library/Developer/Xcode/DerivedData/PrintFarmer-byzwiywlonqvgbabpubbocwdkoyx/Build/Intermediates.noindex/PrintFarmer.build/Debug-iphonesimulator/PrintFarmerTests.build/DerivedSources/arm64 -Xcc -I/Users/jpapiez/Library/Developer/Xcode/DerivedData/PrintFarmer-byzwiywlonqvgbabpubbocwdkoyx/Build/Intermediates.noindex/PrintFarmer.build/Debug-iphonesimulator/PrintFarmerTests.build/DerivedSources -Xcc -DDEBUG\=1 -no-auto-bridging-header-chaining -module-name PrintFarmerTests -frontend-parseable-output -disable-clang-spi -target-sdk-version 26.2 -target-sdk-name iphonesimulator26.2 -clang-target arm64-apple-ios26.2-simulator -in-process-plugin-server-path /Applications/Xcode.app/Contents/Developer/Toolchains/XcodeDefault.xctoolchain/usr/lib/swift/host/libSwiftInProcPluginServer.dylib -o /Users/jpapiez/Library/Developer/Xcode/DerivedData/PrintFarmer-byzwiywlonqvgbabpubbocwdkoyx/Build/Intermediates.noindex/PrintFarmer.build/Debug-iphonesimulator/PrintFarmerTests.build/Objects-normal/arm64/PredictiveViewModelTests.o -o /Users/jpapiez/Library/Developer/Xcode/DerivedData/PrintFarmer-byzwiywlonqvgbabpubbocwdkoyx/Build/Intermediates.noindex/PrintFarmer.build/Debug-iphonesimulator/PrintFarmerTests.build/Objects-normal/arm64/DispatchViewModelTests.o -o /Users/jpapiez/Library/Developer/Xcode/DerivedData/PrintFarmer-byzwiywlonqvgbabpubbocwdkoyx/Build/Intermediates.noindex/PrintFarmer.build/Debug-iphonesimulator/PrintFarmerTests.build/Objects-normal/arm64/UptimeViewModelTests.o -index-unit-output-path /PrintFarmer.build/Debug-iphonesimulator/PrintFarmerTests.build/Objects-normal/arm64/PredictiveViewModelTests.o -index-unit-output-path /PrintFarmer.build/Debug-iphonesimulator/PrintFarmerTests.build/Objects-normal/arm64/DispatchViewModelTests.o -index-unit-output-path /PrintFarmer.build/Debug-iphonesimulator/PrintFarmerTests.build/Objects-normal/arm64/UptimeViewModelTests.o -index-store-path /Users/jpapiez/Library/Developer/Xcode/DerivedData/PrintFarmer-byzwiywlonqvgbabpubbocwdkoyx/Index.noindex/DataStore -index-system-modules
SwiftCompile normal arm64 Compiling\ MockPredictiveService.swift,\ MockDispatchService.swift,\ MaintenanceViewModelTests.swift /Users/jpapiez/s/PFarm-Ios/PrintFarmerTests/Mocks/MockPredictiveService.swift /Users/jpapiez/s/PFarm-Ios/PrintFarmerTests/Mocks/MockDispatchService.swift /Users/jpapiez/s/PFarm-Ios/PrintFarmerTests/ViewModels/MaintenanceViewModelTests.swift (in target 'PrintFarmerTests' from project 'PrintFarmer')
SwiftCompile normal arm64 /Users/jpapiez/s/PFarm-Ios/PrintFarmerTests/Mocks/MockPredictiveService.swift (in target 'PrintFarmerTests' from project 'PrintFarmer')
    cd /Users/jpapiez/s/PFarm-Ios
    
/Users/jpapiez/s/PFarm-Ios/PrintFarmerTests/Mocks/MockPredictiveService.swift:4:13: error: type 'MockPredictiveService' does not conform to protocol 'PredictiveServiceProtocol'
final class MockPredictiveService: PredictiveServiceProtocol, @unchecked Sendable {
            ^
/Users/jpapiez/s/PFarm-Ios/PrintFarmerTests/Mocks/MockPredictiveService.swift:21:10: note: candidate has non-matching type '(Int) async throws -> [MaintenanceForecast]'
    func getMaintenanceForecast(days: Int) async throws -> [MaintenanceForecast] {
         ^
/Users/jpapiez/s/PFarm-Ios/PrintFarmerTests/Mocks/MockPredictiveService.swift:4:13: note: add stubs for conformance
final class MockPredictiveService: PredictiveServiceProtocol, @unchecked Sendable {
            ^
PrintFarmer.PredictiveServiceProtocol.getMaintenanceForecast:2:6: note: protocol requires function 'getMaintenanceForecast(days:)' with type '(Int?) async throws -> [MaintenanceForecast]'
func getMaintenanceForecast(days: Int?) async throws -> [PrintFarmer.MaintenanceForecast]}
     ^

SwiftCompile normal arm64 /Users/jpapiez/s/PFarm-Ios/PrintFarmerTests/Mocks/MockDispatchService.swift (in target 'PrintFarmerTests' from project 'PrintFarmer')
    cd /Users/jpapiez/s/PFarm-Ios
    
/Users/jpapiez/s/PFarm-Ios/PrintFarmerTests/Mocks/MockDispatchService.swift:4:13: error: type 'MockDispatchService' does not conform to protocol 'DispatchServiceProtocol'
final class MockDispatchService: DispatchServiceProtocol, @unchecked Sendable {
            ^
/Users/jpapiez/s/PFarm-Ios/PrintFarmerTests/Mocks/MockDispatchService.swift:19:10: note: candidate has non-matching type '(Int, Int) async throws -> DispatchHistoryPage'
    func getHistory(page: Int, pageSize: Int) async throws -> DispatchHistoryPage {
         ^
/Users/jpapiez/s/PFarm-Ios/PrintFarmerTests/Mocks/MockDispatchService.swift:4:13: note: add stubs for conformance
final class MockDispatchService: DispatchServiceProtocol, @unchecked Sendable {
            ^
PrintFarmer.DispatchServiceProtocol.getHistory:2:6: note: protocol requires function 'getHistory(page:pageSize:)' with type '(Int?, Int?) async throws -> DispatchHistoryPage'
func getHistory(page: Int?, pageSize: Int?) async throws -> PrintFarmer.DispatchHistoryPage}
     ^

SwiftCompile normal arm64 /Users/jpapiez/s/PFarm-Ios/PrintFarmerTests/ViewModels/MaintenanceViewModelTests.swift (in target 'PrintFarmerTests' from project 'PrintFarmer')
    cd /Users/jpapiez/s/PFarm-Ios
    
/Users/jpapiez/s/PFarm-Ios/PrintFarmerTests/ViewModels/MaintenanceViewModelTests.swift:14:9: warning: main actor-isolated property 'mockMaintenanceService' can not be mutated from a nonisolated context
        mockMaintenanceService = MockMaintenanceService()
        ^
/Users/jpapiez/s/PFarm-Ios/PrintFarmerTests/ViewModels/MaintenanceViewModelTests.swift:9:17: note: mutation of this property is only permitted within the actor
    private var mockMaintenanceService: MockMaintenanceService!
                ^
/Users/jpapiez/s/PFarm-Ios/PrintFarmerTests/ViewModels/MaintenanceViewModelTests.swift:15:9: warning: main actor-isolated property 'viewModel' can not be mutated from a nonisolated context
        viewModel = MaintenanceViewModel()
        ^
/Users/jpapiez/s/PFarm-Ios/PrintFarmerTests/ViewModels/MaintenanceViewModelTests.swift:10:17: note: mutation of this property is only permitted within the actor
    private var viewModel: MaintenanceViewModel!
                ^
/Users/jpapiez/s/PFarm-Ios/PrintFarmerTests/ViewModels/MaintenanceViewModelTests.swift:15:21: warning: call to main actor-isolated initializer 'init()' in a synchronous nonisolated context
        viewModel = MaintenanceViewModel()
                    ^
PrintFarmer.MaintenanceViewModel.init:2:21: note: calls to initializer 'init()' from outside of its actor context are implicitly asynchronous
@MainActor internal init()}
                    ^
/Users/jpapiez/s/PFarm-Ios/PrintFarmerTests/ViewModels/MaintenanceViewModelTests.swift:16:19: warning: call to main actor-isolated instance method 'configure(maintenanceService:)' in a synchronous nonisolated context
        viewModel.configure(maintenanceService: mockMaintenanceService)
                  ^
PrintFarmer.MaintenanceViewModel.configure:2:26: note: calls to instance method 'configure(maintenanceService:)' from outside of its actor context are implicitly asynchronous
@MainActor internal func configure(maintenanceService: any PrintFarmer.MaintenanceServiceProtocol)}
                         ^
/Users/jpapiez/s/PFarm-Ios/PrintFarmerTests/ViewModels/MaintenanceViewModelTests.swift:16:9: warning: main actor-isolated property 'viewModel' can not be referenced from a nonisolated context
        viewModel.configure(maintenanceService: mockMaintenanceService)
        ^
/Users/jpapiez/s/PFarm-Ios/PrintFarmerTests/ViewModels/MaintenanceViewModelTests.swift:10:17: note: property declared here
    private var viewModel: MaintenanceViewModel!
                ^
/Users/jpapiez/s/PFarm-Ios/PrintFarmerTests/ViewModels/MaintenanceViewModelTests.swift:16:49: warning: main actor-isolated property 'mockMaintenanceService' can not be referenced from a nonisolated context
        viewModel.configure(maintenanceService: mockMaintenanceService)
                                                ^
/Users/jpapiez/s/PFarm-Ios/PrintFarmerTests/ViewModels/MaintenanceViewModelTests.swift:9:17: note: property declared here
    private var mockMaintenanceService: MockMaintenanceService!
                ^
/Users/jpapiez/s/PFarm-Ios/PrintFarmerTests/ViewModels/MaintenanceViewModelTests.swift:20:9: warning: main actor-isolated property 'viewModel' can not be mutated from a nonisolated context
        viewModel = nil
        ^
/Users/jpapiez/s/PFarm-Ios/PrintFarmerTests/ViewModels/MaintenanceViewModelTests.swift:10:17: note: mutation of this property is only permitted within the actor
    private var viewModel: MaintenanceViewModel!
                ^
/Users/jpapiez/s/PFarm-Ios/PrintFarmerTests/ViewModels/MaintenanceViewModelTests.swift:21:9: warning: main actor-isolated property 'mockMaintenanceService' can not be mutated from a nonisolated context
        mockMaintenanceService = nil
        ^
/Users/jpapiez/s/PFarm-Ios/PrintFarmerTests/ViewModels/MaintenanceViewModelTests.swift:9:17: note: mutation of this property is only permitted within the actor
    private var mockMaintenanceService: MockMaintenanceService!
                ^
/Users/jpapiez/s/PFarm-Ios/PrintFarmerTests/ViewModels/MaintenanceViewModelTests.swift:45:24: error: extra argument 'timestamp' in call
            timestamp: Date(),
~~~~~~~~~~~~~~~~~~~~~~~^~~~~~~
/Users/jpapiez/s/PFarm-Ios/PrintFarmerTests/ViewModels/MaintenanceViewModelTests.swift:39:37: error: missing arguments for parameters 'alertType', 'recommendedAction', 'createdAt', 'acknowledgedBy' in call
        let alert = MaintenanceAlert(
                                    ^
PrintFarmer.MaintenanceAlert.init:2:10: note: 'init(id:alertType:severity:message:printerId:printerName:recommendedAction:createdAt:acknowledgedAt:acknowledgedBy:resolvedAt:dismissedAt:)' declared here
internal init(id: UUID, alertType: String, severity: String, message: String, printerId: UUID, printerName: String, recommendedAction: String?, createdAt: Date, acknowledgedAt: Date?, acknowledgedBy: String?, resolvedAt: Date?, dismissedAt: Date?)}
         ^
/Users/jpapiez/s/PFarm-Ios/PrintFarmerTests/ViewModels/MaintenanceViewModelTests.swift:40:17: error: cannot convert value of type 'Int' to expected argument type 'UUID'
            id: 1,
                ^
/Users/jpapiez/s/PFarm-Ios/PrintFarmerTests/ViewModels/MaintenanceViewModelTests.swift:50:43: error: extra arguments at positions #5, #7 in call
        let task = UpcomingMaintenanceTask(
                                          ^
PrintFarmer.UpcomingMaintenanceTask.init:2:10: note: 'init(id:printerId:printerName:taskName:componentName:estimatedDueDate:daysUntilDue:isOverdue:priority:)' declared here
internal init(id: UUID, printerId: UUID, printerName: String, taskName: String, componentName: String?, estimatedDueDate: Date?, daysUntilDue: Int?, isOverdue: Bool, priority: String)}
         ^
/Users/jpapiez/s/PFarm-Ios/PrintFarmerTests/ViewModels/MaintenanceViewModelTests.swift:50:43: error: missing arguments for parameters 'componentName', 'estimatedDueDate', 'daysUntilDue', 'isOverdue' in call
        let task = UpcomingMaintenanceTask(
                                          ^
PrintFarmer.UpcomingMaintenanceTask.init:2:10: note: 'init(id:printerId:printerName:taskName:componentName:estimatedDueDate:daysUntilDue:isOverdue:priority:)' declared here
internal init(id: UUID, printerId: UUID, printerName: String, taskName: String, componentName: String?, estimatedDueDate: Date?, daysUntilDue: Int?, isOverdue: Bool, priority: String)}
         ^
/Users/jpapiez/s/PFarm-Ios/PrintFarmerTests/ViewModels/MaintenanceViewModelTests.swift:51:17: error: cannot convert value of type 'Int' to expected argument type 'UUID'
            id: 1,
                ^
/Users/jpapiez/s/PFarm-Ios/PrintFarmerTests/ViewModels/MaintenanceViewModelTests.swift:65:9: error: conflicting arguments to generic parameter 'T' ('UUID?' vs. 'Int')
        XCTAssertEqual(viewModel.alerts.first?.id, 1)
        ^
/Users/jpapiez/s/PFarm-Ios/PrintFarmerTests/ViewModels/MaintenanceViewModelTests.swift:67:9: error: conflicting arguments to generic parameter 'T' ('UUID?' vs. 'Int')
        XCTAssertEqual(viewModel.upcomingTasks.first?.id, 1)
        ^
/Users/jpapiez/s/PFarm-Ios/PrintFarmerTests/ViewModels/MaintenanceViewModelTests.swift:75:13: error: argument 'printerName' must precede argument 'printerId'
            printerName: "Prusa MK3",
~~~~~~~~~~~~^~~~~~~~~~~~~~~~~~~~~~~~
/Users/jpapiez/s/PFarm-Ios/PrintFarmerTests/ViewModels/MaintenanceViewModelTests.swift:80:35: error: extra arguments at positions #3, #4 in call
        let cost = MaintenanceCost(
                                  ^
PrintFarmer.MaintenanceCost.init:2:10: note: 'init(month:totalCost:)' declared here
internal init(month: String, totalCost: Decimal)}
         ^
/Users/jpapiez/s/PFarm-Ios/PrintFarmerTests/ViewModels/MaintenanceViewModelTests.swift:151:24: error: extra argument 'timestamp' in call
            timestamp: Date(),
~~~~~~~~~~~~~~~~~~~~~~~^~~~~~~
/Users/jpapiez/s/PFarm-Ios/PrintFarmerTests/ViewModels/MaintenanceViewModelTests.swift:145:37: error: missing arguments for parameters 'alertType', 'recommendedAction', 'createdAt', 'acknowledgedBy' in call
        let alert = MaintenanceAlert(
                                    ^
PrintFarmer.MaintenanceAlert.init:2:10: note: 'init(id:alertType:severity:message:printerId:printerName:recommendedAction:createdAt:acknowledgedAt:acknowledgedBy:resolvedAt:dismissedAt:)' declared here
internal init(id: UUID, alertType: String, severity: String, message: String, printerId: UUID, printerName: String, recommendedAction: String?, createdAt: Date, acknowledgedAt: Date?, acknowledgedBy: String?, resolvedAt: Date?, dismissedAt: Date?)}
         ^
/Users/jpapiez/s/PFarm-Ios/PrintFarmerTests/ViewModels/MaintenanceViewModelTests.swift:146:17: error: cannot convert value of type 'Int' to expected argument type 'UUID'
            id: 1,
                ^
/Users/jpapiez/s/PFarm-Ios/PrintFarmerTests/ViewModels/MaintenanceViewModelTests.swift:164:30: error: extra argument 'timestamp' in call
            timestamp: alert.timestamp,
~~~~~~~~~~~~~~~~~~~~~~~~~~~~~^~~~~~~~~~
/Users/jpapiez/s/PFarm-Ios/PrintFarmerTests/ViewModels/MaintenanceViewModelTests.swift:158:44: error: missing arguments for parameters 'alertType', 'recommendedAction', 'createdAt', 'acknowledgedBy' in call
        let acknowledged = MaintenanceAlert(
                                           ^
PrintFarmer.MaintenanceAlert.init:2:10: note: 'init(id:alertType:severity:message:printerId:printerName:recommendedAction:createdAt:acknowledgedAt:acknowledgedBy:resolvedAt:dismissedAt:)' declared here
internal init(id: UUID, alertType: String, severity: String, message: String, printerId: UUID, printerName: String, recommendedAction: String?, createdAt: Date, acknowledgedAt: Date?, acknowledgedBy: String?, resolvedAt: Date?, dismissedAt: Date?)}
         ^
/Users/jpapiez/s/PFarm-Ios/PrintFarmerTests/ViewModels/MaintenanceViewModelTests.swift:159:17: error: cannot convert value of type 'Int' to expected argument type 'UUID'
            id: 1,
                ^
/Users/jpapiez/s/PFarm-Ios/PrintFarmerTests/ViewModels/MaintenanceViewModelTests.swift:186:24: error: extra argument 'timestamp' in call
            timestamp: Date(),
~~~~~~~~~~~~~~~~~~~~~~~^~~~~~~
/Users/jpapiez/s/PFarm-Ios/PrintFarmerTests/ViewModels/MaintenanceViewModelTests.swift:180:37: error: missing arguments for parameters 'alertType', 'recommendedAction', 'createdAt', 'acknowledgedBy' in call
        let alert = MaintenanceAlert(
                                    ^
PrintFarmer.MaintenanceAlert.init:2:10: note: 'init(id:alertType:severity:message:printerId:printerName:recommendedAction:createdAt:acknowledgedAt:acknowledgedBy:resolvedAt:dismissedAt:)' declared here
internal init(id: UUID, alertType: String, severity: String, message: String, printerId: UUID, printerName: String, recommendedAction: String?, createdAt: Date, acknowledgedAt: Date?, acknowledgedBy: String?, resolvedAt: Date?, dismissedAt: Date?)}
         ^
/Users/jpapiez/s/PFarm-Ios/PrintFarmerTests/ViewModels/MaintenanceViewModelTests.swift:181:17: error: cannot convert value of type 'Int' to expected argument type 'UUID'
            id: 1,
                ^
/Users/jpapiez/s/PFarm-Ios/PrintFarmerTests/ViewModels/MaintenanceViewModelTests.swift:209:24: error: extra argument 'timestamp' in call
            timestamp: Date(),
~~~~~~~~~~~~~~~~~~~~~~~^~~~~~~
/Users/jpapiez/s/PFarm-Ios/PrintFarmerTests/ViewModels/MaintenanceViewModelTests.swift:203:37: error: missing arguments for parameters 'alertType', 'recommendedAction', 'createdAt', 'acknowledgedBy' in call
        let alert = MaintenanceAlert(
                                    ^
PrintFarmer.MaintenanceAlert.init:2:10: note: 'init(id:alertType:severity:message:printerId:printerName:recommendedAction:createdAt:acknowledgedAt:acknowledgedBy:resolvedAt:dismissedAt:)' declared here
internal init(id: UUID, alertType: String, severity: String, message: String, printerId: UUID, printerName: String, recommendedAction: String?, createdAt: Date, acknowledgedAt: Date?, acknowledgedBy: String?, resolvedAt: Date?, dismissedAt: Date?)}
         ^
/Users/jpapiez/s/PFarm-Ios/PrintFarmerTests/ViewModels/MaintenanceViewModelTests.swift:204:17: error: cannot convert value of type 'Int' to expected argument type 'UUID'
            id: 2,
                ^
/Users/jpapiez/s/PFarm-Ios/PrintFarmerTests/ViewModels/MaintenanceViewModelTests.swift:222:30: error: extra argument 'timestamp' in call
            timestamp: alert.timestamp,
~~~~~~~~~~~~~~~~~~~~~~~~~~~~~^~~~~~~~~~
/Users/jpapiez/s/PFarm-Ios/PrintFarmerTests/ViewModels/MaintenanceViewModelTests.swift:216:41: error: missing arguments for parameters 'alertType', 'recommendedAction', 'createdAt', 'acknowledgedBy' in call
        let dismissed = MaintenanceAlert(
                                        ^
PrintFarmer.MaintenanceAlert.init:2:10: note: 'init(id:alertType:severity:message:printerId:printerName:recommendedAction:createdAt:acknowledgedAt:acknowledgedBy:resolvedAt:dismissedAt:)' declared here
internal init(id: UUID, alertType: String, severity: String, message: String, printerId: UUID, printerName: String, recommendedAction: String?, createdAt: Date, acknowledgedAt: Date?, acknowledgedBy: String?, resolvedAt: Date?, dismissedAt: Date?)}
         ^
/Users/jpapiez/s/PFarm-Ios/PrintFarmerTests/ViewModels/MaintenanceViewModelTests.swift:217:17: error: cannot convert value of type 'Int' to expected argument type 'UUID'
            id: 2,
                ^
/Users/jpapiez/s/PFarm-Ios/PrintFarmerTests/ViewModels/MaintenanceViewModelTests.swift:244:24: error: extra argument 'timestamp' in call
            timestamp: Date(),
~~~~~~~~~~~~~~~~~~~~~~~^~~~~~~
/Users/jpapiez/s/PFarm-Ios/PrintFarmerTests/ViewModels/MaintenanceViewModelTests.swift:238:37: error: missing arguments for parameters 'alertType', 'recommendedAction', 'createdAt', 'acknowledgedBy' in call
        let alert = MaintenanceAlert(
                                    ^
PrintFarmer.MaintenanceAlert.init:2:10: note: 'init(id:alertType:severity:message:printerId:printerName:recommendedAction:createdAt:acknowledgedAt:acknowledgedBy:resolvedAt:dismissedAt:)' declared here
internal init(id: UUID, alertType: String, severity: String, message: String, printerId: UUID, printerName: String, recommendedAction: String?, createdAt: Date, acknowledgedAt: Date?, acknowledgedBy: String?, resolvedAt: Date?, dismissedAt: Date?)}
         ^
/Users/jpapiez/s/PFarm-Ios/PrintFarmerTests/ViewModels/MaintenanceViewModelTests.swift:239:17: error: cannot convert value of type 'Int' to expected argument type 'UUID'
            id: 2,
                ^
/Users/jpapiez/s/PFarm-Ios/PrintFarmerTests/ViewModels/MaintenanceViewModelTests.swift:267:24: error: extra argument 'timestamp' in call
            timestamp: Date(),
~~~~~~~~~~~~~~~~~~~~~~~^~~~~~~
/Users/jpapiez/s/PFarm-Ios/PrintFarmerTests/ViewModels/MaintenanceViewModelTests.swift:261:38: error: missing arguments for parameters 'alertType', 'recommendedAction', 'createdAt', 'acknowledgedBy' in call
        let active = MaintenanceAlert(
                                     ^
PrintFarmer.MaintenanceAlert.init:2:10: note: 'init(id:alertType:severity:message:printerId:printerName:recommendedAction:createdAt:acknowledgedAt:acknowledgedBy:resolvedAt:dismissedAt:)' declared here
internal init(id: UUID, alertType: String, severity: String, message: String, printerId: UUID, printerName: String, recommendedAction: String?, createdAt: Date, acknowledgedAt: Date?, acknowledgedBy: String?, resolvedAt: Date?, dismissedAt: Date?)}
         ^
/Users/jpapiez/s/PFarm-Ios/PrintFarmerTests/ViewModels/MaintenanceViewModelTests.swift:262:17: error: cannot convert value of type 'Int' to expected argument type 'UUID'
            id: 1,
                ^
/Users/jpapiez/s/PFarm-Ios/PrintFarmerTests/ViewModels/MaintenanceViewModelTests.swift:278:24: error: extra argument 'timestamp' in call
            timestamp: Date(),
~~~~~~~~~~~~~~~~~~~~~~~^~~~~~~
/Users/jpapiez/s/PFarm-Ios/PrintFarmerTests/ViewModels/MaintenanceViewModelTests.swift:272:41: error: missing arguments for parameters 'alertType', 'recommendedAction', 'createdAt', 'acknowledgedBy' in call
        let dismissed = MaintenanceAlert(
                                        ^
PrintFarmer.MaintenanceAlert.init:2:10: note: 'init(id:alertType:severity:message:printerId:printerName:recommendedAction:createdAt:acknowledgedAt:acknowledgedBy:resolvedAt:dismissedAt:)' declared here
internal init(id: UUID, alertType: String, severity: String, message: String, printerId: UUID, printerName: String, recommendedAction: String?, createdAt: Date, acknowledgedAt: Date?, acknowledgedBy: String?, resolvedAt: Date?, dismissedAt: Date?)}
         ^
/Users/jpapiez/s/PFarm-Ios/PrintFarmerTests/ViewModels/MaintenanceViewModelTests.swift:273:17: error: cannot convert value of type 'Int' to expected argument type 'UUID'
            id: 2,
                ^
/Users/jpapiez/s/PFarm-Ios/PrintFarmerTests/ViewModels/MaintenanceViewModelTests.swift:289:24: error: extra argument 'timestamp' in call
            timestamp: Date(),
~~~~~~~~~~~~~~~~~~~~~~~^~~~~~~
/Users/jpapiez/s/PFarm-Ios/PrintFarmerTests/ViewModels/MaintenanceViewModelTests.swift:283:40: error: missing arguments for parameters 'alertType', 'recommendedAction', 'createdAt', 'acknowledgedBy' in call
        let resolved = MaintenanceAlert(
                                       ^
PrintFarmer.MaintenanceAlert.init:2:10: note: 'init(id:alertType:severity:message:printerId:printerName:recommendedAction:createdAt:acknowledgedAt:acknowledgedBy:resolvedAt:dismissedAt:)' declared here
internal init(id: UUID, alertType: String, severity: String, message: String, printerId: UUID, printerName: String, recommendedAction: String?, createdAt: Date, acknowledgedAt: Date?, acknowledgedBy: String?, resolvedAt: Date?, dismissedAt: Date?)}
         ^
/Users/jpapiez/s/PFarm-Ios/PrintFarmerTests/ViewModels/MaintenanceViewModelTests.swift:284:17: error: cannot convert value of type 'Int' to expected argument type 'UUID'
            id: 3,
                ^
/Users/jpapiez/s/PFarm-Ios/PrintFarmerTests/ViewModels/MaintenanceViewModelTests.swift:299:9: error: conflicting arguments to generic parameter 'T' ('UUID?' vs. 'Int')
        XCTAssertEqual(activeAlerts.first?.id, 1)
        ^
/Users/jpapiez/s/PFarm-Ios/PrintFarmerTests/ViewModels/MaintenanceViewModelTests.swift:303:48: error: extra arguments at positions #5, #7 in call
        let farFuture = UpcomingMaintenanceTask(
                                               ^
PrintFarmer.UpcomingMaintenanceTask.init:2:10: note: 'init(id:printerId:printerName:taskName:componentName:estimatedDueDate:daysUntilDue:isOverdue:priority:)' declared here
internal init(id: UUID, printerId: UUID, printerName: String, taskName: String, componentName: String?, estimatedDueDate: Date?, daysUntilDue: Int?, isOverdue: Bool, priority: String)}
         ^
/Users/jpapiez/s/PFarm-Ios/PrintFarmerTests/ViewModels/MaintenanceViewModelTests.swift:303:48: error: missing arguments for parameters 'componentName', 'estimatedDueDate', 'daysUntilDue', 'isOverdue' in call
        let farFuture = UpcomingMaintenanceTask(
                                               ^
PrintFarmer.UpcomingMaintenanceTask.init:2:10: note: 'init(id:printerId:printerName:taskName:componentName:estimatedDueDate:daysUntilDue:isOverdue:priority:)' declared here
internal init(id: UUID, printerId: UUID, printerName: String, taskName: String, componentName: String?, estimatedDueDate: Date?, daysUntilDue: Int?, isOverdue: Bool, priority: String)}
         ^
/Users/jpapiez/s/PFarm-Ios/PrintFarmerTests/ViewModels/MaintenanceViewModelTests.swift:304:17: error: cannot convert value of type 'Int' to expected argument type 'UUID'
            id: 1,
                ^
/Users/jpapiez/s/PFarm-Ios/PrintFarmerTests/ViewModels/MaintenanceViewModelTests.swift:312:49: error: extra arguments at positions #5, #7 in call
        let nearFuture = UpcomingMaintenanceTask(
                                                ^
PrintFarmer.UpcomingMaintenanceTask.init:2:10: note: 'init(id:printerId:printerName:taskName:componentName:estimatedDueDate:daysUntilDue:isOverdue:priority:)' declared here
internal init(id: UUID, printerId: UUID, printerName: String, taskName: String, componentName: String?, estimatedDueDate: Date?, daysUntilDue: Int?, isOverdue: Bool, priority: String)}
         ^
/Users/jpapiez/s/PFarm-Ios/PrintFarmerTests/ViewModels/MaintenanceViewModelTests.swift:312:49: error: missing arguments for parameters 'componentName', 'estimatedDueDate', 'daysUntilDue', 'isOverdue' in call
        let nearFuture = UpcomingMaintenanceTask(
                                                ^
PrintFarmer.UpcomingMaintenanceTask.init:2:10: note: 'init(id:printerId:printerName:taskName:componentName:estimatedDueDate:daysUntilDue:isOverdue:priority:)' declared here
internal init(id: UUID, printerId: UUID, printerName: String, taskName: String, componentName: String?, estimatedDueDate: Date?, daysUntilDue: Int?, isOverdue: Bool, priority: String)}
         ^
/Users/jpapiez/s/PFarm-Ios/PrintFarmerTests/ViewModels/MaintenanceViewModelTests.swift:313:17: error: cannot convert value of type 'Int' to expected argument type 'UUID'
            id: 2,
                ^
/Users/jpapiez/s/PFarm-Ios/PrintFarmerTests/ViewModels/MaintenanceViewModelTests.swift:326:9: error: conflicting arguments to generic parameter 'T' ('UUID?' vs. 'Int')
        XCTAssertEqual(sorted.first?.id, 2)
        ^
/Users/jpapiez/s/PFarm-Ios/PrintFarmerTests/ViewModels/MaintenanceViewModelTests.swift:327:9: error: conflicting arguments to generic parameter 'T' ('UUID?' vs. 'Int')
        XCTAssertEqual(sorted.last?.id, 1)
        ^

Failed frontend command:
/Applications/Xcode.app/Contents/Developer/Toolchains/XcodeDefault.xctoolchain/usr/bin/swift-frontend -frontend -c /Users/jpapiez/s/PFarm-Ios/PrintFarmerTests/Mocks/MockMaintenanceService.swift /Users/jpapiez/s/PFarm-Ios/PrintFarmerTests/Mocks/MockAutoPrintService.swift /Users/jpapiez/s/PFarm-Ios/PrintFarmerTests/Mocks/MockJobAnalyticsService.swift -primary-file /Users/jpapiez/s/PFarm-Ios/PrintFarmerTests/Mocks/MockPredictiveService.swift -primary-file /Users/jpapiez/s/PFarm-Ios/PrintFarmerTests/Mocks/MockDispatchService.swift -primary-file /Users/jpapiez/s/PFarm-Ios/PrintFarmerTests/ViewModels/MaintenanceViewModelTests.swift /Users/jpapiez/s/PFarm-Ios/PrintFarmerTests/ViewModels/AutoPrintViewModelTests.swift /Users/jpapiez/s/PFarm-Ios/PrintFarmerTests/ViewModels/JobAnalyticsViewModelTests.swift /Users/jpapiez/s/PFarm-Ios/PrintFarmerTests/ViewModels/JobHistoryViewModelTests.swift /Users/jpapiez/s/PFarm-Ios/PrintFarmerTests/ViewModels/PredictiveViewModelTests.swift /Users/jpapiez/s/PFarm-Ios/PrintFarmerTests/ViewModels/DispatchViewModelTests.swift /Users/jpapiez/s/PFarm-Ios/PrintFarmerTests/ViewModels/UptimeViewModelTests.swift /Users/jpapiez/s/PFarm-Ios/PrintFarmerTests/ModelsTests.swift /Users/jpapiez/s/PFarm-Ios/PrintFarmerTests/Helpers/MockURLProtocol.swift /Users/jpapiez/s/PFarm-Ios/PrintFarmerTests/Helpers/MockAPIServer.swift /Users/jpapiez/s/PFarm-Ios/PrintFarmerTests/Helpers/TestFixtures.swift /Users/jpapiez/s/PFarm-Ios/PrintFarmerTests/Mocks/MockAPIClient.swift /Users/jpapiez/s/PFarm-Ios/PrintFarmerTests/Mocks/MockAuthService.swift /Users/jpapiez/s/PFarm-Ios/PrintFarmerTests/Mocks/MockJobService.swift /Users/jpapiez/s/PFarm-Ios/PrintFarmerTests/Mocks/MockNotificationService.swift /Users/jpapiez/s/PFarm-Ios/PrintFarmerTests/Mocks/MockPrinterService.swift /Users/jpapiez/s/PFarm-Ios/PrintFarmerTests/Mocks/MockSignalRService.swift /Users/jpapiez/s/PFarm-Ios/PrintFarmerTests/Mocks/MockStatisticsService.swift /Users/jpapiez/s/PFarm-Ios/PrintFarmerTests/Mocks/TestProtocols.swift /Users/jpapiez/s/PFarm-Ios/PrintFarmerTests/Models/ModelDecodingTests.swift /Users/jpapiez/s/PFarm-Ios/PrintFarmerTests/Services/APIClientTests.swift /Users/jpapiez/s/PFarm-Ios/PrintFarmerTests/Services/AuthServiceTests.swift /Users/jpapiez/s/PFarm-Ios/PrintFarmerTests/Services/PrinterServiceTests.swift /Users/jpapiez/s/PFarm-Ios/PrintFarmerTests/ViewModels/DashboardViewModelTests.swift /Users/jpapiez/s/PFarm-Ios/PrintFarmerTests/ViewModels/LoginViewModelTests.swift /Users/jpapiez/s/PFarm-Ios/PrintFarmerTests/ViewModels/PrinterDetailViewModelTests.swift /Users/jpapiez/s/PFarm-Ios/PrintFarmerTests/ViewModels/PrinterListViewModelTests.swift /Users/jpapiez/s/PFarm-Ios/PrintFarmerTests/ViewModels/AuthViewModelTests.swift /Users/jpapiez/s/PFarm-Ios/PrintFarmerTests/ViewModels/JobListViewModelTests.swift /Users/jpapiez/s/PFarm-Ios/PrintFarmerTests/ViewModels/JobDetailViewModelTests.swift /Users/jpapiez/s/PFarm-Ios/PrintFarmerTests/ViewModels/NotificationsViewModelTests.swift /Users/jpapiez/s/PFarm-Ios/PrintFarmerTests/Mocks/MockQRSpoolScannerService.swift /Users/jpapiez/s/PFarm-Ios/PrintFarmerTests/Mocks/MockNFCService.swift /Users/jpapiez/s/PFarm-Ios/PrintFarmerTests/Utilities/QRCodeParserTests.swift /Users/jpapiez/s/PFarm-Ios/PrintFarmerTests/Utilities/NFCTagParserTests.swift /Users/jpapiez/s/PFarm-Ios/PrintFarmerTests/Mocks/MockScannerService.swift /Users/jpapiez/s/PFarm-Ios/PrintFarmerTests/ViewModels/SpoolPickerViewModelScanTests.swift /Users/jpapiez/s/PFarm-Ios/PrintFarmerTests/Mocks/MockSpoolService.swift /Users/jpapiez/s/PFarm-Ios/PrintFarmerTests/ViewModels/AddSpoolViewModelTests.swift /Users/jpapiez/s/PFarm-Ios/PrintFarmerTests/ViewModels/SpoolInventoryViewModelTests.swift -supplementary-output-file-map /Users/jpapiez/Library/Developer/Xcode/DerivedData/PrintFarmer-byzwiywlonqvgbabpubbocwdkoyx/Build/Intermediates.noindex/PrintFarmer.build/Debug-iphonesimulator/PrintFarmerTests.build/Objects-normal/arm64/supplementaryOutputs-2 -target arm64-apple-ios17.0-simulator -load-resolved-plugin /Applications/Xcode.app/Contents/Developer/Platforms/iPhoneOS.platform/Developer/usr/lib/swift/host/plugins/libFoundationMacros.dylib\#/Applications/Xcode.app/Contents/Developer/Platforms/iPhoneOS.platform/Developer/usr/bin/swift-plugin-server\#FoundationMacros -load-resolved-plugin /Applications/Xcode.app/Contents/Developer/Platforms/iPhoneOS.platform/Developer/usr/lib/swift/host/plugins/libObservationMacros.dylib\#/Applications/Xcode.app/Contents/Developer/Platforms/iPhoneOS.platform/Developer/usr/bin/swift-plugin-server\#ObservationMacros -load-resolved-plugin /Applications/Xcode.app/Contents/Developer/Platforms/iPhoneOS.platform/Developer/usr/lib/swift/host/plugins/libPreviewsMacros.dylib\#/Applications/Xcode.app/Contents/Developer/Platforms/iPhoneOS.platform/Developer/usr/bin/swift-plugin-server\#PreviewsMacros -load-resolved-plugin /Applications/Xcode.app/Contents/Developer/Platforms/iPhoneOS.platform/Developer/usr/lib/swift/host/plugins/libSwiftMacros.dylib\#/Applications/Xcode.app/Contents/Developer/Platforms/iPhoneOS.platform/Developer/usr/bin/swift-plugin-server\#SwiftMacros -load-resolved-plugin /Applications/Xcode.app/Contents/Developer/Platforms/iPhoneOS.platform/Developer/usr/lib/swift/host/plugins/libSwiftUIMacros.dylib\#/Applications/Xcode.app/Contents/Developer/Platforms/iPhoneOS.platform/Developer/usr/bin/swift-plugin-server\#SwiftUIMacros -disable-implicit-swift-modules -Xcc -fno-implicit-modules -Xcc -fno-implicit-module-maps -explicit-swift-module-map-file /Users/jpapiez/Library/Developer/Xcode/DerivedData/PrintFarmer-byzwiywlonqvgbabpubbocwdkoyx/Build/Intermediates.noindex/PrintFarmer.build/Debug-iphonesimulator/PrintFarmerTests.build/Objects-normal/arm64/PrintFarmerTests-dependencies-1.json -Xllvm -aarch64-use-tbi -enable-objc-interop -sdk /Applications/Xcode.app/Contents/Developer/Platforms/iPhoneSimulator.platform/Developer/SDKs/iPhoneSimulator26.2.sdk -I /Users/jpapiez/Library/Developer/Xcode/DerivedData/PrintFarmer-byzwiywlonqvgbabpubbocwdkoyx/Build/Products/Debug-iphonesimulator -Isystem /Applications/Xcode.app/Contents/Developer/Platforms/iPhoneSimulator.platform/Developer/usr/lib -F /Users/jpapiez/Library/Developer/Xcode/DerivedData/PrintFarmer-byzwiywlonqvgbabpubbocwdkoyx/Build/Products/Debug-iphonesimulator/PackageFrameworks -F /Users/jpapiez/Library/Developer/Xcode/DerivedData/PrintFarmer-byzwiywlonqvgbabpubbocwdkoyx/Build/Products/Debug-iphonesimulator -F /Applications/Xcode.app/Contents/Developer/Platforms/iPhoneSimulator.platform/Developer/Library/Frameworks -F /Applications/Xcode.app/Contents/Developer/Platforms/iPhoneSimulator.platform/Developer/SDKs/iPhoneSimulator26.2.sdk/Developer/Library/Frameworks -no-color-diagnostics -Xcc -fno-color-diagnostics -enable-testing -g -debug-info-format\=dwarf -dwarf-version\=4 -module-cache-path /Users/jpapiez/Library/Developer/Xcode/DerivedData/PrintFarmer-byzwiywlonqvgbabpubbocwdkoyx/Build/Intermediates.noindex/SwiftExplicitPrecompiledModules -profile-generate -profile-coverage-mapping -swift-version 6 -enforce-exclusivity\=checked -Onone -D DEBUG -serialize-debugging-options -const-gather-protocols-file /Users/jpapiez/Library/Developer/Xcode/DerivedData/PrintFarmer-byzwiywlonqvgbabpubbocwdkoyx/Build/Intermediates.noindex/PrintFarmer.build/Debug-iphonesimulator/PrintFarmerTests.build/Objects-normal/arm64/PrintFarmerTests_const_extract_protocols.json -enable-experimental-feature DebugDescriptionMacro -empty-abi-descriptor -validate-clang-modules-once -clang-build-session-file /Users/jpapiez/Library/Developer/Xcode/DerivedData/ModuleCache.noindex/Session.modulevalidation -Xcc -working-directory -Xcc /Users/jpapiez/s/PFarm-Ios -enable-anonymous-context-mangled-names -file-compilation-dir /Users/jpapiez/s/PFarm-Ios -Xcc -D_LIBCPP_HARDENING_MODE\=_LIBCPP_HARDENING_MODE_DEBUG -Xcc -ivfsstatcache -Xcc /Users/jpapiez/Library/Developer/Xcode/DerivedData/SDKStatCaches.noindex/iphonesimulator26.2-23C53-7d00a8b37fbd7999ea79df8ebc024bf0.sdkstatcache -Xcc -I/Users/jpapiez/Library/Developer/Xcode/DerivedData/PrintFarmer-byzwiywlonqvgbabpubbocwdkoyx/Build/Intermediates.noindex/PrintFarmer.build/Debug-iphonesimulator/PrintFarmerTests.build/swift-overrides.hmap -Xcc -iquote -Xcc /Users/jpapiez/Library/Developer/Xcode/DerivedData/PrintFarmer-byzwiywlonqvgbabpubbocwdkoyx/Build/Intermediates.noindex/PrintFarmer.build/Debug-iphonesimulator/PrintFarmerTests.build/PrintFarmerTests-generated-files.hmap -Xcc -I/Users/jpapiez/Library/Developer/Xcode/DerivedData/PrintFarmer-byzwiywlonqvgbabpubbocwdkoyx/Build/Intermediates.noindex/PrintFarmer.build/Debug-iphonesimulator/PrintFarmerTests.build/PrintFarmerTests-own-target-headers.hmap -Xcc -I/Users/jpapiez/Library/Developer/Xcode/DerivedData/PrintFarmer-byzwiywlonqvgbabpubbocwdkoyx/Build/Intermediates.noindex/PrintFarmer.build/Debug-iphonesimulator/PrintFarmerTests.build/PrintFarmerTests-all-non-framework-target-headers.hmap -Xcc -ivfsoverlay -Xcc /Users/jpapiez/Library/Developer/Xcode/DerivedData/PrintFarmer-byzwiywlonqvgbabpubbocwdkoyx/Build/Intermediates.noindex/PrintFarmer.build/Debug-iphonesimulator/PrintFarmer-b2cc81fe91e9a52faac3958ec00b5b54-VFS-iphonesimulator/all-product-headers.yaml -Xcc -iquote -Xcc /Users/jpapiez/Library/Developer/Xcode/DerivedData/PrintFarmer-byzwiywlonqvgbabpubbocwdkoyx/Build/Intermediates.noindex/PrintFarmer.build/Debug-iphonesimulator/PrintFarmerTests.build/PrintFarmerTests-project-headers.hmap -Xcc -I/Users/jpapiez/Library/Developer/Xcode/DerivedData/PrintFarmer-byzwiywlonqvgbabpubbocwdkoyx/Build/Products/Debug-iphonesimulator/include -Xcc -I/Users/jpapiez/Library/Developer/Xcode/DerivedData/PrintFarmer-byzwiywlonqvgbabpubbocwdkoyx/Build/Intermediates.noindex/PrintFarmer.build/Debug-iphonesimulator/PrintFarmerTests.build/DerivedSources-normal/arm64 -Xcc -I/Users/jpapiez/Library/Developer/Xcode/DerivedData/PrintFarmer-byzwiywlonqvgbabpubbocwdkoyx/Build/Intermediates.noindex/PrintFarmer.build/Debug-iphonesimulator/PrintFarmerTests.build/DerivedSources/arm64 -Xcc -I/Users/jpapiez/Library/Developer/Xcode/DerivedData/PrintFarmer-byzwiywlonqvgbabpubbocwdkoyx/Build/Intermediates.noindex/PrintFarmer.build/Debug-iphonesimulator/PrintFarmerTests.build/DerivedSources -Xcc -DDEBUG\=1 -no-auto-bridging-header-chaining -module-name PrintFarmerTests -frontend-parseable-output -disable-clang-spi -target-sdk-version 26.2 -target-sdk-name iphonesimulator26.2 -clang-target arm64-apple-ios26.2-simulator -in-process-plugin-server-path /Applications/Xcode.app/Contents/Developer/Toolchains/XcodeDefault.xctoolchain/usr/lib/swift/host/libSwiftInProcPluginServer.dylib -o /Users/jpapiez/Library/Developer/Xcode/DerivedData/PrintFarmer-byzwiywlonqvgbabpubbocwdkoyx/Build/Intermediates.noindex/PrintFarmer.build/Debug-iphonesimulator/PrintFarmerTests.build/Objects-normal/arm64/MockPredictiveService.o -o /Users/jpapiez/Library/Developer/Xcode/DerivedData/PrintFarmer-byzwiywlonqvgbabpubbocwdkoyx/Build/Intermediates.noindex/PrintFarmer.build/Debug-iphonesimulator/PrintFarmerTests.build/Objects-normal/arm64/MockDispatchService.o -o /Users/jpapiez/Library/Developer/Xcode/DerivedData/PrintFarmer-byzwiywlonqvgbabpubbocwdkoyx/Build/Intermediates.noindex/PrintFarmer.build/Debug-iphonesimulator/PrintFarmerTests.build/Objects-normal/arm64/MaintenanceViewModelTests.o -index-unit-output-path /PrintFarmer.build/Debug-iphonesimulator/PrintFarmerTests.build/Objects-normal/arm64/MockPredictiveService.o -index-unit-output-path /PrintFarmer.build/Debug-iphonesimulator/PrintFarmerTests.build/Objects-normal/arm64/MockDispatchService.o -index-unit-output-path /PrintFarmer.build/Debug-iphonesimulator/PrintFarmerTests.build/Objects-normal/arm64/MaintenanceViewModelTests.o -index-store-path /Users/jpapiez/Library/Developer/Xcode/DerivedData/PrintFarmer-byzwiywlonqvgbabpubbocwdkoyx/Index.noindex/DataStore -index-system-modules
SwiftCompile normal arm64 Compiling\ TestFixtures.swift,\ MockAPIClient.swift,\ MockAuthService.swift /Users/jpapiez/s/PFarm-Ios/PrintFarmerTests/Helpers/TestFixtures.swift /Users/jpapiez/s/PFarm-Ios/PrintFarmerTests/Mocks/MockAPIClient.swift /Users/jpapiez/s/PFarm-Ios/PrintFarmerTests/Mocks/MockAuthService.swift (in target 'PrintFarmerTests' from project 'PrintFarmer')

SwiftCompile normal arm64 /Users/jpapiez/s/PFarm-Ios/PrintFarmerTests/Helpers/TestFixtures.swift (in target 'PrintFarmerTests' from project 'PrintFarmer')
    cd /Users/jpapiez/s/PFarm-Ios
    

SwiftCompile normal arm64 /Users/jpapiez/s/PFarm-Ios/PrintFarmerTests/Mocks/MockAPIClient.swift (in target 'PrintFarmerTests' from project 'PrintFarmer')
    cd /Users/jpapiez/s/PFarm-Ios
    

SwiftCompile normal arm64 /Users/jpapiez/s/PFarm-Ios/PrintFarmerTests/Mocks/MockAuthService.swift (in target 'PrintFarmerTests' from project 'PrintFarmer')
    cd /Users/jpapiez/s/PFarm-Ios
    

SwiftCompile normal arm64 Compiling\ ModelDecodingTests.swift,\ APIClientTests.swift,\ AuthServiceTests.swift /Users/jpapiez/s/PFarm-Ios/PrintFarmerTests/Models/ModelDecodingTests.swift /Users/jpapiez/s/PFarm-Ios/PrintFarmerTests/Services/APIClientTests.swift /Users/jpapiez/s/PFarm-Ios/PrintFarmerTests/Services/AuthServiceTests.swift (in target 'PrintFarmerTests' from project 'PrintFarmer')

SwiftCompile normal arm64 /Users/jpapiez/s/PFarm-Ios/PrintFarmerTests/Models/ModelDecodingTests.swift (in target 'PrintFarmerTests' from project 'PrintFarmer')
    cd /Users/jpapiez/s/PFarm-Ios
    

SwiftCompile normal arm64 /Users/jpapiez/s/PFarm-Ios/PrintFarmerTests/Services/APIClientTests.swift (in target 'PrintFarmerTests' from project 'PrintFarmer')
    cd /Users/jpapiez/s/PFarm-Ios
    

SwiftCompile normal arm64 /Users/jpapiez/s/PFarm-Ios/PrintFarmerTests/Services/AuthServiceTests.swift (in target 'PrintFarmerTests' from project 'PrintFarmer')
    cd /Users/jpapiez/s/PFarm-Ios
    

SwiftCompile normal arm64 Compiling\ ModelsTests.swift,\ MockURLProtocol.swift,\ MockAPIServer.swift /Users/jpapiez/s/PFarm-Ios/PrintFarmerTests/ModelsTests.swift /Users/jpapiez/s/PFarm-Ios/PrintFarmerTests/Helpers/MockURLProtocol.swift /Users/jpapiez/s/PFarm-Ios/PrintFarmerTests/Helpers/MockAPIServer.swift (in target 'PrintFarmerTests' from project 'PrintFarmer')

SwiftCompile normal arm64 /Users/jpapiez/s/PFarm-Ios/PrintFarmerTests/ModelsTests.swift (in target 'PrintFarmerTests' from project 'PrintFarmer')
    cd /Users/jpapiez/s/PFarm-Ios
    

SwiftCompile normal arm64 /Users/jpapiez/s/PFarm-Ios/PrintFarmerTests/Helpers/MockURLProtocol.swift (in target 'PrintFarmerTests' from project 'PrintFarmer')
    cd /Users/jpapiez/s/PFarm-Ios
    

SwiftCompile normal arm64 /Users/jpapiez/s/PFarm-Ios/PrintFarmerTests/Helpers/MockAPIServer.swift (in target 'PrintFarmerTests' from project 'PrintFarmer')
    cd /Users/jpapiez/s/PFarm-Ios
    

SwiftCompile normal arm64 Compiling\ MockMaintenanceService.swift,\ MockAutoPrintService.swift,\ MockJobAnalyticsService.swift /Users/jpapiez/s/PFarm-Ios/PrintFarmerTests/Mocks/MockMaintenanceService.swift /Users/jpapiez/s/PFarm-Ios/PrintFarmerTests/Mocks/MockAutoPrintService.swift /Users/jpapiez/s/PFarm-Ios/PrintFarmerTests/Mocks/MockJobAnalyticsService.swift (in target 'PrintFarmerTests' from project 'PrintFarmer')
Failed frontend command:
/Applications/Xcode.app/Contents/Developer/Toolchains/XcodeDefault.xctoolchain/usr/bin/swift-frontend -frontend -c -primary-file /Users/jpapiez/s/PFarm-Ios/PrintFarmerTests/Mocks/MockMaintenanceService.swift -primary-file /Users/jpapiez/s/PFarm-Ios/PrintFarmerTests/Mocks/MockAutoPrintService.swift -primary-file /Users/jpapiez/s/PFarm-Ios/PrintFarmerTests/Mocks/MockJobAnalyticsService.swift /Users/jpapiez/s/PFarm-Ios/PrintFarmerTests/Mocks/MockPredictiveService.swift /Users/jpapiez/s/PFarm-Ios/PrintFarmerTests/Mocks/MockDispatchService.swift /Users/jpapiez/s/PFarm-Ios/PrintFarmerTests/ViewModels/MaintenanceViewModelTests.swift /Users/jpapiez/s/PFarm-Ios/PrintFarmerTests/ViewModels/AutoPrintViewModelTests.swift /Users/jpapiez/s/PFarm-Ios/PrintFarmerTests/ViewModels/JobAnalyticsViewModelTests.swift /Users/jpapiez/s/PFarm-Ios/PrintFarmerTests/ViewModels/JobHistoryViewModelTests.swift /Users/jpapiez/s/PFarm-Ios/PrintFarmerTests/ViewModels/PredictiveViewModelTests.swift /Users/jpapiez/s/PFarm-Ios/PrintFarmerTests/ViewModels/DispatchViewModelTests.swift /Users/jpapiez/s/PFarm-Ios/PrintFarmerTests/ViewModels/UptimeViewModelTests.swift /Users/jpapiez/s/PFarm-Ios/PrintFarmerTests/ModelsTests.swift /Users/jpapiez/s/PFarm-Ios/PrintFarmerTests/Helpers/MockURLProtocol.swift /Users/jpapiez/s/PFarm-Ios/PrintFarmerTests/Helpers/MockAPIServer.swift /Users/jpapiez/s/PFarm-Ios/PrintFarmerTests/Helpers/TestFixtures.swift /Users/jpapiez/s/PFarm-Ios/PrintFarmerTests/Mocks/MockAPIClient.swift /Users/jpapiez/s/PFarm-Ios/PrintFarmerTests/Mocks/MockAuthService.swift /Users/jpapiez/s/PFarm-Ios/PrintFarmerTests/Mocks/MockJobService.swift /Users/jpapiez/s/PFarm-Ios/PrintFarmerTests/Mocks/MockNotificationService.swift /Users/jpapiez/s/PFarm-Ios/PrintFarmerTests/Mocks/MockPrinterService.swift /Users/jpapiez/s/PFarm-Ios/PrintFarmerTests/Mocks/MockSignalRService.swift /Users/jpapiez/s/PFarm-Ios/PrintFarmerTests/Mocks/MockStatisticsService.swift /Users/jpapiez/s/PFarm-Ios/PrintFarmerTests/Mocks/TestProtocols.swift /Users/jpapiez/s/PFarm-Ios/PrintFarmerTests/Models/ModelDecodingTests.swift /Users/jpapiez/s/PFarm-Ios/PrintFarmerTests/Services/APIClientTests.swift /Users/jpapiez/s/PFarm-Ios/PrintFarmerTests/Services/AuthServiceTests.swift /Users/jpapiez/s/PFarm-Ios/PrintFarmerTests/Services/PrinterServiceTests.swift /Users/jpapiez/s/PFarm-Ios/PrintFarmerTests/ViewModels/DashboardViewModelTests.swift /Users/jpapiez/s/PFarm-Ios/PrintFarmerTests/ViewModels/LoginViewModelTests.swift /Users/jpapiez/s/PFarm-Ios/PrintFarmerTests/ViewModels/PrinterDetailViewModelTests.swift /Users/jpapiez/s/PFarm-Ios/PrintFarmerTests/ViewModels/PrinterListViewModelTests.swift /Users/jpapiez/s/PFarm-Ios/PrintFarmerTests/ViewModels/AuthViewModelTests.swift /Users/jpapiez/s/PFarm-Ios/PrintFarmerTests/ViewModels/JobListViewModelTests.swift /Users/jpapiez/s/PFarm-Ios/PrintFarmerTests/ViewModels/JobDetailViewModelTests.swift /Users/jpapiez/s/PFarm-Ios/PrintFarmerTests/ViewModels/NotificationsViewModelTests.swift /Users/jpapiez/s/PFarm-Ios/PrintFarmerTests/Mocks/MockQRSpoolScannerService.swift /Users/jpapiez/s/PFarm-Ios/PrintFarmerTests/Mocks/MockNFCService.swift /Users/jpapiez/s/PFarm-Ios/PrintFarmerTests/Utilities/QRCodeParserTests.swift /Users/jpapiez/s/PFarm-Ios/PrintFarmerTests/Utilities/NFCTagParserTests.swift /Users/jpapiez/s/PFarm-Ios/PrintFarmerTests/Mocks/MockScannerService.swift /Users/jpapiez/s/PFarm-Ios/PrintFarmerTests/ViewModels/SpoolPickerViewModelScanTests.swift /Users/jpapiez/s/PFarm-Ios/PrintFarmerTests/Mocks/MockSpoolService.swift /Users/jpapiez/s/PFarm-Ios/PrintFarmerTests/ViewModels/AddSpoolViewModelTests.swift /Users/jpapiez/s/PFarm-Ios/PrintFarmerTests/ViewModels/SpoolInventoryViewModelTests.swift -supplementary-output-file-map /Users/jpapiez/Library/Developer/Xcode/DerivedData/PrintFarmer-byzwiywlonqvgbabpubbocwdkoyx/Build/Intermediates.noindex/PrintFarmer.build/Debug-iphonesimulator/PrintFarmerTests.build/Objects-normal/arm64/supplementaryOutputs-1 -target arm64-apple-ios17.0-simulator -load-resolved-plugin /Applications/Xcode.app/Contents/Developer/Platforms/iPhoneOS.platform/Developer/usr/lib/swift/host/plugins/libFoundationMacros.dylib\#/Applications/Xcode.app/Contents/Developer/Platforms/iPhoneOS.platform/Developer/usr/bin/swift-plugin-server\#FoundationMacros -load-resolved-plugin /Applications/Xcode.app/Contents/Developer/Platforms/iPhoneOS.platform/Developer/usr/lib/swift/host/plugins/libObservationMacros.dylib\#/Applications/Xcode.app/Contents/Developer/Platforms/iPhoneOS.platform/Developer/usr/bin/swift-plugin-server\#ObservationMacros -load-resolved-plugin /Applications/Xcode.app/Contents/Developer/Platforms/iPhoneOS.platform/Developer/usr/lib/swift/host/plugins/libPreviewsMacros.dylib\#/Applications/Xcode.app/Contents/Developer/Platforms/iPhoneOS.platform/Developer/usr/bin/swift-plugin-server\#PreviewsMacros -load-resolved-plugin /Applications/Xcode.app/Contents/Developer/Platforms/iPhoneOS.platform/Developer/usr/lib/swift/host/plugins/libSwiftMacros.dylib\#/Applications/Xcode.app/Contents/Developer/Platforms/iPhoneOS.platform/Developer/usr/bin/swift-plugin-server\#SwiftMacros -load-resolved-plugin /Applications/Xcode.app/Contents/Developer/Platforms/iPhoneOS.platform/Developer/usr/lib/swift/host/plugins/libSwiftUIMacros.dylib\#/Applications/Xcode.app/Contents/Developer/Platforms/iPhoneOS.platform/Developer/usr/bin/swift-plugin-server\#SwiftUIMacros -disable-implicit-swift-modules -Xcc -fno-implicit-modules -Xcc -fno-implicit-module-maps -explicit-swift-module-map-file /Users/jpapiez/Library/Developer/Xcode/DerivedData/PrintFarmer-byzwiywlonqvgbabpubbocwdkoyx/Build/Intermediates.noindex/PrintFarmer.build/Debug-iphonesimulator/PrintFarmerTests.build/Objects-normal/arm64/PrintFarmerTests-dependencies-1.json -Xllvm -aarch64-use-tbi -enable-objc-interop -sdk /Applications/Xcode.app/Contents/Developer/Platforms/iPhoneSimulator.platform/Developer/SDKs/iPhoneSimulator26.2.sdk -I /Users/jpapiez/Library/Developer/Xcode/DerivedData/PrintFarmer-byzwiywlonqvgbabpubbocwdkoyx/Build/Products/Debug-iphonesimulator -Isystem /Applications/Xcode.app/Contents/Developer/Platforms/iPhoneSimulator.platform/Developer/usr/lib -F /Users/jpapiez/Library/Developer/Xcode/DerivedData/PrintFarmer-byzwiywlonqvgbabpubbocwdkoyx/Build/Products/Debug-iphonesimulator/PackageFrameworks -F /Users/jpapiez/Library/Developer/Xcode/DerivedData/PrintFarmer-byzwiywlonqvgbabpubbocwdkoyx/Build/Products/Debug-iphonesimulator -F /Applications/Xcode.app/Contents/Developer/Platforms/iPhoneSimulator.platform/Developer/Library/Frameworks -F /Applications/Xcode.app/Contents/Developer/Platforms/iPhoneSimulator.platform/Developer/SDKs/iPhoneSimulator26.2.sdk/Developer/Library/Frameworks -no-color-diagnostics -Xcc -fno-color-diagnostics -enable-testing -g -debug-info-format\=dwarf -dwarf-version\=4 -module-cache-path /Users/jpapiez/Library/Developer/Xcode/DerivedData/PrintFarmer-byzwiywlonqvgbabpubbocwdkoyx/Build/Intermediates.noindex/SwiftExplicitPrecompiledModules -profile-generate -profile-coverage-mapping -swift-version 6 -enforce-exclusivity\=checked -Onone -D DEBUG -serialize-debugging-options -const-gather-protocols-file /Users/jpapiez/Library/Developer/Xcode/DerivedData/PrintFarmer-byzwiywlonqvgbabpubbocwdkoyx/Build/Intermediates.noindex/PrintFarmer.build/Debug-iphonesimulator/PrintFarmerTests.build/Objects-normal/arm64/PrintFarmerTests_const_extract_protocols.json -enable-experimental-feature DebugDescriptionMacro -empty-abi-descriptor -validate-clang-modules-once -clang-build-session-file /Users/jpapiez/Library/Developer/Xcode/DerivedData/ModuleCache.noindex/Session.modulevalidation -Xcc -working-directory -Xcc /Users/jpapiez/s/PFarm-Ios -enable-anonymous-context-mangled-names -file-compilation-dir /Users/jpapiez/s/PFarm-Ios -Xcc -D_LIBCPP_HARDENING_MODE\=_LIBCPP_HARDENING_MODE_DEBUG -Xcc -ivfsstatcache -Xcc /Users/jpapiez/Library/Developer/Xcode/DerivedData/SDKStatCaches.noindex/iphonesimulator26.2-23C53-7d00a8b37fbd7999ea79df8ebc024bf0.sdkstatcache -Xcc -I/Users/jpapiez/Library/Developer/Xcode/DerivedData/PrintFarmer-byzwiywlonqvgbabpubbocwdkoyx/Build/Intermediates.noindex/PrintFarmer.build/Debug-iphonesimulator/PrintFarmerTests.build/swift-overrides.hmap -Xcc -iquote -Xcc /Users/jpapiez/Library/Developer/Xcode/DerivedData/PrintFarmer-byzwiywlonqvgbabpubbocwdkoyx/Build/Intermediates.noindex/PrintFarmer.build/Debug-iphonesimulator/PrintFarmerTests.build/PrintFarmerTests-generated-files.hmap -Xcc -I/Users/jpapiez/Library/Developer/Xcode/DerivedData/PrintFarmer-byzwiywlonqvgbabpubbocwdkoyx/Build/Intermediates.noindex/PrintFarmer.build/Debug-iphonesimulator/PrintFarmerTests.build/PrintFarmerTests-own-target-headers.hmap -Xcc -I/Users/jpapiez/Library/Developer/Xcode/DerivedData/PrintFarmer-byzwiywlonqvgbabpubbocwdkoyx/Build/Intermediates.noindex/PrintFarmer.build/Debug-iphonesimulator/PrintFarmerTests.build/PrintFarmerTests-all-non-framework-target-headers.hmap -Xcc -ivfsoverlay -Xcc /Users/jpapiez/Library/Developer/Xcode/DerivedData/PrintFarmer-byzwiywlonqvgbabpubbocwdkoyx/Build/Intermediates.noindex/PrintFarmer.build/Debug-iphonesimulator/PrintFarmer-b2cc81fe91e9a52faac3958ec00b5b54-VFS-iphonesimulator/all-product-headers.yaml -Xcc -iquote -Xcc /Users/jpapiez/Library/Developer/Xcode/DerivedData/PrintFarmer-byzwiywlonqvgbabpubbocwdkoyx/Build/Intermediates.noindex/PrintFarmer.build/Debug-iphonesimulator/PrintFarmerTests.build/PrintFarmerTests-project-headers.hmap -Xcc -I/Users/jpapiez/Library/Developer/Xcode/DerivedData/PrintFarmer-byzwiywlonqvgbabpubbocwdkoyx/Build/Products/Debug-iphonesimulator/include -Xcc -I/Users/jpapiez/Library/Developer/Xcode/DerivedData/PrintFarmer-byzwiywlonqvgbabpubbocwdkoyx/Build/Intermediates.noindex/PrintFarmer.build/Debug-iphonesimulator/PrintFarmerTests.build/DerivedSources-normal/arm64 -Xcc -I/Users/jpapiez/Library/Developer/Xcode/DerivedData/PrintFarmer-byzwiywlonqvgbabpubbocwdkoyx/Build/Intermediates.noindex/PrintFarmer.build/Debug-iphonesimulator/PrintFarmerTests.build/DerivedSources/arm64 -Xcc -I/Users/jpapiez/Library/Developer/Xcode/DerivedData/PrintFarmer-byzwiywlonqvgbabpubbocwdkoyx/Build/Intermediates.noindex/PrintFarmer.build/Debug-iphonesimulator/PrintFarmerTests.build/DerivedSources -Xcc -DDEBUG\=1 -no-auto-bridging-header-chaining -module-name PrintFarmerTests -frontend-parseable-output -disable-clang-spi -target-sdk-version 26.2 -target-sdk-name iphonesimulator26.2 -clang-target arm64-apple-ios26.2-simulator -in-process-plugin-server-path /Applications/Xcode.app/Contents/Developer/Toolchains/XcodeDefault.xctoolchain/usr/lib/swift/host/libSwiftInProcPluginServer.dylib -o /Users/jpapiez/Library/Developer/Xcode/DerivedData/PrintFarmer-byzwiywlonqvgbabpubbocwdkoyx/Build/Intermediates.noindex/PrintFarmer.build/Debug-iphonesimulator/PrintFarmerTests.build/Objects-normal/arm64/MockMaintenanceService.o -o /Users/jpapiez/Library/Developer/Xcode/DerivedData/PrintFarmer-byzwiywlonqvgbabpubbocwdkoyx/Build/Intermediates.noindex/PrintFarmer.build/Debug-iphonesimulator/PrintFarmerTests.build/Objects-normal/arm64/MockAutoPrintService.o -o /Users/jpapiez/Library/Developer/Xcode/DerivedData/PrintFarmer-byzwiywlonqvgbabpubbocwdkoyx/Build/Intermediates.noindex/PrintFarmer.build/Debug-iphonesimulator/PrintFarmerTests.build/Objects-normal/arm64/MockJobAnalyticsService.o -index-unit-output-path /PrintFarmer.build/Debug-iphonesimulator/PrintFarmerTests.build/Objects-normal/arm64/MockMaintenanceService.o -index-unit-output-path /PrintFarmer.build/Debug-iphonesimulator/PrintFarmerTests.build/Objects-normal/arm64/MockAutoPrintService.o -index-unit-output-path /PrintFarmer.build/Debug-iphonesimulator/PrintFarmerTests.build/Objects-normal/arm64/MockJobAnalyticsService.o -index-store-path /Users/jpapiez/Library/Developer/Xcode/DerivedData/PrintFarmer-byzwiywlonqvgbabpubbocwdkoyx/Index.noindex/DataStore -index-system-modules

SwiftCompile normal arm64 /Users/jpapiez/s/PFarm-Ios/PrintFarmerTests/Mocks/MockMaintenanceService.swift (in target 'PrintFarmerTests' from project 'PrintFarmer')
    cd /Users/jpapiez/s/PFarm-Ios
    
/Users/jpapiez/s/PFarm-Ios/PrintFarmerTests/Mocks/MockMaintenanceService.swift:4:13: error: type 'MockMaintenanceService' does not conform to protocol 'MaintenanceServiceProtocol'
final class MockMaintenanceService: MaintenanceServiceProtocol, @unchecked Sendable {
            ^
/Users/jpapiez/s/PFarm-Ios/PrintFarmerTests/Mocks/MockMaintenanceService.swift:41:10: note: candidate has non-matching type '(Int, AcknowledgeAlertRequest) async throws -> MaintenanceAlert'
    func acknowledgeAlert(id: Int, request: AcknowledgeAlertRequest) async throws -> MaintenanceAlert {
         ^
/Users/jpapiez/s/PFarm-Ios/PrintFarmerTests/Mocks/MockMaintenanceService.swift:47:10: note: candidate has non-matching type '(Int, ResolveAlertRequest) async throws -> ResolveAlertResponse'
    func resolveAlert(id: Int, request: ResolveAlertRequest) async throws -> ResolveAlertResponse {
         ^
/Users/jpapiez/s/PFarm-Ios/PrintFarmerTests/Mocks/MockMaintenanceService.swift:56:10: note: candidate has non-matching type '(Int, DismissAlertRequest) async throws -> MaintenanceAlert'
    func dismissAlert(id: Int, request: DismissAlertRequest) async throws -> MaintenanceAlert {
         ^
/Users/jpapiez/s/PFarm-Ios/PrintFarmerTests/Mocks/MockMaintenanceService.swift:62:10: note: candidate has non-matching type '(Int, Bool, UUID?) async throws -> [UpcomingMaintenanceTask]'
    func getUpcoming(lookaheadDays: Int, includeOverdue: Bool, printerId: UUID?) async throws -> [UpcomingMaintenanceTask] {
         ^
/Users/jpapiez/s/PFarm-Ios/PrintFarmerTests/Mocks/MockMaintenanceService.swift:80:10: note: candidate has non-matching type '(Int) async throws -> [MaintenanceCost]'
    func getCost(months: Int) async throws -> [MaintenanceCost] {
         ^
/Users/jpapiez/s/PFarm-Ios/PrintFarmerTests/Mocks/MockMaintenanceService.swift:4:13: note: add stubs for conformance
final class MockMaintenanceService: MaintenanceServiceProtocol, @unchecked Sendable {
            ^
PrintFarmer.MaintenanceServiceProtocol.acknowledgeAlert:2:6: note: protocol requires function 'acknowledgeAlert(id:request:)' with type '(UUID, AcknowledgeAlertRequest) async throws -> MaintenanceAlert'
func acknowledgeAlert(id: UUID, request: PrintFarmer.AcknowledgeAlertRequest) async throws -> PrintFarmer.MaintenanceAlert}
     ^
PrintFarmer.MaintenanceServiceProtocol.resolveAlert:2:6: note: protocol requires function 'resolveAlert(id:request:)' with type '(UUID, ResolveAlertRequest) async throws -> ResolveAlertResponse'
func resolveAlert(id: UUID, request: PrintFarmer.ResolveAlertRequest) async throws -> PrintFarmer.ResolveAlertResponse}
     ^
PrintFarmer.MaintenanceServiceProtocol.dismissAlert:2:6: note: protocol requires function 'dismissAlert(id:request:)' with type '(UUID, DismissAlertRequest) async throws -> MaintenanceAlert'
func dismissAlert(id: UUID, request: PrintFarmer.DismissAlertRequest) async throws -> PrintFarmer.MaintenanceAlert}
     ^
PrintFarmer.MaintenanceServiceProtocol.getUpcoming:2:6: note: protocol requires function 'getUpcoming(lookaheadDays:includeOverdue:printerId:)' with type '(Int?, Bool?, UUID?) async throws -> [UpcomingMaintenanceTask]'
func getUpcoming(lookaheadDays: Int?, includeOverdue: Bool?, printerId: UUID?) async throws -> [PrintFarmer.UpcomingMaintenanceTask]}
     ^
PrintFarmer.MaintenanceServiceProtocol.getCost:2:6: note: protocol requires function 'getCost(months:)' with type '(Int?) async throws -> [MaintenanceCost]'
func getCost(months: Int?) async throws -> [PrintFarmer.MaintenanceCost]}
     ^
/Users/jpapiez/s/PFarm-Ios/PrintFarmerTests/Mocks/MockMaintenanceService.swift:50:60: error: incorrect argument label in call (have 'alert:maintenanceLogId:', expected 'alert:maintenanceLog:')
        return resolveAlertResponse ?? ResolveAlertResponse(
                                                           ^
/Users/jpapiez/s/PFarm-Ios/PrintFarmerTests/Mocks/MockMaintenanceService.swift:52:31: error: cannot convert value of type 'Int' to expected argument type 'MaintenanceLog'
            maintenanceLogId: 1
                              ^

SwiftCompile normal arm64 /Users/jpapiez/s/PFarm-Ios/PrintFarmerTests/Mocks/MockAutoPrintService.swift (in target 'PrintFarmerTests' from project 'PrintFarmer')
    cd /Users/jpapiez/s/PFarm-Ios
    

SwiftCompile normal arm64 /Users/jpapiez/s/PFarm-Ios/PrintFarmerTests/Mocks/MockJobAnalyticsService.swift (in target 'PrintFarmerTests' from project 'PrintFarmer')
    cd /Users/jpapiez/s/PFarm-Ios
    
/Users/jpapiez/s/PFarm-Ios/PrintFarmerTests/Mocks/MockJobAnalyticsService.swift:4:13: error: type 'MockJobAnalyticsService' does not conform to protocol 'JobAnalyticsServiceProtocol'
final class MockJobAnalyticsService: JobAnalyticsServiceProtocol, @unchecked Sendable {
            ^
/Users/jpapiez/s/PFarm-Ios/PrintFarmerTests/Mocks/MockJobAnalyticsService.swift:41:10: note: candidate has non-matching type '(Int, Int, String?, [String]?, Date?, Date?) async throws -> QueueHistoryPage'
    func getHistory(limit: Int, offset: Int, sortBy: String?, statuses: [String]?, dateStart: Date?, dateEnd: Date?) async throws -> QueueHistoryPage {
         ^
/Users/jpapiez/s/PFarm-Ios/PrintFarmerTests/Mocks/MockJobAnalyticsService.swift:53:10: note: candidate has non-matching type '(Int) async throws -> JobStateHistory'
    func getJobStateHistory(jobId: Int) async throws -> JobStateHistory {
         ^
/Users/jpapiez/s/PFarm-Ios/PrintFarmerTests/Mocks/MockJobAnalyticsService.swift:4:13: note: add stubs for conformance
final class MockJobAnalyticsService: JobAnalyticsServiceProtocol, @unchecked Sendable {
            ^
PrintFarmer.JobAnalyticsServiceProtocol.getHistory:2:6: note: protocol requires function 'getHistory(limit:offset:sortBy:statuses:dateStart:dateEnd:)' with type '(Int?, Int?, String?, String?, Date?, Date?) async throws -> QueueHistoryPage'
func getHistory(limit: Int?, offset: Int?, sortBy: String?, statuses: String?, dateStart: Date?, dateEnd: Date?) async throws -> PrintFarmer.QueueHistoryPage}
     ^
PrintFarmer.JobAnalyticsServiceProtocol.getJobStateHistory:2:6: note: protocol requires function 'getJobStateHistory(jobId:)' with type '(String) async throws -> JobStateHistory'
func getJobStateHistory(jobId: String) async throws -> PrintFarmer.JobStateHistory}
     ^


Test session results, code coverage, and logs:
	/Users/jpapiez/Library/Developer/Xcode/DerivedData/PrintFarmer-byzwiywlonqvgbabpubbocwdkoyx/Logs/Test/Test-PrintFarmer-2026.03.07_21-40-12--0800.xcresult

Testing failed:
	Type 'MockMaintenanceService' does not conform to protocol 'MaintenanceServiceProtocol'
	Type 'MockJobAnalyticsService' does not conform to protocol 'JobAnalyticsServiceProtocol'
	Type 'MockPredictiveService' does not conform to protocol 'PredictiveServiceProtocol'
	Type 'MockDispatchService' does not conform to protocol 'DispatchServiceProtocol'
	Extra arguments at positions #3, #5 in call
	Missing arguments for parameters 'material', 'estimatedDurationMinutes', 'predictedFailureLikelihood', 'factors' in call
	Incorrect argument labels in call (have 'factorName:factorValue:weight:', expected 'name:value:weight:')
	Cannot convert value of type 'String' to expected argument type 'Double'
	Value of type 'JobFailurePrediction' has no member 'contributingFactors'
	Value of type 'PredictionRequest' has no member 'estimatedDuration'
	Extra arguments at positions #3, #5 in call
	Missing arguments for parameters 'material', 'estimatedDurationMinutes', 'predictedFailureLikelihood', 'factors' in call
	Extra arguments at positions #3, #5 in call
	Missing arguments for parameters 'material', 'estimatedDurationMinutes', 'predictedFailureLikelihood', 'factors' in call
	Conflicting arguments to generic parameter 'T' ('Int' vs. 'Double')
	Extra arguments at positions #3, #5 in call
	Missing arguments for parameters 'material', 'estimatedDurationMinutes', 'predictedFailureLikelihood', 'factors' in call
	Conflicting arguments to generic parameter 'T' ('Int' vs. 'Double')
	Extra arguments at positions #3, #5 in call
	Missing arguments for parameters 'material', 'estimatedDurationMinutes', 'predictedFailureLikelihood', 'factors' in call
	Conflicting arguments to generic parameter 'T' ('Int' vs. 'Double')
	Extra arguments at positions #3, #5 in call
	Missing arguments for parameters 'material', 'estimatedDurationMinutes', 'predictedFailureLikelihood', 'factors' in call
	Conflicting arguments to generic parameter 'T' ('Int' vs. 'Double')
	Extra arguments at positions #3, #5 in call
	Missing arguments for parameters 'material', 'estimatedDurationMinutes', 'predictedFailureLikelihood', 'factors' in call
	Conflicting arguments to generic parameter 'T' ('Int' vs. 'Double')
	Conflicting arguments to generic parameter 'T' ('Int' vs. 'Double')
	Extra arguments at positions #3, #5 in call
	Missing arguments for parameters 'material', 'estimatedDurationMinutes', 'predictedFailureLikelihood', 'factors' in call
	Extra arguments at positions #3, #5 in call
	Missing arguments for parameters 'material', 'estimatedDurationMinutes', 'predictedFailureLikelihood', 'factors' in call
	Extra arguments at positions #3, #5 in call
	Missing arguments for parameters 'material', 'estimatedDurationMinutes', 'predictedFailureLikelihood', 'factors' in call
	Extra arguments at positions #3, #5 in call
	Missing arguments for parameters 'material', 'estimatedDurationMinutes', 'predictedFailureLikelihood', 'factors' in call
	Incorrect argument labels in call (have 'dispatchesLast24h:averageDispatchScore:autoDispatches:failedDispatches:', expected 'dispatchesLast24Hours:averageScoreLast24Hours:autoDispatchesLast24Hours:failedDispatchesLast24Hours:')
	Value of type 'DispatchStats' has no member 'dispatchesLast24h'
	Incorrect argument labels in call (have 'dispatchesLast24h:averageDispatchScore:autoDispatches:failedDispatches:', expected 'dispatchesLast24Hours:averageScoreLast24Hours:autoDispatchesLast24Hours:failedDispatchesLast24Hours:')
	Extra arguments at positions #1, #5, #6, #8 in call
	Missing arguments for parameters 'id', 'printJobId', 'action', 'score', 'createdAtUtc' in call
	Cannot use optional chaining on non-optional value of type '[DispatchHistoryEntry]'
	Value of type '[DispatchHistoryEntry]' has no member 'items'
	Cannot use optional chaining on non-optional value of type '[DispatchHistoryEntry]'
	Value of type '[DispatchHistoryEntry]' has no member 'items'
	Cannot use optional chaining on non-optional value of type '[DispatchHistoryEntry]'
	Value of type '[DispatchHistoryEntry]' has no member 'items'
	Cannot use optional chaining on non-optional value of type '[DispatchHistoryEntry]'
	Value of type '[DispatchHistoryEntry]' has no member 'items'
	Incorrect argument labels in call (have 'dispatchesLast24h:averageDispatchScore:autoDispatches:failedDispatches:', expected 'dispatchesLast24Hours:averageScoreLast24Hours:autoDispatchesLast24Hours:failedDispatchesLast24Hours:')
	Incorrect argument labels in call (have 'dispatchesLast24h:averageDispatchScore:autoDispatches:failedDispatches:', expected 'dispatchesLast24Hours:averageScoreLast24Hours:autoDispatchesLast24Hours:failedDispatchesLast24Hours:')
	Incorrect argument labels in call (have 'dispatchesLast24h:averageDispatchScore:autoDispatches:failedDispatches:', expected 'dispatchesLast24Hours:averageScoreLast24Hours:autoDispatchesLast24Hours:failedDispatchesLast24Hours:')
	Argument 'printerName' must precede argument 'printerId'
	Argument 'printerName' must precede argument 'printerId'
	Extra arguments at positions #1, #2, #3, #4, #5, #6 in call
	Missing argument for parameter 'from' in call
	Value of type 'FleetPrinterStatistics' has no member 'totalJobs'
	Argument 'printerName' must precede argument 'printerId'
	Argument 'printerName' must precede argument 'printerId'
	Argument 'printerName' must precede argument 'printerId'
	Argument 'printerName' must precede argument 'printerId'
	Argument 'printerName' must precede argument 'printerId'
	Argument 'printerName' must precede argument 'printerId'
	Argument 'printerName' must precede argument 'printerId'
	Argument 'printerName' must precede argument 'printerId'
	Argument 'printerName' must precede argument 'printerId'
	Argument 'printerName' must precede argument 'printerId'
	Extra argument 'timestamp' in call
	Missing arguments for parameters 'alertType', 'recommendedAction', 'createdAt', 'acknowledgedBy' in call
	Cannot convert value of type 'Int' to expected argument type 'UUID'
	Extra arguments at positions #5, #7 in call
	Missing arguments for parameters 'componentName', 'estimatedDueDate', 'daysUntilDue', 'isOverdue' in call
	Cannot convert value of type 'Int' to expected argument type 'UUID'
	Conflicting arguments to generic parameter 'T' ('UUID?' vs. 'Int')
	Conflicting arguments to generic parameter 'T' ('UUID?' vs. 'Int')
	Argument 'printerName' must precede argument 'printerId'
	Extra arguments at positions #3, #4 in call
	Extra argument 'timestamp' in call
	Missing arguments for parameters 'alertType', 'recommendedAction', 'createdAt', 'acknowledgedBy' in call
	Cannot convert value of type 'Int' to expected argument type 'UUID'
	Extra argument 'timestamp' in call
	Missing arguments for parameters 'alertType', 'recommendedAction', 'createdAt', 'acknowledgedBy' in call
	Cannot convert value of type 'Int' to expected argument type 'UUID'
	Extra argument 'timestamp' in call
	Missing arguments for parameters 'alertType', 'recommendedAction', 'createdAt', 'acknowledgedBy' in call
	Cannot convert value of type 'Int' to expected argument type 'UUID'
	Extra argument 'timestamp' in call
	Missing arguments for parameters 'alertType', 'recommendedAction', 'createdAt', 'acknowledgedBy' in call
	Cannot convert value of type 'Int' to expected argument type 'UUID'
	Extra argument 'timestamp' in call
	Missing arguments for parameters 'alertType', 'recommendedAction', 'createdAt', 'acknowledgedBy' in call
	Cannot convert value of type 'Int' to expected argument type 'UUID'
	Extra argument 'timestamp' in call
	Missing arguments for parameters 'alertType', 'recommendedAction', 'createdAt', 'acknowledgedBy' in call
	Cannot convert value of type 'Int' to expected argument type 'UUID'
	Extra argument 'timestamp' in call
	Missing arguments for parameters 'alertType', 'recommendedAction', 'createdAt', 'acknowledgedBy' in call
	Cannot convert value of type 'Int' to expected argument type 'UUID'
	Extra argument 'timestamp' in call
	Missing arguments for parameters 'alertType', 'recommendedAction', 'createdAt', 'acknowledgedBy' in call
	Cannot convert value of type 'Int' to expected argument type 'UUID'
	Extra argument 'timestamp' in call
	Missing arguments for parameters 'alertType', 'recommendedAction', 'createdAt', 'acknowledgedBy' in call
	Cannot convert value of type 'Int' to expected argument type 'UUID'
	Conflicting arguments to generic parameter 'T' ('UUID?' vs. 'Int')
	Extra arguments at positions #5, #7 in call
	Missing arguments for parameters 'componentName', 'estimatedDueDate', 'daysUntilDue', 'isOverdue' in call
	Cannot convert value of type 'Int' to expected argument type 'UUID'
	Extra arguments at positions #5, #7 in call
	Missing arguments for parameters 'componentName', 'estimatedDueDate', 'daysUntilDue', 'isOverdue' in call
	Cannot convert value of type 'Int' to expected argument type 'UUID'
	Conflicting arguments to generic parameter 'T' ('UUID?' vs. 'Int')
	Conflicting arguments to generic parameter 'T' ('UUID?' vs. 'Int')
	Incorrect argument label in call (have 'alert:maintenanceLogId:', expected 'alert:maintenanceLog:')
	Cannot convert value of type 'Int' to expected argument type 'MaintenanceLog'
	Testing cancelled because the build failed.

** TEST FAILED **


The following build commands failed:
	EmitSwiftModule normal arm64 (in target 'PrintFarmerTests' from project 'PrintFarmer')
	SwiftEmitModule normal arm64 Emitting\ module\ for\ PrintFarmerTests (in target 'PrintFarmerTests' from project 'PrintFarmer')
	SwiftCompile normal arm64 /Users/jpapiez/s/PFarm-Ios/PrintFarmerTests/ViewModels/PredictiveViewModelTests.swift (in target 'PrintFarmerTests' from project 'PrintFarmer')
	SwiftCompile normal arm64 /Users/jpapiez/s/PFarm-Ios/PrintFarmerTests/ViewModels/DispatchViewModelTests.swift (in target 'PrintFarmerTests' from project 'PrintFarmer')
	SwiftCompile normal arm64 /Users/jpapiez/s/PFarm-Ios/PrintFarmerTests/ViewModels/UptimeViewModelTests.swift (in target 'PrintFarmerTests' from project 'PrintFarmer')
	SwiftCompile normal arm64 Compiling\ PredictiveViewModelTests.swift,\ DispatchViewModelTests.swift,\ UptimeViewModelTests.swift /Users/jpapiez/s/PFarm-Ios/PrintFarmerTests/ViewModels/PredictiveViewModelTests.swift /Users/jpapiez/s/PFarm-Ios/PrintFarmerTests/ViewModels/DispatchViewModelTests.swift /Users/jpapiez/s/PFarm-Ios/PrintFarmerTests/ViewModels/UptimeViewModelTests.swift (in target 'PrintFarmerTests' from project 'PrintFarmer')
	SwiftCompile normal arm64 /Users/jpapiez/s/PFarm-Ios/PrintFarmerTests/Mocks/MockPredictiveService.swift (in target 'PrintFarmerTests' from project 'PrintFarmer')
	SwiftCompile normal arm64 /Users/jpapiez/s/PFarm-Ios/PrintFarmerTests/Mocks/MockDispatchService.swift (in target 'PrintFarmerTests' from project 'PrintFarmer')
	SwiftCompile normal arm64 /Users/jpapiez/s/PFarm-Ios/PrintFarmerTests/ViewModels/MaintenanceViewModelTests.swift (in target 'PrintFarmerTests' from project 'PrintFarmer')
	SwiftCompile normal arm64 Compiling\ MockPredictiveService.swift,\ MockDispatchService.swift,\ MaintenanceViewModelTests.swift /Users/jpapiez/s/PFarm-Ios/PrintFarmerTests/Mocks/MockPredictiveService.swift /Users/jpapiez/s/PFarm-Ios/PrintFarmerTests/Mocks/MockDispatchService.swift /Users/jpapiez/s/PFarm-Ios/PrintFarmerTests/ViewModels/MaintenanceViewModelTests.swift (in target 'PrintFarmerTests' from project 'PrintFarmer')
	SwiftCompile normal arm64 Compiling\ MockMaintenanceService.swift,\ MockAutoPrintService.swift,\ MockJobAnalyticsService.swift /Users/jpapiez/s/PFarm-Ios/PrintFarmerTests/Mocks/MockMaintenanceService.swift /Users/jpapiez/s/PFarm-Ios/PrintFarmerTests/Mocks/MockAutoPrintService.swift /Users/jpapiez/s/PFarm-Ios/PrintFarmerTests/Mocks/MockJobAnalyticsService.swift (in target 'PrintFarmerTests' from project 'PrintFarmer')
	SwiftCompile normal arm64 /Users/jpapiez/s/PFarm-Ios/PrintFarmerTests/Mocks/MockMaintenanceService.swift (in target 'PrintFarmerTests' from project 'PrintFarmer')
	SwiftCompile normal arm64 /Users/jpapiez/s/PFarm-Ios/PrintFarmerTests/Mocks/MockJobAnalyticsService.swift (in target 'PrintFarmerTests' from project 'PrintFarmer')
	Testing project PrintFarmer with scheme PrintFarmer
(14 failures)
